Archive member included to satisfy reference by file (symbol)

C:/ST/STM32CubeIDE_1.18.0/STM32CubeIDE/plugins/com.st.stm32cube.ide.mcu.externaltools.gnu-tools-for-stm32.13.3.rel1.win32_1.0.0.202411081344/tools/bin/../lib/gcc/arm-none-eabi/13.3.1/../../../../arm-none-eabi/lib/thumb/v7e-m+fp/hard\libc_nano.a(libc_a-exit.o)
                              C:/ST/STM32CubeIDE_1.18.0/STM32CubeIDE/plugins/com.st.stm32cube.ide.mcu.externaltools.gnu-tools-for-stm32.13.3.rel1.win32_1.0.0.202411081344/tools/bin/../lib/gcc/arm-none-eabi/13.3.1/../../../../arm-none-eabi/lib/thumb/v7e-m+fp/hard/crt0.o (exit)
C:/ST/STM32CubeIDE_1.18.0/STM32CubeIDE/plugins/com.st.stm32cube.ide.mcu.externaltools.gnu-tools-for-stm32.13.3.rel1.win32_1.0.0.202411081344/tools/bin/../lib/gcc/arm-none-eabi/13.3.1/../../../../arm-none-eabi/lib/thumb/v7e-m+fp/hard\libc_nano.a(libc_a-findfp.o)
                              C:/ST/STM32CubeIDE_1.18.0/STM32CubeIDE/plugins/com.st.stm32cube.ide.mcu.externaltools.gnu-tools-for-stm32.13.3.rel1.win32_1.0.0.202411081344/tools/bin/../lib/gcc/arm-none-eabi/13.3.1/../../../../arm-none-eabi/lib/thumb/v7e-m+fp/hard\libc_nano.a(libc_a-exit.o) (__stdio_exit_handler)
C:/ST/STM32CubeIDE_1.18.0/STM32CubeIDE/plugins/com.st.stm32cube.ide.mcu.externaltools.gnu-tools-for-stm32.13.3.rel1.win32_1.0.0.202411081344/tools/bin/../lib/gcc/arm-none-eabi/13.3.1/../../../../arm-none-eabi/lib/thumb/v7e-m+fp/hard\libc_nano.a(libc_a-fwalk.o)
                              C:/ST/STM32CubeIDE_1.18.0/STM32CubeIDE/plugins/com.st.stm32cube.ide.mcu.externaltools.gnu-tools-for-stm32.13.3.rel1.win32_1.0.0.202411081344/tools/bin/../lib/gcc/arm-none-eabi/13.3.1/../../../../arm-none-eabi/lib/thumb/v7e-m+fp/hard\libc_nano.a(libc_a-findfp.o) (_fwalk_sglue)
C:/ST/STM32CubeIDE_1.18.0/STM32CubeIDE/plugins/com.st.stm32cube.ide.mcu.externaltools.gnu-tools-for-stm32.13.3.rel1.win32_1.0.0.202411081344/tools/bin/../lib/gcc/arm-none-eabi/13.3.1/../../../../arm-none-eabi/lib/thumb/v7e-m+fp/hard\libc_nano.a(libc_a-stdio.o)
                              C:/ST/STM32CubeIDE_1.18.0/STM32CubeIDE/plugins/com.st.stm32cube.ide.mcu.externaltools.gnu-tools-for-stm32.13.3.rel1.win32_1.0.0.202411081344/tools/bin/../lib/gcc/arm-none-eabi/13.3.1/../../../../arm-none-eabi/lib/thumb/v7e-m+fp/hard\libc_nano.a(libc_a-findfp.o) (__sread)
C:/ST/STM32CubeIDE_1.18.0/STM32CubeIDE/plugins/com.st.stm32cube.ide.mcu.externaltools.gnu-tools-for-stm32.13.3.rel1.win32_1.0.0.202411081344/tools/bin/../lib/gcc/arm-none-eabi/13.3.1/../../../../arm-none-eabi/lib/thumb/v7e-m+fp/hard\libc_nano.a(libc_a-vsnprintf.o)
                              ./Core/Src/main.o (vsnprintf)
C:/ST/STM32CubeIDE_1.18.0/STM32CubeIDE/plugins/com.st.stm32cube.ide.mcu.externaltools.gnu-tools-for-stm32.13.3.rel1.win32_1.0.0.202411081344/tools/bin/../lib/gcc/arm-none-eabi/13.3.1/../../../../arm-none-eabi/lib/thumb/v7e-m+fp/hard\libc_nano.a(libc_a-memset.o)
                              C:/ST/STM32CubeIDE_1.18.0/STM32CubeIDE/plugins/com.st.stm32cube.ide.mcu.externaltools.gnu-tools-for-stm32.13.3.rel1.win32_1.0.0.202411081344/tools/bin/../lib/gcc/arm-none-eabi/13.3.1/../../../../arm-none-eabi/lib/thumb/v7e-m+fp/hard/crt0.o (memset)
C:/ST/STM32CubeIDE_1.18.0/STM32CubeIDE/plugins/com.st.stm32cube.ide.mcu.externaltools.gnu-tools-for-stm32.13.3.rel1.win32_1.0.0.202411081344/tools/bin/../lib/gcc/arm-none-eabi/13.3.1/../../../../arm-none-eabi/lib/thumb/v7e-m+fp/hard\libc_nano.a(libc_a-closer.o)
                              C:/ST/STM32CubeIDE_1.18.0/STM32CubeIDE/plugins/com.st.stm32cube.ide.mcu.externaltools.gnu-tools-for-stm32.13.3.rel1.win32_1.0.0.202411081344/tools/bin/../lib/gcc/arm-none-eabi/13.3.1/../../../../arm-none-eabi/lib/thumb/v7e-m+fp/hard\libc_nano.a(libc_a-stdio.o) (_close_r)
C:/ST/STM32CubeIDE_1.18.0/STM32CubeIDE/plugins/com.st.stm32cube.ide.mcu.externaltools.gnu-tools-for-stm32.13.3.rel1.win32_1.0.0.202411081344/tools/bin/../lib/gcc/arm-none-eabi/13.3.1/../../../../arm-none-eabi/lib/thumb/v7e-m+fp/hard\libc_nano.a(libc_a-reent.o)
                              C:/ST/STM32CubeIDE_1.18.0/STM32CubeIDE/plugins/com.st.stm32cube.ide.mcu.externaltools.gnu-tools-for-stm32.13.3.rel1.win32_1.0.0.202411081344/tools/bin/../lib/gcc/arm-none-eabi/13.3.1/../../../../arm-none-eabi/lib/thumb/v7e-m+fp/hard\libc_nano.a(libc_a-closer.o) (errno)
C:/ST/STM32CubeIDE_1.18.0/STM32CubeIDE/plugins/com.st.stm32cube.ide.mcu.externaltools.gnu-tools-for-stm32.13.3.rel1.win32_1.0.0.202411081344/tools/bin/../lib/gcc/arm-none-eabi/13.3.1/../../../../arm-none-eabi/lib/thumb/v7e-m+fp/hard\libc_nano.a(libc_a-impure.o)
                              C:/ST/STM32CubeIDE_1.18.0/STM32CubeIDE/plugins/com.st.stm32cube.ide.mcu.externaltools.gnu-tools-for-stm32.13.3.rel1.win32_1.0.0.202411081344/tools/bin/../lib/gcc/arm-none-eabi/13.3.1/../../../../arm-none-eabi/lib/thumb/v7e-m+fp/hard\libc_nano.a(libc_a-vsnprintf.o) (_impure_ptr)
[...]
Memory Configuration

Name             Origin             Length             Attributes
RAM              0x20000000         0x00008000         xrw
RAM2             0x10000000         0x00002000         xrw
FLASH            0x08000000         0x00020000         xr
*default*        0x00000000         0xffffffff

Linker script and memory map

LOAD C:/ST/STM32CubeIDE_1.18.0/STM32CubeIDE/plugins/com.st.stm32cube.ide.mcu.externaltools.gnu-tools-for-stm32.13.3.rel1.win32_1.0.0.202411081344/tools/bin/../lib/gcc/arm-none-eabi/13.3.1/thumb/v7e-m+fp/hard/crti.o
LOAD C:/ST/STM32CubeIDE_1.18.0/STM32CubeIDE/plugins/com.st.stm32cube.ide.mcu.externaltools.gnu-tools-for-stm32.13.3.rel1.win32_1.0.0.202411081344/tools/bin/../lib/gcc/arm-none-eabi/13.3.1/thumb/v7e-m+fp/hard/crtbegin.o
LOAD C:/ST/STM32CubeIDE_1.18.0/STM32CubeIDE/plugins/com.st.stm32cube.ide.mcu.externaltools.gnu-tools-for-stm32.13.3.rel1.win32_1.0.0.202411081344/tools/bin/../lib/gcc/arm-none-eabi/13.3.1/../../../../arm-none-eabi/lib/thumb/v7e-m+fp/hard/crt0.o
LOAD ./Core/Src/main.o
LOAD ./Core/Src/stm32l4xx_hal_msp.o
LOAD ./Core/Src/stm32l4xx_it.o
LOAD ./Core/Src/syscalls.o
LOAD ./Core/Src/sysmem.o
LOAD ./Core/Src/system_stm32l4xx.o
LOAD ./Core/Startup/startup_stm32l412cbtx.o
LOAD ./Drivers/STM32L4xx_HAL_Driver/Src/stm32l4xx_hal.o
LOAD ./Drivers/STM32L4xx_HAL_Driver/Src/stm32l4xx_hal_cortex.o
LOAD ./Drivers/STM32L4xx_HAL_Driver/Src/stm32l4xx_hal_dma.o
LOAD ./Drivers/STM32L4xx_HAL_Driver/Src/stm32l4xx_hal_dma_ex.o
LOAD ./Drivers/STM32L4xx_HAL_Driver/Src/stm32l4xx_hal_exti.o
LOAD ./Drivers/STM32L4xx_HAL_Driver/Src/stm32l4xx_hal_flash.o
LOAD ./Drivers/STM32L4xx_HAL_Driver/Src/stm32l4xx_hal_flash_ex.o
LOAD ./Drivers/STM32L4xx_HAL_Driver/Src/stm32l4xx_hal_flash_ramfunc.o
LOAD ./Drivers/STM32L4xx_HAL_Driver/Src/stm32l4xx_hal_gpio.o
LOAD ./Drivers/STM32L4xx_HAL_Driver/Src/stm32l4xx_hal_i2c.o
LOAD ./Drivers/STM32L4xx_HAL_Driver/Src/stm32l4xx_hal_i2c_ex.o
LOAD ./Drivers/STM32L4xx_HAL_Driver/Src/stm32l4xx_hal_pcd.o
LOAD ./Drivers/STM32L4xx_HAL_Driver/Src/stm32l4xx_hal_pcd_ex.o
LOAD ./Drivers/STM32L4xx_HAL_Driver/Src/stm32l4xx_hal_pwr.o
LOAD ./Drivers/STM32L4xx_HAL_Driver/Src/stm32l4xx_hal_pwr_ex.o
LOAD ./Drivers/STM32L4xx_HAL_Driver/Src/stm32l4xx_hal_rcc.o
LOAD ./Drivers/STM32L4xx_HAL_Driver/Src/stm32l4xx_hal_rcc_ex.o
LOAD ./Drivers/STM32L4xx_HAL_Driver/Src/stm32l4xx_hal_uart.o
LOAD ./Drivers/STM32L4xx_HAL_Driver/Src/stm32l4xx_hal_uart_ex.o
LOAD ./Drivers/STM32L4xx_HAL_Driver/Src/stm32l4xx_ll_usb.o
LOAD ./Drivers/tmc/helpers/CRC.o
LOAD ./Drivers/tmc/helpers/Functions.o
LOAD ./Drivers/tmc/ic/TMC9660/TMC9660.o
LOAD ./Drivers/tmc/ramp/LinearRamp.o
LOAD ./Drivers/tmc/ramp/LinearRamp1.o
LOAD ./Drivers/tmc/ramp/Ramp.o
LOAD ./Middlewares/ST/STM32_USB_Device_Library/Class/CDC/Src/usbd_cdc.o
LOAD ./Middlewares/ST/STM32_USB_Device_Library/Core/Src/usbd_core.o
LOAD ./Middlewares/ST/STM32_USB_Device_Library/Core/Src/usbd_ctlreq.o
LOAD ./Middlewares/ST/STM32_USB_Device_Library/Core/Src/usbd_ioreq.o
LOAD ./USB_DEVICE/App/usb_device.o
LOAD ./USB_DEVICE/App/usbd_cdc_if.o
LOAD ./USB_DEVICE/App/usbd_desc.o
LOAD ./USB_DEVICE/Target/usbd_conf.o
START GROUP
LOAD C:/ST/STM32CubeIDE_1.18.0/STM32CubeIDE/plugins/com.st.stm32cube.ide.mcu.externaltools.gnu-tools-for-stm32.13.3.rel1.win32_1.0.0.202411081344/tools/bin/../lib/gcc/arm-none-eabi/13.3.1/../../../../arm-none-eabi/lib/thumb/v7e-m+fp/hard\libc_nano.a
LOAD C:/ST/STM32CubeIDE_1.18.0/STM32CubeIDE/plugins/com.st.stm32cube.ide.mcu.externaltools.gnu-tools-for-stm32.13.3.rel1.win32_1.0.0.202411081344/tools/bin/../lib/gcc/arm-none-eabi/13.3.1/../../../../arm-none-eabi/lib/thumb/v7e-m+fp/hard\libm.a
END GROUP
START GROUP
LOAD C:/ST/STM32CubeIDE_1.18.0/STM32CubeIDE/plugins/com.st.stm32cube.ide.mcu.externaltools.gnu-tools-for-stm32.13.3.rel1.win32_1.0.0.202411081344/tools/bin/../lib/gcc/arm-none-eabi/13.3.1/thumb/v7e-m+fp/hard\libgcc.a
LOAD C:/ST/STM32CubeIDE_1.18.0/STM32CubeIDE/plugins/com.st.stm32cube.ide.mcu.externaltools.gnu-tools-for-stm32.13.3.rel1.win32_1.0.0.202411081344/tools/bin/../lib/gcc/arm-none-eabi/13.3.1/../../../../arm-none-eabi/lib/thumb/v7e-m+fp/hard\libc_nano.a
END GROUP
START GROUP
LOAD C:/ST/STM32CubeIDE_1.18.0/STM32CubeIDE/plugins/com.st.stm32cube.ide.mcu.externaltools.gnu-tools-for-stm32.13.3.rel1.win32_1.0.0.202411081344/tools/bin/../lib/gcc/arm-none-eabi/13.3.1/thumb/v7e-m+fp/hard\libgcc.a
LOAD C:/ST/STM32CubeIDE_1.18.0/STM32CubeIDE/plugins/com.st.stm32cube.ide.mcu.externaltools.gnu-tools-for-stm32.13.3.rel1.win32_1.0.0.202411081344/tools/bin/../lib/gcc/arm-none-eabi/13.3.1/../../../../arm-none-eabi/lib/thumb/v7e-m+fp/hard\libc_nano.a
LOAD C:/ST/STM32CubeIDE_1.18.0/STM32CubeIDE/plugins/com.st.stm32cube.ide.mcu.externaltools.gnu-tools-for-stm32.13.3.rel1.win32_1.0.0.202411081344/tools/bin/../lib/gcc/arm-none-eabi/13.3.1/../../../../arm-none-eabi/lib/thumb/v7e-m+fp/hard\libnosys.a
END GROUP
START GROUP
LOAD C:/ST/STM32CubeIDE_1.18.0/STM32CubeIDE/plugins/com.st.stm32cube.ide.mcu.externaltools.gnu-tools-for-stm32.13.3.rel1.win32_1.0.0.202411081344/tools/bin/../lib/gcc/arm-none-eabi/13.3.1/thumb/v7e-m+fp/hard\libgcc.a
LOAD C:/ST/STM32CubeIDE_1.18.0/STM32CubeIDE/plugins/com.st.stm32cube.ide.mcu.externaltools.gnu-tools-for-stm32.13.3.rel1.win32_1.0.0.202411081344/tools/bin/../lib/gcc/arm-none-eabi/13.3.1/../../../../arm-none-eabi/lib/thumb/v7e-m+fp/hard\libc_nano.a
LOAD C:/ST/STM32CubeIDE_1.18.0/STM32CubeIDE/plugins/com.st.stm32cube.ide.mcu.externaltools.gnu-tools-for-stm32.13.3.rel1.win32_1.0.0.202411081344/tools/bin/../lib/gcc/arm-none-eabi/13.3.1/../../../../arm-none-eabi/lib/thumb/v7e-m+fp/hard\libnosys.a
END GROUP
LOAD C:/ST/STM32CubeIDE_1.18.0/STM32CubeIDE/plugins/com.st.stm32cube.ide.mcu.externaltools.gnu-tools-for-stm32.13.3.rel1.win32_1.0.0.202411081344/tools/bin/../lib/gcc/arm-none-eabi/13.3.1/thumb/v7e-m+fp/hard/crtend.o
LOAD C:/ST/STM32CubeIDE_1.18.0/STM32CubeIDE/plugins/com.st.stm32cube.ide.mcu.externaltools.gnu-tools-for-stm32.13.3.rel1.win32_1.0.0.202411081344/tools/bin/../lib/gcc/arm-none-eabi/13.3.1/thumb/v7e-m+fp/hard/crtn.o
                0x20008000                        _estack = (ORIGIN (RAM) + LENGTH (RAM))
                0x00000200                        _Min_Heap_Size = 0x200
                0x00000400                        _Min_Stack_Size = 0x400

.isr_vector     0x08000000      0x18c
                0x08000000                        . = ALIGN (0x4)
 *(.isr_vector)
 .isr_vector    0x08000000      0x18c ./Core/Startup/startup_stm32l412cbtx.o
                0x08000000                g_pfnVectors
                0x0800018c                        . = ALIGN (0x4)

.text           0x08000190     0xafbc
                0x08000190                        . = ALIGN (0x4)
 *(.text)
 .text          0x08000190       0x40 C:/ST/STM32CubeIDE_1.18.0/STM32CubeIDE/plugins/com.st.stm32cube.ide.mcu.externaltools.gnu-tools-for-stm32.13.3.rel1.win32_1.0.0.202411081344/tools/bin/../lib/gcc/arm-none-eabi/13.3.1/thumb/v7e-m+fp/hard/crtbegin.o
 .text          0x080001d0       0xa0 C:/ST/STM32CubeIDE_1.18.0/STM32CubeIDE/plugins/com.st.stm32cube.ide.mcu.externaltools.gnu-tools-for-stm32.13.3.rel1.win32_1.0.0.202411081344/tools/bin/../lib/gcc/arm-none-eabi/13.3.1/../../../../arm-none-eabi/lib/thumb/v7e-m+fp/hard\libc_nano.a(libc_a-memchr.o)
                0x080001d0                memchr
 .text          0x08000270       0x30 C:/ST/STM32CubeIDE_1.18.0/STM32CubeIDE/plugins/com.st.stm32cube.ide.mcu.externaltools.gnu-tools-for-stm32.13.3.rel1.win32_1.0.0.202411081344/tools/bin/../lib/gcc/arm-none-eabi/13.3.1/thumb/v7e-m+fp/hard\libgcc.a(_aeabi_uldivmod.o)
                0x08000270                __aeabi_uldivmod
 .text          0x080002a0      0x2f8 C:/ST/STM32CubeIDE_1.18.0/STM32CubeIDE/plugins/com.st.stm32cube.ide.mcu.externaltools.gnu-tools-for-stm32.13.3.rel1.win32_1.0.0.202411081344/tools/bin/../lib/gcc/arm-none-eabi/13.3.1/thumb/v7e-m+fp/hard\libgcc.a(_udivmoddi4.o)
                0x080002a0                __udivmoddi4
 .text          0x08000598        0x4 C:/ST/STM32CubeIDE_1.18.0/STM32CubeIDE/plugins/com.st.stm32cube.ide.mcu.externaltools.gnu-tools-for-stm32.13.3.rel1.win32_1.0.0.202411081344/tools/bin/../lib/gcc/arm-none-eabi/13.3.1/thumb/v7e-m+fp/hard\libgcc.a(_dvmd_tls.o)
                0x08000598                __aeabi_idiv0
                0x08000598                __aeabi_ldiv0
 *(.text*)
 .text.field_update32
                0x0800059c       0x38 ./Core/Src/main.o
 .text.field_update16
                0x080005d4       0x42 ./Core/Src/main.o
 .text.tmc_getMicrosecondTimestamp
                0x08000616       0x16 ./Core/Src/main.o
                0x08000616                tmc_getMicrosecondTimestamp
 .text.tmc9660_getBusType
                0x0800062c       0x18 ./Core/Src/main.o
                0x0800062c                tmc9660_getBusType
 .text.tmc9660_getBusAddresses
                0x08000644       0x30 ./Core/Src/main.o
                0x08000644                tmc9660_getBusAddresses
 .text.tmc9660_readWriteUART
                0x08000674       0x8c ./Core/Src/main.o
                0x08000674                tmc9660_readWriteUART
 .text.UART_Printf
                0x08000700       0x46 ./Core/Src/main.o
                0x08000700                UART_Printf
 *fill*         0x08000746        0x2 
 .text.ERR_Handler
                0x08000748       0x18 ./Core/Src/main.o
                0x08000748                ERR_Handler
 .text.tmc9660_app_GotoBootMode
                0x08000760       0x54 ./Core/Src/main.o
                0x08000760                tmc9660_app_GotoBootMode
 .text.tmc9660_app_alignQBL5704HallOffset
                0x080007b4       0x98 ./Core/Src/main.o
                0x080007b4                tmc9660_app_alignQBL5704HallOffset
 .text.main     0x0800084c      0xdd4 ./Core/Src/main.o
                0x0800084c                main
 .text.SystemClock_Config
                0x08001620       0xaa ./Core/Src/main.o
                0x08001620                SystemClock_Config
 *fill*         0x080016ca        0x2 
 .text.MX_USART1_UART_Init
                0x080016cc       0x60 ./Core/Src/main.o
 .text.MX_GPIO_Init
                0x0800172c      0x1d4 ./Core/Src/main.o
 .text.Error_Handler
                0x08001900        0xc ./Core/Src/main.o
                0x08001900                Error_Handler
 .text.HAL_MspInit
                0x0800190c       0x48 ./Core/Src/stm32l4xx_hal_msp.o
                0x0800190c                HAL_MspInit
 .text.HAL_UART_MspInit
                0x08001954       0xb0 ./Core/Src/stm32l4xx_hal_msp.o
                0x08001954                HAL_UART_MspInit
 .text.NMI_Handler
                0x08001a04        0x8 ./Core/Src/stm32l4xx_it.o
                0x08001a04                NMI_Handler
 .text.HardFault_Handler
                0x08001a0c        0x8 ./Core/Src/stm32l4xx_it.o
                0x08001a0c                HardFault_Handler
 .text.MemManage_Handler
                0x08001a14        0x8 ./Core/Src/stm32l4xx_it.o
                0x08001a14                MemManage_Handler
 .text.BusFault_Handler
                0x08001a1c        0x8 ./Core/Src/stm32l4xx_it.o
                0x08001a1c                BusFault_Handler
 .text.UsageFault_Handler
                0x08001a24        0x8 ./Core/Src/stm32l4xx_it.o
                0x08001a24                UsageFault_Handler
 .text.SVC_Handler
                0x08001a2c        0xe ./Core/Src/stm32l4xx_it.o
                0x08001a2c                SVC_Handler
 .text.DebugMon_Handler
                0x08001a3a        0xe ./Core/Src/stm32l4xx_it.o
                0x08001a3a                DebugMon_Handler
 .text.PendSV_Handler
                0x08001a48        0xe ./Core/Src/stm32l4xx_it.o
                0x08001a48                PendSV_Handler
 .text.SysTick_Handler
                0x08001a56        0xc ./Core/Src/stm32l4xx_it.o
                0x08001a56                SysTick_Handler
 *fill*         0x08001a62        0x2 
 .text.USB_IRQHandler
                0x08001a64       0x14 ./Core/Src/stm32l4xx_it.o
                0x08001a64                USB_IRQHandler
 .text._sbrk    0x08001a78       0x6c ./Core/Src/sysmem.o
                0x08001a78                _sbrk
 .text.SystemInit
                0x08001ae4       0x24 ./Core/Src/system_stm32l4xx.o
                0x08001ae4                SystemInit
 .text.Reset_Handler
                0x08001b08       0x50 ./Core/Startup/startup_stm32l412cbtx.o
                0x08001b08                Reset_Handler
 .text.Default_Handler
                0x08001b58        0x2 ./Core/Startup/startup_stm32l412cbtx.o
                0x08001b58                RTC_Alarm_IRQHandler
                0x08001b58                EXTI2_IRQHandler
                0x08001b58                TIM1_CC_IRQHandler
                0x08001b58                TSC_IRQHandler
                0x08001b58                TIM6_IRQHandler
                0x08001b58                TAMP_STAMP_IRQHandler
                0x08001b58                EXTI3_IRQHandler
                0x08001b58                LPTIM2_IRQHandler
                0x08001b58                I2C3_ER_IRQHandler
                0x08001b58                EXTI0_IRQHandler
                0x08001b58                I2C2_EV_IRQHandler
                0x08001b58                FPU_IRQHandler
                0x08001b58                TIM1_UP_TIM16_IRQHandler
                0x08001b58                ADC1_2_IRQHandler
                0x08001b58                SPI1_IRQHandler
                0x08001b58                DMA2_Channel2_IRQHandler
                0x08001b58                DMA1_Channel4_IRQHandler
                0x08001b58                USART3_IRQHandler
                0x08001b58                DMA1_Channel7_IRQHandler
                0x08001b58                DMA2_Channel1_IRQHandler
                0x08001b58                QUADSPI_IRQHandler
                0x08001b58                I2C1_EV_IRQHandler
                0x08001b58                DMA1_Channel6_IRQHandler
                0x08001b58                DMA2_Channel4_IRQHandler
                0x08001b58                RCC_IRQHandler
                0x08001b58                TIM1_TRG_COM_IRQHandler
                0x08001b58                DMA1_Channel1_IRQHandler
                0x08001b58                Default_Handler
                0x08001b58                DMA2_Channel7_IRQHandler
                0x08001b58                EXTI15_10_IRQHandler
                0x08001b58                I2C3_EV_IRQHandler
                0x08001b58                EXTI9_5_IRQHandler
                0x08001b58                RTC_WKUP_IRQHandler
                0x08001b58                PVD_PVM_IRQHandler
                0x08001b58                SPI2_IRQHandler
                0x08001b58                DMA2_Channel5_IRQHandler
                0x08001b58                CRS_IRQHandler
                0x08001b58                DMA1_Channel5_IRQHandler
                0x08001b58                EXTI4_IRQHandler
                0x08001b58                RNG_IRQHandler
                0x08001b58                DMA1_Channel3_IRQHandler
                0x08001b58                COMP_IRQHandler
                0x08001b58                WWDG_IRQHandler
                0x08001b58                LPUART1_IRQHandler
                0x08001b58                DMA2_Channel6_IRQHandler
                0x08001b58                TIM2_IRQHandler
                0x08001b58                EXTI1_IRQHandler
                0x08001b58                USART2_IRQHandler
                0x08001b58                I2C2_ER_IRQHandler
                0x08001b58                DMA1_Channel2_IRQHandler
                0x08001b58                FLASH_IRQHandler
                0x08001b58                USART1_IRQHandler
                0x08001b58                I2C1_ER_IRQHandler
                0x08001b58                LPTIM1_IRQHandler
                0x08001b58                DMA2_Channel3_IRQHandler
                0x08001b58                TIM1_BRK_TIM15_IRQHandler
 .text.HAL_Init
                0x08001b5a       0x30 ./Drivers/STM32L4xx_HAL_Driver/Src/stm32l4xx_hal.o
                0x08001b5a                HAL_Init
 *fill*         0x08001b8a        0x2 
 .text.HAL_InitTick
                0x08001b8c       0x78 ./Drivers/STM32L4xx_HAL_Driver/Src/stm32l4xx_hal.o
                0x08001b8c                HAL_InitTick
 .text.HAL_IncTick
                0x08001c04       0x28 ./Drivers/STM32L4xx_HAL_Driver/Src/stm32l4xx_hal.o
                0x08001c04                HAL_IncTick
 .text.HAL_GetTick
                0x08001c2c       0x18 ./Drivers/STM32L4xx_HAL_Driver/Src/stm32l4xx_hal.o
                0x08001c2c                HAL_GetTick
 .text.HAL_Delay
                0x08001c44       0x48 ./Drivers/STM32L4xx_HAL_Driver/Src/stm32l4xx_hal.o
                0x08001c44                HAL_Delay
 .text.__NVIC_SetPriorityGrouping
                0x08001c8c       0x48 ./Drivers/STM32L4xx_HAL_Driver/Src/stm32l4xx_hal_cortex.o
 .text.__NVIC_GetPriorityGrouping
                0x08001cd4       0x1c ./Drivers/STM32L4xx_HAL_Driver/Src/stm32l4xx_hal_cortex.o
 .text.__NVIC_EnableIRQ
                0x08001cf0       0x3c ./Drivers/STM32L4xx_HAL_Driver/Src/stm32l4xx_hal_cortex.o
 .text.__NVIC_SetPriority
                0x08001d2c       0x54 ./Drivers/STM32L4xx_HAL_Driver/Src/stm32l4xx_hal_cortex.o
 .text.NVIC_EncodePriority
                0x08001d80       0x66 ./Drivers/STM32L4xx_HAL_Driver/Src/stm32l4xx_hal_cortex.o
 *fill*         0x08001de6        0x2 
 .text.SysTick_Config
                0x08001de8       0x44 ./Drivers/STM32L4xx_HAL_Driver/Src/stm32l4xx_hal_cortex.o
 .text.HAL_NVIC_SetPriorityGrouping
                0x08001e2c       0x16 ./Drivers/STM32L4xx_HAL_Driver/Src/stm32l4xx_hal_cortex.o
                0x08001e2c                HAL_NVIC_SetPriorityGrouping
 .text.HAL_NVIC_SetPriority
                0x08001e42       0x38 ./Drivers/STM32L4xx_HAL_Driver/Src/stm32l4xx_hal_cortex.o
                0x08001e42                HAL_NVIC_SetPriority
 .text.HAL_NVIC_EnableIRQ
                0x08001e7a       0x1c ./Drivers/STM32L4xx_HAL_Driver/Src/stm32l4xx_hal_cortex.o
                0x08001e7a                HAL_NVIC_EnableIRQ
 .text.HAL_SYSTICK_Config
                0x08001e96       0x18 ./Drivers/STM32L4xx_HAL_Driver/Src/stm32l4xx_hal_cortex.o
                0x08001e96                HAL_SYSTICK_Config
 *fill*         0x08001eae        0x2 
 .text.HAL_GPIO_Init
                0x08001eb0      0x2e4 ./Drivers/STM32L4xx_HAL_Driver/Src/stm32l4xx_hal_gpio.o
                0x08001eb0                HAL_GPIO_Init
 .text.HAL_GPIO_WritePin
                0x08002194       0x30 ./Drivers/STM32L4xx_HAL_Driver/Src/stm32l4xx_hal_gpio.o
                0x08002194                HAL_GPIO_WritePin
 .text.HAL_GPIO_TogglePin
                0x080021c4       0x34 ./Drivers/STM32L4xx_HAL_Driver/Src/stm32l4xx_hal_gpio.o
                0x080021c4                HAL_GPIO_TogglePin
 .text.HAL_PCD_Init
                0x080021f8      0x1fa ./Drivers/STM32L4xx_HAL_Driver/Src/stm32l4xx_hal_pcd.o
                0x080021f8                HAL_PCD_Init
 .text.HAL_PCD_Start
                0x080023f2       0x44 ./Drivers/STM32L4xx_HAL_Driver/Src/stm32l4xx_hal_pcd.o
                0x080023f2                HAL_PCD_Start
 .text.HAL_PCD_IRQHandler
                0x08002436      0x24e ./Drivers/STM32L4xx_HAL_Driver/Src/stm32l4xx_hal_pcd.o
                0x08002436                HAL_PCD_IRQHandler
 .text.HAL_PCD_SetAddress
                0x08002684       0x48 ./Drivers/STM32L4xx_HAL_Driver/Src/stm32l4xx_hal_pcd.o
                0x08002684                HAL_PCD_SetAddress
 .text.HAL_PCD_EP_Open
                0x080026cc       0xbe ./Drivers/STM32L4xx_HAL_Driver/Src/stm32l4xx_hal_pcd.o
                0x080026cc                HAL_PCD_EP_Open
 .text.HAL_PCD_EP_Close
                0x0800278a       0x90 ./Drivers/STM32L4xx_HAL_Driver/Src/stm32l4xx_hal_pcd.o
                0x0800278a                HAL_PCD_EP_Close
 .text.HAL_PCD_EP_Receive
                0x0800281a       0x62 ./Drivers/STM32L4xx_HAL_Driver/Src/stm32l4xx_hal_pcd.o
                0x0800281a                HAL_PCD_EP_Receive
 .text.HAL_PCD_EP_GetRxCount
                0x0800287c       0x30 ./Drivers/STM32L4xx_HAL_Driver/Src/stm32l4xx_hal_pcd.o
                0x0800287c                HAL_PCD_EP_GetRxCount
 .text.HAL_PCD_EP_Transmit
                0x080028ac       0x6e ./Drivers/STM32L4xx_HAL_Driver/Src/stm32l4xx_hal_pcd.o
                0x080028ac                HAL_PCD_EP_Transmit
 .text.HAL_PCD_EP_SetStall
                0x0800291a       0xc0 ./Drivers/STM32L4xx_HAL_Driver/Src/stm32l4xx_hal_pcd.o
                0x0800291a                HAL_PCD_EP_SetStall
 .text.HAL_PCD_EP_ClrStall
                0x080029da       0xa8 ./Drivers/STM32L4xx_HAL_Driver/Src/stm32l4xx_hal_pcd.o
                0x080029da                HAL_PCD_EP_ClrStall
 .text.PCD_EP_ISR_Handler
                0x08002a82      0x710 ./Drivers/STM32L4xx_HAL_Driver/Src/stm32l4xx_hal_pcd.o
 .text.HAL_PCD_EP_DB_Receive
                0x08003192      0x212 ./Drivers/STM32L4xx_HAL_Driver/Src/stm32l4xx_hal_pcd.o
 .text.HAL_PCD_EP_DB_Transmit
                0x080033a4      0x878 ./Drivers/STM32L4xx_HAL_Driver/Src/stm32l4xx_hal_pcd.o
 .text.HAL_PCDEx_PMAConfig
                0x08003c1c       0x86 ./Drivers/STM32L4xx_HAL_Driver/Src/stm32l4xx_hal_pcd_ex.o
                0x08003c1c                HAL_PCDEx_PMAConfig
 .text.HAL_PCDEx_ActivateLPM
                0x08003ca2       0x54 ./Drivers/STM32L4xx_HAL_Driver/Src/stm32l4xx_hal_pcd_ex.o
                0x08003ca2                HAL_PCDEx_ActivateLPM
 *fill*         0x08003cf6        0x2 
 .text.HAL_PWREx_GetVoltageRange
                0x08003cf8       0x1c ./Drivers/STM32L4xx_HAL_Driver/Src/stm32l4xx_hal_pwr_ex.o
                0x08003cf8                HAL_PWREx_GetVoltageRange
 .text.HAL_PWREx_ControlVoltageScaling
                0x08003d14       0xac ./Drivers/STM32L4xx_HAL_Driver/Src/stm32l4xx_hal_pwr_ex.o
                0x08003d14                HAL_PWREx_ControlVoltageScaling
 .text.HAL_PWREx_EnableVddUSB
                0x08003dc0       0x20 ./Drivers/STM32L4xx_HAL_Driver/Src/stm32l4xx_hal_pwr_ex.o
                0x08003dc0                HAL_PWREx_EnableVddUSB
 .text.HAL_RCC_OscConfig
                0x08003de0      0x8c4 ./Drivers/STM32L4xx_HAL_Driver/Src/stm32l4xx_hal_rcc.o
                0x08003de0                HAL_RCC_OscConfig
 .text.HAL_RCC_ClockConfig
                0x080046a4      0x200 ./Drivers/STM32L4xx_HAL_Driver/Src/stm32l4xx_hal_rcc.o
                0x080046a4                HAL_RCC_ClockConfig
 .text.HAL_RCC_GetSysClockFreq
                0x080048a4      0x118 ./Drivers/STM32L4xx_HAL_Driver/Src/stm32l4xx_hal_rcc.o
                0x080048a4                HAL_RCC_GetSysClockFreq
 .text.HAL_RCC_GetHCLKFreq
                0x080049bc       0x18 ./Drivers/STM32L4xx_HAL_Driver/Src/stm32l4xx_hal_rcc.o
                0x080049bc                HAL_RCC_GetHCLKFreq
 .text.HAL_RCC_GetPCLK1Freq
                0x080049d4       0x2c ./Drivers/STM32L4xx_HAL_Driver/Src/stm32l4xx_hal_rcc.o
                0x080049d4                HAL_RCC_GetPCLK1Freq
 .text.HAL_RCC_GetPCLK2Freq
                0x08004a00       0x2c ./Drivers/STM32L4xx_HAL_Driver/Src/stm32l4xx_hal_rcc.o
                0x08004a00                HAL_RCC_GetPCLK2Freq
 .text.RCC_SetFlashLatencyFromMSIRange
                0x08004a2c       0xc0 ./Drivers/STM32L4xx_HAL_Driver/Src/stm32l4xx_hal_rcc.o
 .text.HAL_RCCEx_PeriphCLKConfig
                0x08004aec      0x30c ./Drivers/STM32L4xx_HAL_Driver/Src/stm32l4xx_hal_rcc_ex.o
                0x08004aec                HAL_RCCEx_PeriphCLKConfig
 .text.HAL_UART_Init
                0x08004df8       0x9c ./Drivers/STM32L4xx_HAL_Driver/Src/stm32l4xx_hal_uart.o
                0x08004df8                HAL_UART_Init
 .text.HAL_UART_Transmit
                0x08004e94      0x126 ./Drivers/STM32L4xx_HAL_Driver/Src/stm32l4xx_hal_uart.o
                0x08004e94                HAL_UART_Transmit
 .text.HAL_UART_Receive
                0x08004fba      0x1a0 ./Drivers/STM32L4xx_HAL_Driver/Src/stm32l4xx_hal_uart.o
                0x08004fba                HAL_UART_Receive
 *fill*         0x0800515a        0x2 
 .text.UART_SetConfig
                0x0800515c      0x4b4 ./Drivers/STM32L4xx_HAL_Driver/Src/stm32l4xx_hal_uart.o
                0x0800515c                UART_SetConfig
 .text.UART_AdvFeatureConfig
                0x08005610      0x144 ./Drivers/STM32L4xx_HAL_Driver/Src/stm32l4xx_hal_uart.o
                0x08005610                UART_AdvFeatureConfig
 .text.UART_CheckIdleState
                0x08005754      0x150 ./Drivers/STM32L4xx_HAL_Driver/Src/stm32l4xx_hal_uart.o
                0x08005754                UART_CheckIdleState
 .text.UART_WaitOnFlagUntilTimeout
                0x080058a4       0xda ./Drivers/STM32L4xx_HAL_Driver/Src/stm32l4xx_hal_uart.o
                0x080058a4                UART_WaitOnFlagUntilTimeout
 .text.UART_EndRxTransfer
                0x0800597e       0xc8 ./Drivers/STM32L4xx_HAL_Driver/Src/stm32l4xx_hal_uart.o
 .text.USB_CoreInit
                0x08005a46       0x1c ./Drivers/STM32L4xx_HAL_Driver/Src/stm32l4xx_ll_usb.o
                0x08005a46                USB_CoreInit
 .text.USB_EnableGlobalInt
                0x08005a62       0x2e ./Drivers/STM32L4xx_HAL_Driver/Src/stm32l4xx_ll_usb.o
                0x08005a62                USB_EnableGlobalInt
 .text.USB_DisableGlobalInt
                0x08005a90       0x36 ./Drivers/STM32L4xx_HAL_Driver/Src/stm32l4xx_ll_usb.o
                0x08005a90                USB_DisableGlobalInt
 .text.USB_SetCurrentMode
                0x08005ac6       0x1a ./Drivers/STM32L4xx_HAL_Driver/Src/stm32l4xx_ll_usb.o
                0x08005ac6                USB_SetCurrentMode
 .text.USB_DevInit
                0x08005ae0       0x3c ./Drivers/STM32L4xx_HAL_Driver/Src/stm32l4xx_ll_usb.o
                0x08005ae0                USB_DevInit
 .text.USB_ActivateEndpoint
                0x08005b1c      0x9d0 ./Drivers/STM32L4xx_HAL_Driver/Src/stm32l4xx_ll_usb.o
                0x08005b1c                USB_ActivateEndpoint
 .text.USB_DeactivateEndpoint
                0x080064ec      0x3da ./Drivers/STM32L4xx_HAL_Driver/Src/stm32l4xx_ll_usb.o
                0x080064ec                USB_DeactivateEndpoint
 .text.USB_EPStartXfer
                0x080068c6      0xb5e ./Drivers/STM32L4xx_HAL_Driver/Src/stm32l4xx_ll_usb.o
                0x080068c6                USB_EPStartXfer
 .text.USB_EPSetStall
                0x08007424       0xa2 ./Drivers/STM32L4xx_HAL_Driver/Src/stm32l4xx_ll_usb.o
                0x08007424                USB_EPSetStall
 .text.USB_EPClearStall
                0x080074c6      0x152 ./Drivers/STM32L4xx_HAL_Driver/Src/stm32l4xx_ll_usb.o
                0x080074c6                USB_EPClearStall
 .text.USB_SetDevAddress
                0x08007618       0x28 ./Drivers/STM32L4xx_HAL_Driver/Src/stm32l4xx_ll_usb.o
                0x08007618                USB_SetDevAddress
 .text.USB_DevConnect
                0x08007640       0x2e ./Drivers/STM32L4xx_HAL_Driver/Src/stm32l4xx_ll_usb.o
                0x08007640                USB_DevConnect
 .text.USB_DevDisconnect
                0x0800766e       0x2a ./Drivers/STM32L4xx_HAL_Driver/Src/stm32l4xx_ll_usb.o
                0x0800766e                USB_DevDisconnect
 .text.USB_ReadInterrupts
                0x08007698       0x20 ./Drivers/STM32L4xx_HAL_Driver/Src/stm32l4xx_ll_usb.o
                0x08007698                USB_ReadInterrupts
 .text.USB_EP0_OutStart
                0x080076b8       0x18 ./Drivers/STM32L4xx_HAL_Driver/Src/stm32l4xx_ll_usb.o
                0x080076b8                USB_EP0_OutStart
 .text.USB_WritePMA
                0x080076d0       0x86 ./Drivers/STM32L4xx_HAL_Driver/Src/stm32l4xx_ll_usb.o
                0x080076d0                USB_WritePMA
 .text.USB_ReadPMA
                0x08007756       0x98 ./Drivers/STM32L4xx_HAL_Driver/Src/stm32l4xx_ll_usb.o
                0x08007756                USB_ReadPMA
 .text.tmc_delayMicroseconds
                0x080077ee       0x2a ./Drivers/tmc/ic/TMC9660/TMC9660.o
                0x080077ee                tmc_delayMicroseconds
 .text.tmc9660_bl_sendCommand
                0x08007818       0x46 ./Drivers/tmc/ic/TMC9660/TMC9660.o
                0x08007818                tmc9660_bl_sendCommand
 .text.tmc9660_bl_sendCommand_UART
                0x0800785e       0xb6 ./Drivers/tmc/ic/TMC9660/TMC9660.o
 .text.CRC8     0x08007914       0x9c ./Drivers/tmc/ic/TMC9660/TMC9660.o
 .text.tmc9660_param_sendCommand
                0x080079b0       0x5c ./Drivers/tmc/ic/TMC9660/TMC9660.o
                0x080079b0                tmc9660_param_sendCommand
 .text.tmc9660_param_returnToBootloader
                0x08007a0c       0x3a ./Drivers/tmc/ic/TMC9660/TMC9660.o
                0x08007a0c                tmc9660_param_returnToBootloader
 .text.sendRequestUART
                0x08007a46       0xc4 ./Drivers/tmc/ic/TMC9660/TMC9660.o
 .text.tmc9660_param_sendCommand_UART
                0x08007b0a       0xd0 ./Drivers/tmc/ic/TMC9660/TMC9660.o
 *fill*         0x08007bda        0x2 
 .text.tmc9660_param_returnToBootloader_UART
                0x08007bdc       0x64 ./Drivers/tmc/ic/TMC9660/TMC9660.o
 .text.tmc9660_reg_returnToBootloader
                0x08007c40       0x1c ./Drivers/tmc/ic/TMC9660/TMC9660.o
                0x08007c40                tmc9660_reg_returnToBootloader
 .text.calcParamChecksum
                0x08007c5c       0x3e ./Drivers/tmc/ic/TMC9660/TMC9660.o
 .text.tmc9660_param_getParameter
                0x08007c9a       0x36 ./Drivers/tmc/ic/TMC9660/TMC9660.o
                0x08007c9a                tmc9660_param_getParameter
 .text.tmc9660_param_setParameter
                0x08007cd0       0x3c ./Drivers/tmc/ic/TMC9660/TMC9660.o
                0x08007cd0                tmc9660_param_setParameter
 .text.USBD_CDC_Init
                0x08007d0c      0x1f0 ./Middlewares/ST/STM32_USB_Device_Library/Class/CDC/Src/usbd_cdc.o
 .text.USBD_CDC_DeInit
                0x08007efc      0x104 ./Middlewares/ST/STM32_USB_Device_Library/Class/CDC/Src/usbd_cdc.o
 .text.USBD_CDC_Setup
                0x08008000      0x1b8 ./Middlewares/ST/STM32_USB_Device_Library/Class/CDC/Src/usbd_cdc.o
 .text.USBD_CDC_DataIn
                0x080081b8       0xfe ./Middlewares/ST/STM32_USB_Device_Library/Class/CDC/Src/usbd_cdc.o
 .text.USBD_CDC_DataOut
                0x080082b6       0x70 ./Middlewares/ST/STM32_USB_Device_Library/Class/CDC/Src/usbd_cdc.o
 .text.USBD_CDC_EP0_RxReady
                0x08008326       0x74 ./Middlewares/ST/STM32_USB_Device_Library/Class/CDC/Src/usbd_cdc.o
 *fill*         0x0800839a        0x2 
 .text.USBD_CDC_GetFSCfgDesc
                0x0800839c       0x70 ./Middlewares/ST/STM32_USB_Device_Library/Class/CDC/Src/usbd_cdc.o
 .text.USBD_CDC_GetHSCfgDesc
                0x0800840c       0x70 ./Middlewares/ST/STM32_USB_Device_Library/Class/CDC/Src/usbd_cdc.o
 .text.USBD_CDC_GetOtherSpeedCfgDesc
                0x0800847c       0x70 ./Middlewares/ST/STM32_USB_Device_Library/Class/CDC/Src/usbd_cdc.o
 .text.USBD_CDC_GetDeviceQualifierDescriptor
                0x080084ec       0x20 ./Middlewares/ST/STM32_USB_Device_Library/Class/CDC/Src/usbd_cdc.o
                0x080084ec                USBD_CDC_GetDeviceQualifierDescriptor
 .text.USBD_CDC_RegisterInterface
                0x0800850c       0x34 ./Middlewares/ST/STM32_USB_Device_Library/Class/CDC/Src/usbd_cdc.o
                0x0800850c                USBD_CDC_RegisterInterface
 .text.USBD_CDC_SetTxBuffer
                0x08008540       0x44 ./Middlewares/ST/STM32_USB_Device_Library/Class/CDC/Src/usbd_cdc.o
                0x08008540                USBD_CDC_SetTxBuffer
 .text.USBD_CDC_SetRxBuffer
                0x08008584       0x3a ./Middlewares/ST/STM32_USB_Device_Library/Class/CDC/Src/usbd_cdc.o
                0x08008584                USBD_CDC_SetRxBuffer
 *fill*         0x080085be        0x2 
 .text.USBD_CDC_TransmitPacket
                0x080085c0       0x80 ./Middlewares/ST/STM32_USB_Device_Library/Class/CDC/Src/usbd_cdc.o
                0x080085c0                USBD_CDC_TransmitPacket
 .text.USBD_CDC_ReceivePacket
                0x08008640       0x6c ./Middlewares/ST/STM32_USB_Device_Library/Class/CDC/Src/usbd_cdc.o
                0x08008640                USBD_CDC_ReceivePacket
 .text.USBD_Init
                0x080086ac       0x60 ./Middlewares/ST/STM32_USB_Device_Library/Core/Src/usbd_core.o
                0x080086ac                USBD_Init
 .text.USBD_RegisterClass
                0x0800870c       0x6c ./Middlewares/ST/STM32_USB_Device_Library/Core/Src/usbd_core.o
                0x0800870c                USBD_RegisterClass
 .text.USBD_Start
                0x08008778       0x18 ./Middlewares/ST/STM32_USB_Device_Library/Core/Src/usbd_core.o
                0x08008778                USBD_Start
 .text.USBD_RunTestMode
                0x08008790       0x16 ./Middlewares/ST/STM32_USB_Device_Library/Core/Src/usbd_core.o
                0x08008790                USBD_RunTestMode
 .text.USBD_SetClassConfig
                0x080087a6       0x38 ./Middlewares/ST/STM32_USB_Device_Library/Core/Src/usbd_core.o
                0x080087a6                USBD_SetClassConfig
 .text.USBD_ClrClassConfig
                0x080087de       0x34 ./Middlewares/ST/STM32_USB_Device_Library/Core/Src/usbd_core.o
                0x080087de                USBD_ClrClassConfig
 .text.USBD_LL_SetupStage
                0x08008812       0xaa ./Middlewares/ST/STM32_USB_Device_Library/Core/Src/usbd_core.o
                0x08008812                USBD_LL_SetupStage
 .text.USBD_LL_DataOutStage
                0x080088bc      0x178 ./Middlewares/ST/STM32_USB_Device_Library/Core/Src/usbd_core.o
                0x080088bc                USBD_LL_DataOutStage
 .text.USBD_LL_DataInStage
                0x08008a34      0x176 ./Middlewares/ST/STM32_USB_Device_Library/Core/Src/usbd_core.o
                0x08008a34                USBD_LL_DataInStage
 .text.USBD_LL_Reset
                0x08008baa       0xa6 ./Middlewares/ST/STM32_USB_Device_Library/Core/Src/usbd_core.o
                0x08008baa                USBD_LL_Reset
 .text.USBD_LL_SetSpeed
                0x08008c50       0x20 ./Middlewares/ST/STM32_USB_Device_Library/Core/Src/usbd_core.o
                0x08008c50                USBD_LL_SetSpeed
 .text.USBD_LL_Suspend
                0x08008c70       0x38 ./Middlewares/ST/STM32_USB_Device_Library/Core/Src/usbd_core.o
                0x08008c70                USBD_LL_Suspend
 .text.USBD_LL_Resume
                0x08008ca8       0x30 ./Middlewares/ST/STM32_USB_Device_Library/Core/Src/usbd_core.o
                0x08008ca8                USBD_LL_Resume
 .text.USBD_LL_SOF
                0x08008cd8       0x40 ./Middlewares/ST/STM32_USB_Device_Library/Core/Src/usbd_core.o
                0x08008cd8                USBD_LL_SOF
 .text.USBD_CoreFindIF
                0x08008d18       0x1a ./Middlewares/ST/STM32_USB_Device_Library/Core/Src/usbd_core.o
                0x08008d18                USBD_CoreFindIF
 .text.USBD_CoreFindEP
                0x08008d32       0x1a ./Middlewares/ST/STM32_USB_Device_Library/Core/Src/usbd_core.o
                0x08008d32                USBD_CoreFindEP
 .text.USBD_GetEpDesc
                0x08008d4c       0x70 ./Middlewares/ST/STM32_USB_Device_Library/Core/Src/usbd_core.o
                0x08008d4c                USBD_GetEpDesc
 .text.USBD_GetNextDesc
                0x08008dbc       0x38 ./Middlewares/ST/STM32_USB_Device_Library/Core/Src/usbd_core.o
                0x08008dbc                USBD_GetNextDesc
 .text.SWAPBYTE
                0x08008df4       0x3e ./Middlewares/ST/STM32_USB_Device_Library/Core/Src/usbd_ctlreq.o
 *fill*         0x08008e32        0x2 
 .text.USBD_StdDevReq
                0x08008e34       0xe4 ./Middlewares/ST/STM32_USB_Device_Library/Core/Src/usbd_ctlreq.o
                0x08008e34                USBD_StdDevReq
 .text.USBD_StdItfReq
                0x08008f18       0xd8 ./Middlewares/ST/STM32_USB_Device_Library/Core/Src/usbd_ctlreq.o
                0x08008f18                USBD_StdItfReq
 .text.USBD_StdEPReq
                0x08008ff0      0x33e ./Middlewares/ST/STM32_USB_Device_Library/Core/Src/usbd_ctlreq.o
                0x08008ff0                USBD_StdEPReq
 *fill*         0x0800932e        0x2 
 .text.USBD_GetDescriptor
                0x08009330      0x328 ./Middlewares/ST/STM32_USB_Device_Library/Core/Src/usbd_ctlreq.o
 .text.USBD_SetAddress
                0x08009658       0x88 ./Middlewares/ST/STM32_USB_Device_Library/Core/Src/usbd_ctlreq.o
 .text.USBD_SetConfig
                0x080096e0      0x154 ./Middlewares/ST/STM32_USB_Device_Library/Core/Src/usbd_ctlreq.o
 .text.USBD_GetConfig
                0x08009834       0x6c ./Middlewares/ST/STM32_USB_Device_Library/Core/Src/usbd_ctlreq.o
 .text.USBD_GetStatus
                0x080098a0       0x68 ./Middlewares/ST/STM32_USB_Device_Library/Core/Src/usbd_ctlreq.o
 .text.USBD_SetFeature
                0x08009908       0x52 ./Middlewares/ST/STM32_USB_Device_Library/Core/Src/usbd_ctlreq.o
 .text.USBD_ClrFeature
                0x0800995a       0x44 ./Middlewares/ST/STM32_USB_Device_Library/Core/Src/usbd_ctlreq.o
 .text.USBD_ParseSetupRequest
                0x0800999e       0x74 ./Middlewares/ST/STM32_USB_Device_Library/Core/Src/usbd_ctlreq.o
                0x0800999e                USBD_ParseSetupRequest
 .text.USBD_CtlError
                0x08009a12       0x22 ./Middlewares/ST/STM32_USB_Device_Library/Core/Src/usbd_ctlreq.o
                0x08009a12                USBD_CtlError
 .text.USBD_GetString
                0x08009a34       0xa4 ./Middlewares/ST/STM32_USB_Device_Library/Core/Src/usbd_ctlreq.o
                0x08009a34                USBD_GetString
 .text.USBD_GetLen
                0x08009ad8       0x34 ./Middlewares/ST/STM32_USB_Device_Library/Core/Src/usbd_ctlreq.o
 .text.USBD_CtlSendData
                0x08009b0c       0x3c ./Middlewares/ST/STM32_USB_Device_Library/Core/Src/usbd_ioreq.o
                0x08009b0c                USBD_CtlSendData
 .text.USBD_CtlContinueSendData
                0x08009b48       0x22 ./Middlewares/ST/STM32_USB_Device_Library/Core/Src/usbd_ioreq.o
                0x08009b48                USBD_CtlContinueSendData
 .text.USBD_CtlPrepareRx
                0x08009b6a       0x42 ./Middlewares/ST/STM32_USB_Device_Library/Core/Src/usbd_ioreq.o
                0x08009b6a                USBD_CtlPrepareRx
 .text.USBD_CtlContinueRx
                0x08009bac       0x22 ./Middlewares/ST/STM32_USB_Device_Library/Core/Src/usbd_ioreq.o
                0x08009bac                USBD_CtlContinueRx
 .text.USBD_CtlSendStatus
                0x08009bce       0x26 ./Middlewares/ST/STM32_USB_Device_Library/Core/Src/usbd_ioreq.o
                0x08009bce                USBD_CtlSendStatus
 .text.USBD_CtlReceiveStatus
                0x08009bf4       0x26 ./Middlewares/ST/STM32_USB_Device_Library/Core/Src/usbd_ioreq.o
                0x08009bf4                USBD_CtlReceiveStatus
 *fill*         0x08009c1a        0x2 
 .text.MX_USB_DEVICE_Init
                0x08009c1c       0x60 ./USB_DEVICE/App/usb_device.o
                0x08009c1c                MX_USB_DEVICE_Init
 .text.CDC_Init_FS
                0x08009c7c       0x28 ./USB_DEVICE/App/usbd_cdc_if.o
 .text.CDC_DeInit_FS
                0x08009ca4       0x10 ./USB_DEVICE/App/usbd_cdc_if.o
 .text.CDC_Control_FS
                0x08009cb4       0xbc ./USB_DEVICE/App/usbd_cdc_if.o
 .text.CDC_Receive_FS
                0x08009d70       0x28 ./USB_DEVICE/App/usbd_cdc_if.o
 .text.CDC_Transmit_FS
                0x08009d98       0x4c ./USB_DEVICE/App/usbd_cdc_if.o
                0x08009d98                CDC_Transmit_FS
 .text.CDC_TransmitCplt_FS
                0x08009de4       0x22 ./USB_DEVICE/App/usbd_cdc_if.o
 *fill*         0x08009e06        0x2 
 .text.USBD_FS_DeviceDescriptor
                0x08009e08       0x24 ./USB_DEVICE/App/usbd_desc.o
                0x08009e08                USBD_FS_DeviceDescriptor
 .text.USBD_FS_LangIDStrDescriptor
                0x08009e2c       0x24 ./USB_DEVICE/App/usbd_desc.o
                0x08009e2c                USBD_FS_LangIDStrDescriptor
 .text.USBD_FS_ProductStrDescriptor
                0x08009e50       0x3c ./USB_DEVICE/App/usbd_desc.o
                0x08009e50                USBD_FS_ProductStrDescriptor
 .text.USBD_FS_ManufacturerStrDescriptor
                0x08009e8c       0x28 ./USB_DEVICE/App/usbd_desc.o
                0x08009e8c                USBD_FS_ManufacturerStrDescriptor
 .text.USBD_FS_SerialStrDescriptor
                0x08009eb4       0x24 ./USB_DEVICE/App/usbd_desc.o
                0x08009eb4                USBD_FS_SerialStrDescriptor
 .text.USBD_FS_ConfigStrDescriptor
                0x08009ed8       0x3c ./USB_DEVICE/App/usbd_desc.o
                0x08009ed8                USBD_FS_ConfigStrDescriptor
 .text.USBD_FS_InterfaceStrDescriptor
                0x08009f14       0x3c ./USB_DEVICE/App/usbd_desc.o
                0x08009f14                USBD_FS_InterfaceStrDescriptor
 .text.USBD_FS_USR_BOSDescriptor
                0x08009f50       0x24 ./USB_DEVICE/App/usbd_desc.o
                0x08009f50                USBD_FS_USR_BOSDescriptor
 .text.Get_SerialNum
                0x08009f74       0x58 ./USB_DEVICE/App/usbd_desc.o
 .text.IntToUnicode
                0x08009fcc       0x7e ./USB_DEVICE/App/usbd_desc.o
 *fill*         0x0800a04a        0x2 
 .text.HAL_PCD_MspInit
                0x0800a04c       0xc4 ./USB_DEVICE/Target/usbd_conf.o
                0x0800a04c                HAL_PCD_MspInit
 .text.HAL_PCD_SetupStageCallback
                0x0800a110       0x24 ./USB_DEVICE/Target/usbd_conf.o
                0x0800a110                HAL_PCD_SetupStageCallback
 .text.HAL_PCD_DataOutStageCallback
                0x0800a134       0x36 ./USB_DEVICE/Target/usbd_conf.o
                0x0800a134                HAL_PCD_DataOutStageCallback
 .text.HAL_PCD_DataInStageCallback
                0x0800a16a       0x34 ./USB_DEVICE/Target/usbd_conf.o
                0x0800a16a                HAL_PCD_DataInStageCallback
 .text.HAL_PCD_SOFCallback
                0x0800a19e       0x1c ./USB_DEVICE/Target/usbd_conf.o
                0x0800a19e                HAL_PCD_SOFCallback
 .text.HAL_PCD_ResetCallback
                0x0800a1ba       0x3c ./USB_DEVICE/Target/usbd_conf.o
                0x0800a1ba                HAL_PCD_ResetCallback
 *fill*         0x0800a1f6        0x2 
 .text.HAL_PCD_SuspendCallback
                0x0800a1f8       0x34 ./USB_DEVICE/Target/usbd_conf.o
                0x0800a1f8                HAL_PCD_SuspendCallback
 .text.HAL_PCD_ResumeCallback
                0x0800a22c       0x38 ./USB_DEVICE/Target/usbd_conf.o
                0x0800a22c                HAL_PCD_ResumeCallback
 .text.USBD_LL_Init
                0x0800a264       0xc4 ./USB_DEVICE/Target/usbd_conf.o
                0x0800a264                USBD_LL_Init
 .text.USBD_LL_Start
                0x0800a328       0x64 ./USB_DEVICE/Target/usbd_conf.o
                0x0800a328                USBD_LL_Start
 .text.USBD_LL_OpenEP
                0x0800a38c       0x7c ./USB_DEVICE/Target/usbd_conf.o
                0x0800a38c                USBD_LL_OpenEP
 .text.USBD_LL_CloseEP
                0x0800a408       0x6c ./USB_DEVICE/Target/usbd_conf.o
                0x0800a408                USBD_LL_CloseEP
 .text.USBD_LL_StallEP
                0x0800a474       0x6c ./USB_DEVICE/Target/usbd_conf.o
                0x0800a474                USBD_LL_StallEP
 .text.USBD_LL_ClearStallEP
                0x0800a4e0       0x6c ./USB_DEVICE/Target/usbd_conf.o
                0x0800a4e0                USBD_LL_ClearStallEP
 .text.USBD_LL_IsStallEP
                0x0800a54c       0x58 ./USB_DEVICE/Target/usbd_conf.o
                0x0800a54c                USBD_LL_IsStallEP
 .text.USBD_LL_SetUSBAddress
                0x0800a5a4       0x6c ./USB_DEVICE/Target/usbd_conf.o
                0x0800a5a4                USBD_LL_SetUSBAddress
 .text.USBD_LL_Transmit
                0x0800a610       0x70 ./USB_DEVICE/Target/usbd_conf.o
                0x0800a610                USBD_LL_Transmit
 .text.USBD_LL_PrepareReceive
                0x0800a680       0x70 ./USB_DEVICE/Target/usbd_conf.o
                0x0800a680                USBD_LL_PrepareReceive
 .text.USBD_LL_GetRxDataSize
                0x0800a6f0       0x26 ./USB_DEVICE/Target/usbd_conf.o
                0x0800a6f0                USBD_LL_GetRxDataSize
 *fill*         0x0800a716        0x2 
 .text.HAL_PCDEx_LPM_Callback
                0x0800a718       0x6c ./USB_DEVICE/Target/usbd_conf.o
                0x0800a718                HAL_PCDEx_LPM_Callback
 .text.USBD_static_malloc
                0x0800a784       0x1c ./USB_DEVICE/Target/usbd_conf.o
                0x0800a784                USBD_static_malloc
 .text.USBD_static_free
                0x0800a7a0       0x14 ./USB_DEVICE/Target/usbd_conf.o
                0x0800a7a0                USBD_static_free
 .text.SystemClockConfig_Resume
                0x0800a7b4        0xc ./USB_DEVICE/Target/usbd_conf.o
 .text._vsnprintf_r
                0x0800a7c0       0x5c C:/ST/STM32CubeIDE_1.18.0/STM32CubeIDE/plugins/com.st.stm32cube.ide.mcu.externaltools.gnu-tools-for-stm32.13.3.rel1.win32_1.0.0.202411081344/tools/bin/../lib/gcc/arm-none-eabi/13.3.1/../../../../arm-none-eabi/lib/thumb/v7e-m+fp/hard\libc_nano.a(libc_a-vsnprintf.o)
                0x0800a7c0                _vsniprintf_r
                0x0800a7c0                _vsnprintf_r
 .text.vsnprintf
                0x0800a81c       0x1c C:/ST/STM32CubeIDE_1.18.0/STM32CubeIDE/plugins/com.st.stm32cube.ide.mcu.externaltools.gnu-tools-for-stm32.13.3.rel1.win32_1.0.0.202411081344/tools/bin/../lib/gcc/arm-none-eabi/13.3.1/../../../../arm-none-eabi/lib/thumb/v7e-m+fp/hard\libc_nano.a(libc_a-vsnprintf.o)
                0x0800a81c                vsniprintf
                0x0800a81c                vsnprintf
 .text.memset   0x0800a838       0x10 C:/ST/STM32CubeIDE_1.18.0/STM32CubeIDE/plugins/com.st.stm32cube.ide.mcu.externaltools.gnu-tools-for-stm32.13.3.rel1.win32_1.0.0.202411081344/tools/bin/../lib/gcc/arm-none-eabi/13.3.1/../../../../arm-none-eabi/lib/thumb/v7e-m+fp/hard\libc_nano.a(libc_a-memset.o)
                0x0800a838                memset
 .text.__errno  0x0800a848        0xc C:/ST/STM32CubeIDE_1.18.0/STM32CubeIDE/plugins/com.st.stm32cube.ide.mcu.externaltools.gnu-tools-for-stm32.13.3.rel1.win32_1.0.0.202411081344/tools/bin/../lib/gcc/arm-none-eabi/13.3.1/../../../../arm-none-eabi/lib/thumb/v7e-m+fp/hard\libc_nano.a(libc_a-errno.o)
                0x0800a848                __errno
 .text.__libc_init_array
                0x0800a854       0x48 C:/ST/STM32CubeIDE_1.18.0/STM32CubeIDE/plugins/com.st.stm32cube.ide.mcu.externaltools.gnu-tools-for-stm32.13.3.rel1.win32_1.0.0.202411081344/tools/bin/../lib/gcc/arm-none-eabi/13.3.1/../../../../arm-none-eabi/lib/thumb/v7e-m+fp/hard\libc_nano.a(libc_a-init.o)
                0x0800a854                __libc_init_array
 .text.__retarget_lock_acquire_recursive
                0x0800a89c        0x2 C:/ST/STM32CubeIDE_1.18.0/STM32CubeIDE/plugins/com.st.stm32cube.ide.mcu.externaltools.gnu-tools-for-stm32.13.3.rel1.win32_1.0.0.202411081344/tools/bin/../lib/gcc/arm-none-eabi/13.3.1/../../../../arm-none-eabi/lib/thumb/v7e-m+fp/hard\libc_nano.a(libc_a-lock.o)
                0x0800a89c                __retarget_lock_acquire_recursive
 .text.__retarget_lock_release_recursive
                0x0800a89e        0x2 C:/ST/STM32CubeIDE_1.18.0/STM32CubeIDE/plugins/com.st.stm32cube.ide.mcu.externaltools.gnu-tools-for-stm32.13.3.rel1.win32_1.0.0.202411081344/tools/bin/../lib/gcc/arm-none-eabi/13.3.1/../../../../arm-none-eabi/lib/thumb/v7e-m+fp/hard\libc_nano.a(libc_a-lock.o)
                0x0800a89e                __retarget_lock_release_recursive
 .text._free_r  0x0800a8a0       0x94 C:/ST/STM32CubeIDE_1.18.0/STM32CubeIDE/plugins/com.st.stm32cube.ide.mcu.externaltools.gnu-tools-for-stm32.13.3.rel1.win32_1.0.0.202411081344/tools/bin/../lib/gcc/arm-none-eabi/13.3.1/../../../../arm-none-eabi/lib/thumb/v7e-m+fp/hard\libc_nano.a(libc_a-freer.o)
                0x0800a8a0                _free_r
 .text.sbrk_aligned
                0x0800a934       0x44 C:/ST/STM32CubeIDE_1.18.0/STM32CubeIDE/plugins/com.st.stm32cube.ide.mcu.externaltools.gnu-tools-for-stm32.13.3.rel1.win32_1.0.0.202411081344/tools/bin/../lib/gcc/arm-none-eabi/13.3.1/../../../../arm-none-eabi/lib/thumb/v7e-m+fp/hard\libc_nano.a(libc_a-mallocr.o)
 .text._malloc_r
                0x0800a978      0x100 C:/ST/STM32CubeIDE_1.18.0/STM32CubeIDE/plugins/com.st.stm32cube.ide.mcu.externaltools.gnu-tools-for-stm32.13.3.rel1.win32_1.0.0.202411081344/tools/bin/../lib/gcc/arm-none-eabi/13.3.1/../../../../arm-none-eabi/lib/thumb/v7e-m+fp/hard\libc_nano.a(libc_a-mallocr.o)
                0x0800a978                _malloc_r
 .text.__malloc_lock
                0x0800aa78        0xc C:/ST/STM32CubeIDE_1.18.0/STM32CubeIDE/plugins/com.st.stm32cube.ide.mcu.externaltools.gnu-tools-for-stm32.13.3.rel1.win32_1.0.0.202411081344/tools/bin/../lib/gcc/arm-none-eabi/13.3.1/../../../../arm-none-eabi/lib/thumb/v7e-m+fp/hard\libc_nano.a(libc_a-mlock.o)
                0x0800aa78                __malloc_lock
 .text.__malloc_unlock
                0x0800aa84        0xc C:/ST/STM32CubeIDE_1.18.0/STM32CubeIDE/plugins/com.st.stm32cube.ide.mcu.externaltools.gnu-tools-for-stm32.13.3.rel1.win32_1.0.0.202411081344/tools/bin/../lib/gcc/arm-none-eabi/13.3.1/../../../../arm-none-eabi/lib/thumb/v7e-m+fp/hard\libc_nano.a(libc_a-mlock.o)
                0x0800aa84                __malloc_unlock
 .text.__ssputs_r
                0x0800aa90       0xb6 C:/ST/STM32CubeIDE_1.18.0/STM32CubeIDE/plugins/com.st.stm32cube.ide.mcu.externaltools.gnu-tools-for-stm32.13.3.rel1.win32_1.0.0.202411081344/tools/bin/../lib/gcc/arm-none-eabi/13.3.1/../../../../arm-none-eabi/lib/thumb/v7e-m+fp/hard\libc_nano.a(libc_a-nano-svfprintf.o)
                0x0800aa90                __ssputs_r
 *fill*         0x0800ab46        0x2 
 .text._svfprintf_r
                0x0800ab48      0x1f8 C:/ST/STM32CubeIDE_1.18.0/STM32CubeIDE/plugins/com.st.stm32cube.ide.mcu.externaltools.gnu-tools-for-stm32.13.3.rel1.win32_1.0.0.202411081344/tools/bin/../lib/gcc/arm-none-eabi/13.3.1/../../../../arm-none-eabi/lib/thumb/v7e-m+fp/hard\libc_nano.a(libc_a-nano-svfprintf.o)
                0x0800ab48                _svfiprintf_r
                0x0800ab48                _svfprintf_r
 .text._printf_common
                0x0800ad40       0xda C:/ST/STM32CubeIDE_1.18.0/STM32CubeIDE/plugins/com.st.stm32cube.ide.mcu.externaltools.gnu-tools-for-stm32.13.3.rel1.win32_1.0.0.202411081344/tools/bin/../lib/gcc/arm-none-eabi/13.3.1/../../../../arm-none-eabi/lib/thumb/v7e-m+fp/hard\libc_nano.a(libc_a-nano-vfprintf_i.o)
                0x0800ad40                _printf_common
 *fill*         0x0800ae1a        0x2 
 .text._printf_i
                0x0800ae1c      0x23c C:/ST/STM32CubeIDE_1.18.0/STM32CubeIDE/plugins/com.st.stm32cube.ide.mcu.externaltools.gnu-tools-for-stm32.13.3.rel1.win32_1.0.0.202411081344/tools/bin/../lib/gcc/arm-none-eabi/13.3.1/../../../../arm-none-eabi/lib/thumb/v7e-m+fp/hard\libc_nano.a(libc_a-nano-vfprintf_i.o)
                0x0800ae1c                _printf_i
 .text.memmove  0x0800b058       0x34 C:/ST/STM32CubeIDE_1.18.0/STM32CubeIDE/plugins/com.st.stm32cube.ide.mcu.externaltools.gnu-tools-for-stm32.13.3.rel1.win32_1.0.0.202411081344/tools/bin/../lib/gcc/arm-none-eabi/13.3.1/../../../../arm-none-eabi/lib/thumb/v7e-m+fp/hard\libc_nano.a(libc_a-memmove.o)
                0x0800b058                memmove
 .text._sbrk_r  0x0800b08c       0x20 C:/ST/STM32CubeIDE_1.18.0/STM32CubeIDE/plugins/com.st.stm32cube.ide.mcu.externaltools.gnu-tools-for-stm32.13.3.rel1.win32_1.0.0.202411081344/tools/bin/../lib/gcc/arm-none-eabi/13.3.1/../../../../arm-none-eabi/lib/thumb/v7e-m+fp/hard\libc_nano.a(libc_a-sbrkr.o)
                0x0800b08c                _sbrk_r
 .text.memcpy   0x0800b0ac       0x1c C:/ST/STM32CubeIDE_1.18.0/STM32CubeIDE/plugins/com.st.stm32cube.ide.mcu.externaltools.gnu-tools-for-stm32.13.3.rel1.win32_1.0.0.202411081344/tools/bin/../lib/gcc/arm-none-eabi/13.3.1/../../../../arm-none-eabi/lib/thumb/v7e-m+fp/hard\libc_nano.a(libc_a-memcpy-stub.o)
                0x0800b0ac                memcpy
 .text._realloc_r
                0x0800b0c8       0x5c C:/ST/STM32CubeIDE_1.18.0/STM32CubeIDE/plugins/com.st.stm32cube.ide.mcu.externaltools.gnu-tools-for-stm32.13.3.rel1.win32_1.0.0.202411081344/tools/bin/../lib/gcc/arm-none-eabi/13.3.1/../../../../arm-none-eabi/lib/thumb/v7e-m+fp/hard\libc_nano.a(libc_a-reallocr.o)
                0x0800b0c8                _realloc_r
 .text._malloc_usable_size_r
                0x0800b124       0x10 C:/ST/STM32CubeIDE_1.18.0/STM32CubeIDE/plugins/com.st.stm32cube.ide.mcu.externaltools.gnu-tools-for-stm32.13.3.rel1.win32_1.0.0.202411081344/tools/bin/../lib/gcc/arm-none-eabi/13.3.1/../../../../arm-none-eabi/lib/thumb/v7e-m+fp/hard\libc_nano.a(libc_a-msizer.o)
                0x0800b124                _malloc_usable_size_r
 *(.glue_7)
 .glue_7        0x0800b134        0x0 linker stubs
 *(.glue_7t)
 .glue_7t       0x0800b134        0x0 linker stubs
 *(.eh_frame)
 .eh_frame      0x0800b134        0x0 C:/ST/STM32CubeIDE_1.18.0/STM32CubeIDE/plugins/com.st.stm32cube.ide.mcu.externaltools.gnu-tools-for-stm32.13.3.rel1.win32_1.0.0.202411081344/tools/bin/../lib/gcc/arm-none-eabi/13.3.1/thumb/v7e-m+fp/hard/crtbegin.o
 *(.init)
 .init          0x0800b134        0x4 C:/ST/STM32CubeIDE_1.18.0/STM32CubeIDE/plugins/com.st.stm32cube.ide.mcu.externaltools.gnu-tools-for-stm32.13.3.rel1.win32_1.0.0.202411081344/tools/bin/../lib/gcc/arm-none-eabi/13.3.1/thumb/v7e-m+fp/hard/crti.o
                0x0800b134                _init
 .init          0x0800b138        0x8 C:/ST/STM32CubeIDE_1.18.0/STM32CubeIDE/plugins/com.st.stm32cube.ide.mcu.externaltools.gnu-tools-for-stm32.13.3.rel1.win32_1.0.0.202411081344/tools/bin/../lib/gcc/arm-none-eabi/13.3.1/thumb/v7e-m+fp/hard/crtn.o
 *(.fini)
 .fini          0x0800b140        0x4 C:/ST/STM32CubeIDE_1.18.0/STM32CubeIDE/plugins/com.st.stm32cube.ide.mcu.externaltools.gnu-tools-for-stm32.13.3.rel1.win32_1.0.0.202411081344/tools/bin/../lib/gcc/arm-none-eabi/13.3.1/thumb/v7e-m+fp/hard/crti.o
                0x0800b140                _fini
 .fini          0x0800b144        0x8 C:/ST/STM32CubeIDE_1.18.0/STM32CubeIDE/plugins/com.st.stm32cube.ide.mcu.externaltools.gnu-tools-for-stm32.13.3.rel1.win32_1.0.0.202411081344/tools/bin/../lib/gcc/arm-none-eabi/13.3.1/thumb/v7e-m+fp/hard/crtn.o
                0x0800b14c                        . = ALIGN (0x4)
                0x0800b14c                        _etext = .

.vfp11_veneer   0x0800b14c        0x0
 .vfp11_veneer  0x0800b14c        0x0 linker stubs

.v4_bx          0x0800b14c        0x0
 .v4_bx         0x0800b14c        0x0 linker stubs

.iplt           0x0800b14c        0x0
 .iplt          0x0800b14c        0x0 C:/ST/STM32CubeIDE_1.18.0/STM32CubeIDE/plugins/com.st.stm32cube.ide.mcu.externaltools.gnu-tools-for-stm32.13.3.rel1.win32_1.0.0.202411081344/tools/bin/../lib/gcc/arm-none-eabi/13.3.1/thumb/v7e-m+fp/hard/crtbegin.o

.rodata         0x0800b14c      0x9b0
                0x0800b14c                        . = ALIGN (0x4)
 *(.rodata)
 .rodata        0x0800b14c      0x7ec ./Core/Src/main.o
 .rodata        0x0800b938       0x46 ./USB_DEVICE/App/usbd_desc.o
 *(.rodata*)
 *fill*         0x0800b97e        0x2 
 .rodata.AHBPrescTable
                0x0800b980       0x10 ./Core/Src/system_stm32l4xx.o
                0x0800b980                AHBPrescTable
 .rodata.APBPrescTable
                0x0800b990        0x8 ./Core/Src/system_stm32l4xx.o
                0x0800b990                APBPrescTable
 .rodata.MSIRangeTable
                0x0800b998       0x30 ./Core/Src/system_stm32l4xx.o
                0x0800b998                MSIRangeTable
 .rodata.tmcCRCTable_Poly7Reflected
                0x0800b9c8      0x100 ./Drivers/tmc/ic/TMC9660/TMC9660.o
                0x0800b9c8                tmcCRCTable_Poly7Reflected
 .rodata._svfprintf_r.str1.1
                0x0800bac8       0x33 C:/ST/STM32CubeIDE_1.18.0/STM32CubeIDE/plugins/com.st.stm32cube.ide.mcu.externaltools.gnu-tools-for-stm32.13.3.rel1.win32_1.0.0.202411081344/tools/bin/../lib/gcc/arm-none-eabi/13.3.1/../../../../arm-none-eabi/lib/thumb/v7e-m+fp/hard\libc_nano.a(libc_a-nano-svfprintf.o)
                                 0x11 (size before relaxing)
 .rodata._printf_i.str1.1
                0x0800bafb       0x22 C:/ST/STM32CubeIDE_1.18.0/STM32CubeIDE/plugins/com.st.stm32cube.ide.mcu.externaltools.gnu-tools-for-stm32.13.3.rel1.win32_1.0.0.202411081344/tools/bin/../lib/gcc/arm-none-eabi/13.3.1/../../../../arm-none-eabi/lib/thumb/v7e-m+fp/hard\libc_nano.a(libc_a-nano-vfprintf_i.o)
                0x0800bb20                        . = ALIGN (0x4)
 *fill*         0x0800bafb        0x1 

.ARM.extab      0x0800bafc        0x0
                0x0800bafc                        . = ALIGN (0x4)
 *(.ARM.extab* .gnu.linkonce.armextab.*)
                0x0800bafc                        . = ALIGN (0x4)

.ARM            0x0800bafc        0x8
                0x0800bafc                        . = ALIGN (0x4)
                0x0800bafc                        __exidx_start = .
 *(.ARM.exidx*)
 .ARM.exidx     0x0800bafc        0x8 C:/ST/STM32CubeIDE_1.18.0/STM32CubeIDE/plugins/com.st.stm32cube.ide.mcu.externaltools.gnu-tools-for-stm32.13.3.rel1.win32_1.0.0.202411081344/tools/bin/../lib/gcc/arm-none-eabi/13.3.1/../../../../arm-none-eabi/lib/thumb/v7e-m+fp/hard\libc_nano.a(libc_a-memchr.o)
 .ARM.exidx     0x0800bb04        0x0 C:/ST/STM32CubeIDE_1.18.0/STM32CubeIDE/plugins/com.st.stm32cube.ide.mcu.externaltools.gnu-tools-for-stm32.13.3.rel1.win32_1.0.0.202411081344/tools/bin/../lib/gcc/arm-none-eabi/13.3.1/thumb/v7e-m+fp/hard\libgcc.a(_udivmoddi4.o)
                                  0x8 (size before relaxing)
                0x0800bb04                        __exidx_end = .
                0x0800bb04                        . = ALIGN (0x4)

.preinit_array  0x0800bb04        0x0
                0x0800bb04                        . = ALIGN (0x4)
                0x0800bb04                        PROVIDE (__preinit_array_start = .)
 *(.preinit_array*)
                0x0800bb04                        PROVIDE (__preinit_array_end = .)
                0x0800bb04                        . = ALIGN (0x4)

.init_array     0x0800bb04        0x4
                0x0800bb04                        . = ALIGN (0x4)
                0x0800bb04                        PROVIDE (__init_array_start = .)
 *(SORT_BY_NAME(.init_array.*))
 *(.init_array*)
 .init_array    0x0800bb04        0x4 C:/ST/STM32CubeIDE_1.18.0/STM32CubeIDE/plugins/com.st.stm32cube.ide.mcu.externaltools.gnu-tools-for-stm32.13.3.rel1.win32_1.0.0.202411081344/tools/bin/../lib/gcc/arm-none-eabi/13.3.1/thumb/v7e-m+fp/hard/crtbegin.o
                0x0800bb08                        PROVIDE (__init_array_end = .)
                0x0800bb08                        . = ALIGN (0x4)

.fini_array     0x0800bb08        0x4
                0x0800bb08                        . = ALIGN (0x4)
                [!provide]                        PROVIDE (__fini_array_start = .)
 *(SORT_BY_NAME(.fini_array.*))
 *(.fini_array*)
 .fini_array    0x0800bb08        0x4 C:/ST/STM32CubeIDE_1.18.0/STM32CubeIDE/plugins/com.st.stm32cube.ide.mcu.externaltools.gnu-tools-for-stm32.13.3.rel1.win32_1.0.0.202411081344/tools/bin/../lib/gcc/arm-none-eabi/13.3.1/thumb/v7e-m+fp/hard/crtbegin.o
                [!provide]                        PROVIDE (__fini_array_end = .)
                0x0800bb0c                        . = ALIGN (0x4)
                0x0800bb0c                        _sidata = LOADADDR (.data)

.rel.dyn        0x0800bb0c        0x0
 .rel.iplt      0x0800bb0c        0x0 C:/ST/STM32CubeIDE_1.18.0/STM32CubeIDE/plugins/com.st.stm32cube.ide.mcu.externaltools.gnu-tools-for-stm32.13.3.rel1.win32_1.0.0.202411081344/tools/bin/../lib/gcc/arm-none-eabi/13.3.1/thumb/v7e-m+fp/hard/crtbegin.o

.data           0x20000000      0x15c load address 0x0800bb0c
                0x20000000                        . = ALIGN (0x4)
                0x20000000                        _sdata = .
 *(.data)
 *(.data*)
 .data.SystemCoreClock
                0x20000000        0x4 ./Core/Src/system_stm32l4xx.o
                0x20000000                SystemCoreClock
 .data.uwTickPrio
                0x20000004        0x4 ./Drivers/STM32L4xx_HAL_Driver/Src/stm32l4xx_hal.o
                0x20000004                uwTickPrio
 .data.uwTickFreq
                0x20000008        0x1 ./Drivers/STM32L4xx_HAL_Driver/Src/stm32l4xx_hal.o
                0x20000008                uwTickFreq
 *fill*         0x20000009        0x3 
 .data.USBD_CDC_DeviceQualifierDesc
                0x2000000c        0xa ./Middlewares/ST/STM32_USB_Device_Library/Class/CDC/Src/usbd_cdc.o
 *fill*         0x20000016        0x2 
 .data.USBD_CDC
                0x20000018       0x38 ./Middlewares/ST/STM32_USB_Device_Library/Class/CDC/Src/usbd_cdc.o
                0x20000018                USBD_CDC
 .data.USBD_CDC_CfgDesc
                0x20000050       0x43 ./Middlewares/ST/STM32_USB_Device_Library/Class/CDC/Src/usbd_cdc.o
 .data.CDCInEpAdd
                0x20000093        0x1 ./Middlewares/ST/STM32_USB_Device_Library/Class/CDC/Src/usbd_cdc.o
 .data.CDCOutEpAdd
                0x20000094        0x1 ./Middlewares/ST/STM32_USB_Device_Library/Class/CDC/Src/usbd_cdc.o
 .data.CDCCmdEpAdd
                0x20000095        0x1 ./Middlewares/ST/STM32_USB_Device_Library/Class/CDC/Src/usbd_cdc.o
 *fill*         0x20000096        0x2 
 .data.USBD_Interface_fops_FS
                0x20000098       0x14 ./USB_DEVICE/App/usbd_cdc_if.o
                0x20000098                USBD_Interface_fops_FS
 .data.FS_Desc  0x200000ac       0x20 ./USB_DEVICE/App/usbd_desc.o
                0x200000ac                FS_Desc
 .data.USBD_FS_DeviceDesc
                0x200000cc       0x12 ./USB_DEVICE/App/usbd_desc.o
                0x200000cc                USBD_FS_DeviceDesc
 *fill*         0x200000de        0x2 
 .data.USBD_FS_BOSDesc
                0x200000e0        0xc ./USB_DEVICE/App/usbd_desc.o
                0x200000e0                USBD_FS_BOSDesc
 .data.USBD_LangIDDesc
                0x200000ec        0x4 ./USB_DEVICE/App/usbd_desc.o
                0x200000ec                USBD_LangIDDesc
 .data.USBD_StringSerial
                0x200000f0       0x1a ./USB_DEVICE/App/usbd_desc.o
                0x200000f0                USBD_StringSerial
 *fill*         0x2000010a        0x2 
 .data._impure_ptr
                0x2000010c        0x4 C:/ST/STM32CubeIDE_1.18.0/STM32CubeIDE/plugins/com.st.stm32cube.ide.mcu.externaltools.gnu-tools-for-stm32.13.3.rel1.win32_1.0.0.202411081344/tools/bin/../lib/gcc/arm-none-eabi/13.3.1/../../../../arm-none-eabi/lib/thumb/v7e-m+fp/hard\libc_nano.a(libc_a-impure.o)
                0x2000010c                _impure_ptr
 .data._impure_data
                0x20000110       0x4c C:/ST/STM32CubeIDE_1.18.0/STM32CubeIDE/plugins/com.st.stm32cube.ide.mcu.externaltools.gnu-tools-for-stm32.13.3.rel1.win32_1.0.0.202411081344/tools/bin/../lib/gcc/arm-none-eabi/13.3.1/../../../../arm-none-eabi/lib/thumb/v7e-m+fp/hard\libc_nano.a(libc_a-impure.o)
                0x20000110                _impure_data
 *(.RamFunc)
 *(.RamFunc*)
                0x2000015c                        . = ALIGN (0x4)
                0x2000015c                        _edata = .

.igot.plt       0x2000015c        0x0 load address 0x0800bc68
 .igot.plt      0x2000015c        0x0 C:/ST/STM32CubeIDE_1.18.0/STM32CubeIDE/plugins/com.st.stm32cube.ide.mcu.externaltools.gnu-tools-for-stm32.13.3.rel1.win32_1.0.0.202411081344/tools/bin/../lib/gcc/arm-none-eabi/13.3.1/thumb/v7e-m+fp/hard/crtbegin.o
                0x2000015c                        . = ALIGN (0x4)

.bss            0x2000015c     0x13d8 load address 0x0800bc68
                0x2000015c                        _sbss = .
                0x2000015c                        __bss_start__ = _sbss
 *(.bss)
 .bss           0x2000015c       0x1c C:/ST/STM32CubeIDE_1.18.0/STM32CubeIDE/plugins/com.st.stm32cube.ide.mcu.externaltools.gnu-tools-for-stm32.13.3.rel1.win32_1.0.0.202411081344/tools/bin/../lib/gcc/arm-none-eabi/13.3.1/thumb/v7e-m+fp/hard/crtbegin.o
 *(.bss*)
 .bss.huart1    0x20000178       0x88 ./Core/Src/main.o
                0x20000178                huart1
 .bss.tmc9660_id
                0x20000200        0x2 ./Core/Src/main.o
                0x20000200                tmc9660_id
 .bss.tmc_detected
                0x20000202        0x1 ./Core/Src/main.o
                0x20000202                tmc_detected
 *fill*         0x20000203        0x1 
 .bss.__sbrk_heap_end
                0x20000204        0x4 ./Core/Src/sysmem.o
 .bss.uwTick    0x20000208        0x4 ./Drivers/STM32L4xx_HAL_Driver/Src/stm32l4xx_hal.o
                0x20000208                uwTick
 .bss.cfgidx.0  0x2000020c        0x1 ./Middlewares/ST/STM32_USB_Device_Library/Core/Src/usbd_ctlreq.o
 *fill*         0x2000020d        0x3 
 .bss.hUsbDeviceFS
                0x20000210      0x2dc ./USB_DEVICE/App/usb_device.o
                0x20000210                hUsbDeviceFS
 .bss.UserRxBufferFS
                0x200004ec      0x400 ./USB_DEVICE/App/usbd_cdc_if.o
                0x200004ec                UserRxBufferFS
 .bss.UserTxBufferFS
                0x200008ec      0x400 ./USB_DEVICE/App/usbd_cdc_if.o
                0x200008ec                UserTxBufferFS
 .bss.USBD_StrDesc
                0x20000cec      0x200 ./USB_DEVICE/App/usbd_desc.o
                0x20000cec                USBD_StrDesc
 .bss.hpcd_USB_FS
                0x20000eec      0x2e0 ./USB_DEVICE/Target/usbd_conf.o
                0x20000eec                hpcd_USB_FS
 .bss.mem.0     0x200011cc      0x220 ./USB_DEVICE/Target/usbd_conf.o
 .bss.__sf      0x200013ec      0x138 C:/ST/STM32CubeIDE_1.18.0/STM32CubeIDE/plugins/com.st.stm32cube.ide.mcu.externaltools.gnu-tools-for-stm32.13.3.rel1.win32_1.0.0.202411081344/tools/bin/../lib/gcc/arm-none-eabi/13.3.1/../../../../arm-none-eabi/lib/thumb/v7e-m+fp/hard\libc_nano.a(libc_a-findfp.o)
                0x200013ec                __sf
 .bss.errno     0x20001524        0x4 C:/ST/STM32CubeIDE_1.18.0/STM32CubeIDE/plugins/com.st.stm32cube.ide.mcu.externaltools.gnu-tools-for-stm32.13.3.rel1.win32_1.0.0.202411081344/tools/bin/../lib/gcc/arm-none-eabi/13.3.1/../../../../arm-none-eabi/lib/thumb/v7e-m+fp/hard\libc_nano.a(libc_a-reent.o)
                0x20001524                errno
 .bss.__lock___malloc_recursive_mutex
                0x20001528        0x1 C:/ST/STM32CubeIDE_1.18.0/STM32CubeIDE/plugins/com.st.stm32cube.ide.mcu.externaltools.gnu-tools-for-stm32.13.3.rel1.win32_1.0.0.202411081344/tools/bin/../lib/gcc/arm-none-eabi/13.3.1/../../../../arm-none-eabi/lib/thumb/v7e-m+fp/hard\libc_nano.a(libc_a-lock.o)
                0x20001528                __lock___malloc_recursive_mutex
 *fill*         0x20001529        0x3 
 .bss.__malloc_sbrk_start
                0x2000152c        0x4 C:/ST/STM32CubeIDE_1.18.0/STM32CubeIDE/plugins/com.st.stm32cube.ide.mcu.externaltools.gnu-tools-for-stm32.13.3.rel1.win32_1.0.0.202411081344/tools/bin/../lib/gcc/arm-none-eabi/13.3.1/../../../../arm-none-eabi/lib/thumb/v7e-m+fp/hard\libc_nano.a(libc_a-mallocr.o)
                0x2000152c                __malloc_sbrk_start
 .bss.__malloc_free_list
                0x20001530        0x4 C:/ST/STM32CubeIDE_1.18.0/STM32CubeIDE/plugins/com.st.stm32cube.ide.mcu.externaltools.gnu-tools-for-stm32.13.3.rel1.win32_1.0.0.202411081344/tools/bin/../lib/gcc/arm-none-eabi/13.3.1/../../../../arm-none-eabi/lib/thumb/v7e-m+fp/hard\libc_nano.a(libc_a-mallocr.o)
                0x20001530                __malloc_free_list
 *(COMMON)
                0x20001534                        . = ALIGN (0x4)
                0x20001534                        _ebss = .
                0x20001534                        __bss_end__ = _ebss

._user_heap_stack
                0x20001534      0x604 load address 0x0800bc68
                0x20001538                        . = ALIGN (0x8)
 *fill*         0x20001534        0x4 
                [!provide]                        PROVIDE (end = .)
                0x20001538                        PROVIDE (_end = .)
                0x20001738                        . = (. + _Min_Heap_Size)
 *fill*         0x20001538      0x200 
                0x20001b38                        . = (. + _Min_Stack_Size)
 *fill*         0x20001738      0x400 
                0x20001b38                        . = ALIGN (0x8)

/DISCARD/
 libc.a(*)
 libm.a(*)
 libgcc.a(*)

.ARM.attributes
                0x00000000       0x30
 *(.ARM.attributes)
 .ARM.attributes
                0x00000000       0x22 C:/ST/STM32CubeIDE_1.18.0/STM32CubeIDE/plugins/com.st.stm32cube.ide.mcu.externaltools.gnu-tools-for-stm32.13.3.rel1.win32_1.0.0.202411081344/tools/bin/../lib/gcc/arm-none-eabi/13.3.1/thumb/v7e-m+fp/hard/crti.o
 .ARM.attributes
                0x00000022       0x34 C:/ST/STM32CubeIDE_1.18.0/STM32CubeIDE/plugins/com.st.stm32cube.ide.mcu.externaltools.gnu-tools-for-stm32.13.3.rel1.win32_1.0.0.202411081344/tools/bin/../lib/gcc/arm-none-eabi/13.3.1/thumb/v7e-m+fp/hard/crtbegin.o
 .ARM.attributes
                0x00000056       0x34 ./Core/Src/main.o
 .ARM.attributes
                0x0000008a       0x34 ./Core/Src/stm32l4xx_hal_msp.o
 .ARM.attributes
                0x000000be       0x34 ./Core/Src/stm32l4xx_it.o
 .ARM.attributes
                0x000000f2       0x34 ./Core/Src/sysmem.o
 .ARM.attributes
                0x00000126       0x34 ./Core/Src/system_stm32l4xx.o
 .ARM.attributes
                0x0000015a       0x21 ./Core/Startup/startup_stm32l412cbtx.o
 .ARM.attributes
                0x0000017b       0x34 ./Drivers/STM32L4xx_HAL_Driver/Src/stm32l4xx_hal.o
 .ARM.attributes
                0x000001af       0x34 ./Drivers/STM32L4xx_HAL_Driver/Src/stm32l4xx_hal_cortex.o
 .ARM.attributes
                0x000001e3       0x34 ./Drivers/STM32L4xx_HAL_Driver/Src/stm32l4xx_hal_gpio.o
 .ARM.attributes
                0x00000217       0x34 ./Drivers/STM32L4xx_HAL_Driver/Src/stm32l4xx_hal_pcd.o
 .ARM.attributes
                0x0000024b       0x34 ./Drivers/STM32L4xx_HAL_Driver/Src/stm32l4xx_hal_pcd_ex.o
 .ARM.attributes
                0x0000027f       0x34 ./Drivers/STM32L4xx_HAL_Driver/Src/stm32l4xx_hal_pwr_ex.o
 .ARM.attributes
                0x000002b3       0x34 ./Drivers/STM32L4xx_HAL_Driver/Src/stm32l4xx_hal_rcc.o
 .ARM.attributes
                0x000002e7       0x34 ./Drivers/STM32L4xx_HAL_Driver/Src/stm32l4xx_hal_rcc_ex.o
 .ARM.attributes
                0x0000031b       0x34 ./Drivers/STM32L4xx_HAL_Driver/Src/stm32l4xx_hal_uart.o
 .ARM.attributes
                0x0000034f       0x34 ./Drivers/STM32L4xx_HAL_Driver/Src/stm32l4xx_ll_usb.o
 .ARM.attributes
                0x00000383       0x34 ./Drivers/tmc/ic/TMC9660/TMC9660.o
 .ARM.attributes
                0x000003b7       0x34 ./Middlewares/ST/STM32_USB_Device_Library/Class/CDC/Src/usbd_cdc.o
 .ARM.attributes
                0x000003eb       0x34 ./Middlewares/ST/STM32_USB_Device_Library/Core/Src/usbd_core.o
 .ARM.attributes
                0x0000041f       0x34 ./Middlewares/ST/STM32_USB_Device_Library/Core/Src/usbd_ctlreq.o
 .ARM.attributes
                0x00000453       0x34 ./Middlewares/ST/STM32_USB_Device_Library/Core/Src/usbd_ioreq.o
 .ARM.attributes
                0x00000487       0x34 ./USB_DEVICE/App/usb_device.o
 .ARM.attributes
                0x000004bb       0x34 ./USB_DEVICE/App/usbd_cdc_if.o
 .ARM.attributes
                0x000004ef       0x34 ./USB_DEVICE/App/usbd_desc.o
 .ARM.attributes
                0x00000523       0x34 ./USB_DEVICE/Target/usbd_conf.o
 .ARM.attributes
                0x00000557       0x34 C:/ST/STM32CubeIDE_1.18.0/STM32CubeIDE/plugins/com.st.stm32cube.ide.mcu.externaltools.gnu-tools-for-stm32.13.3.rel1.win32_1.0.0.202411081344/tools/bin/../lib/gcc/arm-none-eabi/13.3.1/../../../../arm-none-eabi/lib/thumb/v7e-m+fp/hard\libc_nano.a(libc_a-findfp.o)
 .ARM.attributes
                0x0000058b       0x34 C:/ST/STM32CubeIDE_1.18.0/STM32CubeIDE/plugins/com.st.stm32cube.ide.mcu.externaltools.gnu-tools-for-stm32.13.3.rel1.win32_1.0.0.202411081344/tools/bin/../lib/gcc/arm-none-eabi/13.3.1/../../../../arm-none-eabi/lib/thumb/v7e-m+fp/hard\libc_nano.a(libc_a-vsnprintf.o)
 .ARM.attributes
                0x000005bf       0x34 C:/ST/STM32CubeIDE_1.18.0/STM32CubeIDE/plugins/com.st.stm32cube.ide.mcu.externaltools.gnu-tools-for-stm32.13.3.rel1.win32_1.0.0.202411081344/tools/bin/../lib/gcc/arm-none-eabi/13.3.1/../../../../arm-none-eabi/lib/thumb/v7e-m+fp/hard\libc_nano.a(libc_a-memset.o)
 .ARM.attributes
                0x000005f3       0x34 C:/ST/STM32CubeIDE_1.18.0/STM32CubeIDE/plugins/com.st.stm32cube.ide.mcu.externaltools.gnu-tools-for-stm32.13.3.rel1.win32_1.0.0.202411081344/tools/bin/../lib/gcc/arm-none-eabi/13.3.1/../../../../arm-none-eabi/lib/thumb/v7e-m+fp/hard\libc_nano.a(libc_a-reent.o)
 .ARM.attributes
                0x00000627       0x34 C:/ST/STM32CubeIDE_1.18.0/STM32CubeIDE/plugins/com.st.stm32cube.ide.mcu.externaltools.gnu-tools-for-stm32.13.3.rel1.win32_1.0.0.202411081344/tools/bin/../lib/gcc/arm-none-eabi/13.3.1/../../../../arm-none-eabi/lib/thumb/v7e-m+fp/hard\libc_nano.a(libc_a-impure.o)
 .ARM.attributes
                0x0000065b       0x34 C:/ST/STM32CubeIDE_1.18.0/STM32CubeIDE/plugins/com.st.stm32cube.ide.mcu.externaltools.gnu-tools-for-stm32.13.3.rel1.win32_1.0.0.202411081344/tools/bin/../lib/gcc/arm-none-eabi/13.3.1/../../../../arm-none-eabi/lib/thumb/v7e-m+fp/hard\libc_nano.a(libc_a-errno.o)
 .ARM.attributes
                0x0000068f       0x34 C:/ST/STM32CubeIDE_1.18.0/STM32CubeIDE/plugins/com.st.stm32cube.ide.mcu.externaltools.gnu-tools-for-stm32.13.3.rel1.win32_1.0.0.202411081344/tools/bin/../lib/gcc/arm-none-eabi/13.3.1/../../../../arm-none-eabi/lib/thumb/v7e-m+fp/hard\libc_nano.a(libc_a-init.o)
 .ARM.attributes
                0x000006c3       0x34 C:/ST/STM32CubeIDE_1.18.0/STM32CubeIDE/plugins/com.st.stm32cube.ide.mcu.externaltools.gnu-tools-for-stm32.13.3.rel1.win32_1.0.0.202411081344/tools/bin/../lib/gcc/arm-none-eabi/13.3.1/../../../../arm-none-eabi/lib/thumb/v7e-m+fp/hard\libc_nano.a(libc_a-lock.o)
 .ARM.attributes
                0x000006f7       0x34 C:/ST/STM32CubeIDE_1.18.0/STM32CubeIDE/plugins/com.st.stm32cube.ide.mcu.externaltools.gnu-tools-for-stm32.13.3.rel1.win32_1.0.0.202411081344/tools/bin/../lib/gcc/arm-none-eabi/13.3.1/../../../../arm-none-eabi/lib/thumb/v7e-m+fp/hard\libc_nano.a(libc_a-freer.o)
 .ARM.attributes
                0x0000072b       0x34 C:/ST/STM32CubeIDE_1.18.0/STM32CubeIDE/plugins/com.st.stm32cube.ide.mcu.externaltools.gnu-tools-for-stm32.13.3.rel1.win32_1.0.0.202411081344/tools/bin/../lib/gcc/arm-none-eabi/13.3.1/../../../../arm-none-eabi/lib/thumb/v7e-m+fp/hard\libc_nano.a(libc_a-mallocr.o)
 .ARM.attributes
                0x0000075f       0x34 C:/ST/STM32CubeIDE_1.18.0/STM32CubeIDE/plugins/com.st.stm32cube.ide.mcu.externaltools.gnu-tools-for-stm32.13.3.rel1.win32_1.0.0.202411081344/tools/bin/../lib/gcc/arm-none-eabi/13.3.1/../../../../arm-none-eabi/lib/thumb/v7e-m+fp/hard\libc_nano.a(libc_a-mlock.o)
 .ARM.attributes
                0x00000793       0x34 C:/ST/STM32CubeIDE_1.18.0/STM32CubeIDE/plugins/com.st.stm32cube.ide.mcu.externaltools.gnu-tools-for-stm32.13.3.rel1.win32_1.0.0.202411081344/tools/bin/../lib/gcc/arm-none-eabi/13.3.1/../../../../arm-none-eabi/lib/thumb/v7e-m+fp/hard\libc_nano.a(libc_a-nano-svfprintf.o)
 .ARM.attributes
                0x000007c7       0x34 C:/ST/STM32CubeIDE_1.18.0/STM32CubeIDE/plugins/com.st.stm32cube.ide.mcu.externaltools.gnu-tools-for-stm32.13.3.rel1.win32_1.0.0.202411081344/tools/bin/../lib/gcc/arm-none-eabi/13.3.1/../../../../arm-none-eabi/lib/thumb/v7e-m+fp/hard\libc_nano.a(libc_a-nano-vfprintf_i.o)
 .ARM.attributes
                0x000007fb       0x34 C:/ST/STM32CubeIDE_1.18.0/STM32CubeIDE/plugins/com.st.stm32cube.ide.mcu.externaltools.gnu-tools-for-stm32.13.3.rel1.win32_1.0.0.202411081344/tools/bin/../lib/gcc/arm-none-eabi/13.3.1/../../../../arm-none-eabi/lib/thumb/v7e-m+fp/hard\libc_nano.a(libc_a-memmove.o)
 .ARM.attributes
                0x0000082f       0x34 C:/ST/STM32CubeIDE_1.18.0/STM32CubeIDE/plugins/com.st.stm32cube.ide.mcu.externaltools.gnu-tools-for-stm32.13.3.rel1.win32_1.0.0.202411081344/tools/bin/../lib/gcc/arm-none-eabi/13.3.1/../../../../arm-none-eabi/lib/thumb/v7e-m+fp/hard\libc_nano.a(libc_a-sbrkr.o)
 .ARM.attributes
                0x00000863       0x1c C:/ST/STM32CubeIDE_1.18.0/STM32CubeIDE/plugins/com.st.stm32cube.ide.mcu.externaltools.gnu-tools-for-stm32.13.3.rel1.win32_1.0.0.202411081344/tools/bin/../lib/gcc/arm-none-eabi/13.3.1/../../../../arm-none-eabi/lib/thumb/v7e-m+fp/hard\libc_nano.a(libc_a-memchr.o)
 .ARM.attributes
                0x0000087f       0x34 C:/ST/STM32CubeIDE_1.18.0/STM32CubeIDE/plugins/com.st.stm32cube.ide.mcu.externaltools.gnu-tools-for-stm32.13.3.rel1.win32_1.0.0.202411081344/tools/bin/../lib/gcc/arm-none-eabi/13.3.1/../../../../arm-none-eabi/lib/thumb/v7e-m+fp/hard\libc_nano.a(libc_a-memcpy-stub.o)
 .ARM.attributes
                0x000008b3       0x34 C:/ST/STM32CubeIDE_1.18.0/STM32CubeIDE/plugins/com.st.stm32cube.ide.mcu.externaltools.gnu-tools-for-stm32.13.3.rel1.win32_1.0.0.202411081344/tools/bin/../lib/gcc/arm-none-eabi/13.3.1/../../../../arm-none-eabi/lib/thumb/v7e-m+fp/hard\libc_nano.a(libc_a-reallocr.o)
 .ARM.attributes
                0x000008e7       0x34 C:/ST/STM32CubeIDE_1.18.0/STM32CubeIDE/plugins/com.st.stm32cube.ide.mcu.externaltools.gnu-tools-for-stm32.13.3.rel1.win32_1.0.0.202411081344/tools/bin/../lib/gcc/arm-none-eabi/13.3.1/../../../../arm-none-eabi/lib/thumb/v7e-m+fp/hard\libc_nano.a(libc_a-msizer.o)
 .ARM.attributes
                0x0000091b       0x22 C:/ST/STM32CubeIDE_1.18.0/STM32CubeIDE/plugins/com.st.stm32cube.ide.mcu.externaltools.gnu-tools-for-stm32.13.3.rel1.win32_1.0.0.202411081344/tools/bin/../lib/gcc/arm-none-eabi/13.3.1/thumb/v7e-m+fp/hard\libgcc.a(_aeabi_uldivmod.o)
 .ARM.attributes
                0x0000093d       0x34 C:/ST/STM32CubeIDE_1.18.0/STM32CubeIDE/plugins/com.st.stm32cube.ide.mcu.externaltools.gnu-tools-for-stm32.13.3.rel1.win32_1.0.0.202411081344/tools/bin/../lib/gcc/arm-none-eabi/13.3.1/thumb/v7e-m+fp/hard\libgcc.a(_udivmoddi4.o)
 .ARM.attributes
                0x00000971       0x22 C:/ST/STM32CubeIDE_1.18.0/STM32CubeIDE/plugins/com.st.stm32cube.ide.mcu.externaltools.gnu-tools-for-stm32.13.3.rel1.win32_1.0.0.202411081344/tools/bin/../lib/gcc/arm-none-eabi/13.3.1/thumb/v7e-m+fp/hard\libgcc.a(_dvmd_tls.o)
 .ARM.attributes
                0x00000993       0x22 C:/ST/STM32CubeIDE_1.18.0/STM32CubeIDE/plugins/com.st.stm32cube.ide.mcu.externaltools.gnu-tools-for-stm32.13.3.rel1.win32_1.0.0.202411081344/tools/bin/../lib/gcc/arm-none-eabi/13.3.1/thumb/v7e-m+fp/hard/crtn.o
OUTPUT(bldc-sw-test.elf elf32-littlearm)
LOAD linker stubs
LOAD C:/ST/STM32CubeIDE_1.18.0/STM32CubeIDE/plugins/com.st.stm32cube.ide.mcu.externaltools.gnu-tools-for-stm32.13.3.rel1.win32_1.0.0.202411081344/tools/bin/../lib/gcc/arm-none-eabi/13.3.1/../../../../arm-none-eabi/lib/thumb/v7e-m+fp/hard\libc.a
LOAD C:/ST/STM32CubeIDE_1.18.0/STM32CubeIDE/plugins/com.st.stm32cube.ide.mcu.externaltools.gnu-tools-for-stm32.13.3.rel1.win32_1.0.0.202411081344/tools/bin/../lib/gcc/arm-none-eabi/13.3.1/../../../../arm-none-eabi/lib/thumb/v7e-m+fp/hard\libm.a
LOAD C:/ST/STM32CubeIDE_1.18.0/STM32CubeIDE/plugins/com.st.stm32cube.ide.mcu.externaltools.gnu-tools-for-stm32.13.3.rel1.win32_1.0.0.202411081344/tools/bin/../lib/gcc/arm-none-eabi/13.3.1/thumb/v7e-m+fp/hard\libgcc.a

.debug_info     0x00000000    0x15566
 .debug_info    0x00000000     0x15d6 ./Core/Src/main.o
 .debug_info    0x000015d6      0xbc0 ./Core/Src/stm32l4xx_hal_msp.o
 .debug_info    0x00002196      0x678 ./Core/Src/stm32l4xx_it.o
 .debug_info    0x0000280e      0x168 ./Core/Src/sysmem.o
 .debug_info    0x00002976      0x5f0 ./Core/Src/system_stm32l4xx.o
 .debug_info    0x00002f66       0x30 ./Core/Startup/startup_stm32l412cbtx.o
 .debug_info    0x00002f96      0x9c6 ./Drivers/STM32L4xx_HAL_Driver/Src/stm32l4xx_hal.o
 .debug_info    0x0000395c      0xd17 ./Drivers/STM32L4xx_HAL_Driver/Src/stm32l4xx_hal_cortex.o
 .debug_info    0x00004673      0x79f ./Drivers/STM32L4xx_HAL_Driver/Src/stm32l4xx_hal_gpio.o
 .debug_info    0x00004e12     0x1727 ./Drivers/STM32L4xx_HAL_Driver/Src/stm32l4xx_hal_pcd.o
 .debug_info    0x00006539      0x861 ./Drivers/STM32L4xx_HAL_Driver/Src/stm32l4xx_hal_pcd_ex.o
 .debug_info    0x00006d9a      0x994 ./Drivers/STM32L4xx_HAL_Driver/Src/stm32l4xx_hal_pwr_ex.o
 .debug_info    0x0000772e      0xc11 ./Drivers/STM32L4xx_HAL_Driver/Src/stm32l4xx_hal_rcc.o
 .debug_info    0x0000833f      0xd2b ./Drivers/STM32L4xx_HAL_Driver/Src/stm32l4xx_hal_rcc_ex.o
 .debug_info    0x0000906a     0x3b9c ./Drivers/STM32L4xx_HAL_Driver/Src/stm32l4xx_hal_uart.o
 .debug_info    0x0000cc06     0x1716 ./Drivers/STM32L4xx_HAL_Driver/Src/stm32l4xx_ll_usb.o
 .debug_info    0x0000e31c      0xa94 ./Drivers/tmc/ic/TMC9660/TMC9660.o
 .debug_info    0x0000edb0     0x1322 ./Middlewares/ST/STM32_USB_Device_Library/Class/CDC/Src/usbd_cdc.o
 .debug_info    0x000100d2      0xe4b ./Middlewares/ST/STM32_USB_Device_Library/Core/Src/usbd_core.o
 .debug_info    0x00010f1d      0xb24 ./Middlewares/ST/STM32_USB_Device_Library/Core/Src/usbd_ctlreq.o
 .debug_info    0x00011a41      0x79b ./Middlewares/ST/STM32_USB_Device_Library/Core/Src/usbd_ioreq.o
 .debug_info    0x000121dc      0x747 ./USB_DEVICE/App/usb_device.o
 .debug_info    0x00012923      0x940 ./USB_DEVICE/App/usbd_cdc_if.o
 .debug_info    0x00013263      0x4e6 ./USB_DEVICE/App/usbd_desc.o
 .debug_info    0x00013749     0x1e1d ./USB_DEVICE/Target/usbd_conf.o

.debug_abbrev   0x00000000     0x373a
 .debug_abbrev  0x00000000      0x3db ./Core/Src/main.o
 .debug_abbrev  0x000003db      0x1d1 ./Core/Src/stm32l4xx_hal_msp.o
 .debug_abbrev  0x000005ac      0x1aa ./Core/Src/stm32l4xx_it.o
 .debug_abbrev  0x00000756       0xbc ./Core/Src/sysmem.o
 .debug_abbrev  0x00000812      0x117 ./Core/Src/system_stm32l4xx.o
 .debug_abbrev  0x00000929       0x24 ./Core/Startup/startup_stm32l412cbtx.o
 .debug_abbrev  0x0000094d      0x257 ./Drivers/STM32L4xx_HAL_Driver/Src/stm32l4xx_hal.o
 .debug_abbrev  0x00000ba4      0x31c ./Drivers/STM32L4xx_HAL_Driver/Src/stm32l4xx_hal_cortex.o
 .debug_abbrev  0x00000ec0      0x1d1 ./Drivers/STM32L4xx_HAL_Driver/Src/stm32l4xx_hal_gpio.o
 .debug_abbrev  0x00001091      0x2f9 ./Drivers/STM32L4xx_HAL_Driver/Src/stm32l4xx_hal_pcd.o
 .debug_abbrev  0x0000138a      0x200 ./Drivers/STM32L4xx_HAL_Driver/Src/stm32l4xx_hal_pcd_ex.o
 .debug_abbrev  0x0000158a      0x1f9 ./Drivers/STM32L4xx_HAL_Driver/Src/stm32l4xx_hal_pwr_ex.o
 .debug_abbrev  0x00001783      0x2e7 ./Drivers/STM32L4xx_HAL_Driver/Src/stm32l4xx_hal_rcc.o
 .debug_abbrev  0x00001a6a      0x26c ./Drivers/STM32L4xx_HAL_Driver/Src/stm32l4xx_hal_rcc_ex.o
 .debug_abbrev  0x00001cd6      0x2f3 ./Drivers/STM32L4xx_HAL_Driver/Src/stm32l4xx_hal_uart.o
 .debug_abbrev  0x00001fc9      0x1ef ./Drivers/STM32L4xx_HAL_Driver/Src/stm32l4xx_ll_usb.o
 .debug_abbrev  0x000021b8      0x24b ./Drivers/tmc/ic/TMC9660/TMC9660.o
 .debug_abbrev  0x00002403      0x2db ./Middlewares/ST/STM32_USB_Device_Library/Class/CDC/Src/usbd_cdc.o
 .debug_abbrev  0x000026de      0x294 ./Middlewares/ST/STM32_USB_Device_Library/Core/Src/usbd_core.o
 .debug_abbrev  0x00002972      0x276 ./Middlewares/ST/STM32_USB_Device_Library/Core/Src/usbd_ctlreq.o
 .debug_abbrev  0x00002be8      0x1b2 ./Middlewares/ST/STM32_USB_Device_Library/Core/Src/usbd_ioreq.o
 .debug_abbrev  0x00002d9a      0x1ad ./USB_DEVICE/App/usb_device.o
 .debug_abbrev  0x00002f47      0x2b5 ./USB_DEVICE/App/usbd_cdc_if.o
 .debug_abbrev  0x000031fc      0x1fb ./USB_DEVICE/App/usbd_desc.o
 .debug_abbrev  0x000033f7      0x343 ./USB_DEVICE/Target/usbd_conf.o

.debug_aranges  0x00000000     0x10a0
 .debug_aranges
                0x00000000       0xd0 ./Core/Src/main.o
 .debug_aranges
                0x000000d0       0x30 ./Core/Src/stm32l4xx_hal_msp.o
 .debug_aranges
                0x00000100       0x68 ./Core/Src/stm32l4xx_it.o
 .debug_aranges
                0x00000168       0x20 ./Core/Src/sysmem.o
 .debug_aranges
                0x00000188       0x28 ./Core/Src/system_stm32l4xx.o
 .debug_aranges
                0x000001b0       0x28 ./Core/Startup/startup_stm32l412cbtx.o
 .debug_aranges
                0x000001d8      0x108 ./Drivers/STM32L4xx_HAL_Driver/Src/stm32l4xx_hal.o
 .debug_aranges
                0x000002e0      0x128 ./Drivers/STM32L4xx_HAL_Driver/Src/stm32l4xx_hal_cortex.o
 .debug_aranges
                0x00000408       0x58 ./Drivers/STM32L4xx_HAL_Driver/Src/stm32l4xx_hal_gpio.o
 .debug_aranges
                0x00000460      0x138 ./Drivers/STM32L4xx_HAL_Driver/Src/stm32l4xx_hal_pcd.o
 .debug_aranges
                0x00000598       0x58 ./Drivers/STM32L4xx_HAL_Driver/Src/stm32l4xx_hal_pcd_ex.o
 .debug_aranges
                0x000005f0      0x148 ./Drivers/STM32L4xx_HAL_Driver/Src/stm32l4xx_hal_pwr_ex.o
 .debug_aranges
                0x00000738       0x90 ./Drivers/STM32L4xx_HAL_Driver/Src/stm32l4xx_hal_rcc.o
 .debug_aranges
                0x000007c8       0xd0 ./Drivers/STM32L4xx_HAL_Driver/Src/stm32l4xx_hal_rcc_ex.o
 .debug_aranges
                0x00000898      0x228 ./Drivers/STM32L4xx_HAL_Driver/Src/stm32l4xx_hal_uart.o
 .debug_aranges
                0x00000ac0       0xf8 ./Drivers/STM32L4xx_HAL_Driver/Src/stm32l4xx_ll_usb.o
 .debug_aranges
                0x00000bb8       0xb8 ./Drivers/tmc/ic/TMC9660/TMC9660.o
 .debug_aranges
                0x00000c70       0x90 ./Middlewares/ST/STM32_USB_Device_Library/Class/CDC/Src/usbd_cdc.o
 .debug_aranges
                0x00000d00       0xd8 ./Middlewares/ST/STM32_USB_Device_Library/Core/Src/usbd_core.o
 .debug_aranges
                0x00000dd8       0x90 ./Middlewares/ST/STM32_USB_Device_Library/Core/Src/usbd_ctlreq.o
 .debug_aranges
                0x00000e68       0x50 ./Middlewares/ST/STM32_USB_Device_Library/Core/Src/usbd_ioreq.o
 .debug_aranges
                0x00000eb8       0x20 ./USB_DEVICE/App/usb_device.o
 .debug_aranges
                0x00000ed8       0x48 ./USB_DEVICE/App/usbd_cdc_if.o
 .debug_aranges
                0x00000f20       0x68 ./USB_DEVICE/App/usbd_desc.o
 .debug_aranges
                0x00000f88      0x118 ./USB_DEVICE/Target/usbd_conf.o

.debug_rnglists
                0x00000000      0xc88
 .debug_rnglists
                0x00000000       0x9e ./Core/Src/main.o
 .debug_rnglists
                0x0000009e       0x20 ./Core/Src/stm32l4xx_hal_msp.o
 .debug_rnglists
                0x000000be       0x49 ./Core/Src/stm32l4xx_it.o
 .debug_rnglists
                0x00000107       0x13 ./Core/Src/sysmem.o
 .debug_rnglists
                0x0000011a       0x1a ./Core/Src/system_stm32l4xx.o
 .debug_rnglists
                0x00000134       0x19 ./Core/Startup/startup_stm32l412cbtx.o
 .debug_rnglists
                0x0000014d       0xc1 ./Drivers/STM32L4xx_HAL_Driver/Src/stm32l4xx_hal.o
 .debug_rnglists
                0x0000020e       0xda ./Drivers/STM32L4xx_HAL_Driver/Src/stm32l4xx_hal_cortex.o
 .debug_rnglists
                0x000002e8       0x3f ./Drivers/STM32L4xx_HAL_Driver/Src/stm32l4xx_hal_gpio.o
 .debug_rnglists
                0x00000327       0xee ./Drivers/STM32L4xx_HAL_Driver/Src/stm32l4xx_hal_pcd.o
 .debug_rnglists
                0x00000415       0x3f ./Drivers/STM32L4xx_HAL_Driver/Src/stm32l4xx_hal_pcd_ex.o
 .debug_rnglists
                0x00000454       0xf7 ./Drivers/STM32L4xx_HAL_Driver/Src/stm32l4xx_hal_pwr_ex.o
 .debug_rnglists
                0x0000054b       0x6d ./Drivers/STM32L4xx_HAL_Driver/Src/stm32l4xx_hal_rcc.o
 .debug_rnglists
                0x000005b8       0x9f ./Drivers/STM32L4xx_HAL_Driver/Src/stm32l4xx_hal_rcc_ex.o
 .debug_rnglists
                0x00000657      0x1da ./Drivers/STM32L4xx_HAL_Driver/Src/stm32l4xx_hal_uart.o
 .debug_rnglists
                0x00000831       0xbd ./Drivers/STM32L4xx_HAL_Driver/Src/stm32l4xx_ll_usb.o
 .debug_rnglists
                0x000008ee       0x8b ./Drivers/tmc/ic/TMC9660/TMC9660.o
 .debug_rnglists
                0x00000979       0x6c ./Middlewares/ST/STM32_USB_Device_Library/Class/CDC/Src/usbd_cdc.o
 .debug_rnglists
                0x000009e5       0xa1 ./Middlewares/ST/STM32_USB_Device_Library/Core/Src/usbd_core.o
 .debug_rnglists
                0x00000a86       0x6e ./Middlewares/ST/STM32_USB_Device_Library/Core/Src/usbd_ctlreq.o
 .debug_rnglists
                0x00000af4       0x37 ./Middlewares/ST/STM32_USB_Device_Library/Core/Src/usbd_ioreq.o
 .debug_rnglists
                0x00000b2b       0x13 ./USB_DEVICE/App/usb_device.o
 .debug_rnglists
                0x00000b3e       0x32 ./USB_DEVICE/App/usbd_cdc_if.o
 .debug_rnglists
                0x00000b70       0x49 ./USB_DEVICE/App/usbd_desc.o
 .debug_rnglists
                0x00000bb9       0xcf ./USB_DEVICE/Target/usbd_conf.o

.debug_macro    0x00000000    0x1ddea
 .debug_macro   0x00000000      0x3c8 ./Core/Src/main.o
 .debug_macro   0x000003c8      0xad8 ./Core/Src/main.o
 .debug_macro   0x00000ea0      0x1a7 ./Core/Src/main.o
 .debug_macro   0x00001047       0x2e ./Core/Src/main.o
 .debug_macro   0x00001075       0x28 ./Core/Src/main.o
 .debug_macro   0x0000109d       0x22 ./Core/Src/main.o
 .debug_macro   0x000010bf       0x8e ./Core/Src/main.o
 .debug_macro   0x0000114d       0x51 ./Core/Src/main.o
 .debug_macro   0x0000119e      0x103 ./Core/Src/main.o
 .debug_macro   0x000012a1       0x6a ./Core/Src/main.o
 .debug_macro   0x0000130b      0x1df ./Core/Src/main.o
 .debug_macro   0x000014ea       0x1c ./Core/Src/main.o
 .debug_macro   0x00001506       0x22 ./Core/Src/main.o
 .debug_macro   0x00001528       0xfb ./Core/Src/main.o
 .debug_macro   0x00001623     0x1011 ./Core/Src/main.o
 .debug_macro   0x00002634      0x11f ./Core/Src/main.o
 .debug_macro   0x00002753     0xe4b1 ./Core/Src/main.o
 .debug_macro   0x00010c04       0x6d ./Core/Src/main.o
 .debug_macro   0x00010c71     0x38f4 ./Core/Src/main.o
 .debug_macro   0x00014565      0x190 ./Core/Src/main.o
 .debug_macro   0x000146f5       0x5c ./Core/Src/main.o
 .debug_macro   0x00014751     0x105e ./Core/Src/main.o
 .debug_macro   0x000157af      0x49b ./Core/Src/main.o
 .debug_macro   0x00015c4a      0x1b9 ./Core/Src/main.o
 .debug_macro   0x00015e03       0xd7 ./Core/Src/main.o
 .debug_macro   0x00015eda      0x2c4 ./Core/Src/main.o
 .debug_macro   0x0001619e      0x27a ./Core/Src/main.o
 .debug_macro   0x00016418      0x23d ./Core/Src/main.o
 .debug_macro   0x00016655      0x21c ./Core/Src/main.o
 .debug_macro   0x00016871      0x375 ./Core/Src/main.o
 .debug_macro   0x00016be6       0xd6 ./Core/Src/main.o
 .debug_macro   0x00016cbc       0xb7 ./Core/Src/main.o
 .debug_macro   0x00016d73      0x22d ./Core/Src/main.o
 .debug_macro   0x00016fa0      0x122 ./Core/Src/main.o
 .debug_macro   0x000170c2      0x364 ./Core/Src/main.o
 .debug_macro   0x00017426      0x5cf ./Core/Src/main.o
 .debug_macro   0x000179f5       0x44 ./Core/Src/main.o
 .debug_macro   0x00017a39      0x220 ./Core/Src/main.o
 .debug_macro   0x00017c59       0x61 ./Core/Src/main.o
 .debug_macro   0x00017cba       0x2a ./Core/Src/main.o
 .debug_macro   0x00017ce4       0x43 ./Core/Src/main.o
 .debug_macro   0x00017d27       0x34 ./Core/Src/main.o
 .debug_macro   0x00017d5b       0x16 ./Core/Src/main.o
 .debug_macro   0x00017d71       0x3c ./Core/Src/main.o
 .debug_macro   0x00017dad      0x370 ./Core/Src/main.o
 .debug_macro   0x0001811d       0x10 ./Core/Src/main.o
 .debug_macro   0x0001812d       0x16 ./Core/Src/main.o
 .debug_macro   0x00018143       0x4a ./Core/Src/main.o
 .debug_macro   0x0001818d       0x34 ./Core/Src/main.o
 .debug_macro   0x000181c1       0x10 ./Core/Src/main.o
 .debug_macro   0x000181d1       0x58 ./Core/Src/main.o
 .debug_macro   0x00018229       0x8e ./Core/Src/main.o
 .debug_macro   0x000182b7       0x1c ./Core/Src/main.o
 .debug_macro   0x000182d3      0x185 ./Core/Src/main.o
 .debug_macro   0x00018458       0x16 ./Core/Src/main.o
 .debug_macro   0x0001846e       0x16 ./Core/Src/main.o
 .debug_macro   0x00018484      0x146 ./Core/Src/main.o
 .debug_macro   0x000185ca       0x16 ./Core/Src/main.o
 .debug_macro   0x000185e0       0x16 ./Core/Src/main.o
 .debug_macro   0x000185f6       0x29 ./Core/Src/main.o
 .debug_macro   0x0001861f       0x16 ./Core/Src/main.o
 .debug_macro   0x00018635       0x20 ./Core/Src/main.o
 .debug_macro   0x00018655       0x5f ./Core/Src/main.o
 .debug_macro   0x000186b4      0x20f ./Core/Src/main.o
 .debug_macro   0x000188c3       0x95 ./Core/Src/main.o
 .debug_macro   0x00018958       0x10 ./Core/Src/main.o
 .debug_macro   0x00018968       0x22 ./Core/Src/main.o
 .debug_macro   0x0001898a      0xf05 ./Core/Src/main.o
 .debug_macro   0x0001988f      0x76b ./Core/Src/main.o
 .debug_macro   0x00019ffa       0x4c ./Core/Src/main.o
 .debug_macro   0x0001a046      0x1e8 ./Core/Src/stm32l4xx_hal_msp.o
 .debug_macro   0x0001a22e      0x1f2 ./Core/Src/stm32l4xx_it.o
 .debug_macro   0x0001a420      0x112 ./Core/Src/sysmem.o
 .debug_macro   0x0001a532      0x23c ./Core/Src/sysmem.o
 .debug_macro   0x0001a76e      0x1de ./Core/Src/system_stm32l4xx.o
 .debug_macro   0x0001a94c      0x226 ./Drivers/STM32L4xx_HAL_Driver/Src/stm32l4xx_hal.o
 .debug_macro   0x0001ab72      0x1de ./Drivers/STM32L4xx_HAL_Driver/Src/stm32l4xx_hal_cortex.o
 .debug_macro   0x0001ad50      0x1e5 ./Drivers/STM32L4xx_HAL_Driver/Src/stm32l4xx_hal_gpio.o
 .debug_macro   0x0001af35      0x1ea ./Drivers/STM32L4xx_HAL_Driver/Src/stm32l4xx_hal_pcd.o
 .debug_macro   0x0001b11f      0x1de ./Drivers/STM32L4xx_HAL_Driver/Src/stm32l4xx_hal_pcd_ex.o
 .debug_macro   0x0001b2fd      0x202 ./Drivers/STM32L4xx_HAL_Driver/Src/stm32l4xx_hal_pwr_ex.o
 .debug_macro   0x0001b4ff      0x220 ./Drivers/STM32L4xx_HAL_Driver/Src/stm32l4xx_hal_rcc.o
 .debug_macro   0x0001b71f      0x214 ./Drivers/STM32L4xx_HAL_Driver/Src/stm32l4xx_hal_rcc_ex.o
 .debug_macro   0x0001b933      0x209 ./Drivers/STM32L4xx_HAL_Driver/Src/stm32l4xx_hal_uart.o
 .debug_macro   0x0001bb3c      0x1de ./Drivers/STM32L4xx_HAL_Driver/Src/stm32l4xx_ll_usb.o
 .debug_macro   0x0001bd1a       0x7f ./Drivers/tmc/ic/TMC9660/TMC9660.o
 .debug_macro   0x0001bd99      0x377 ./Middlewares/ST/STM32_USB_Device_Library/Class/CDC/Src/usbd_cdc.o