../Drivers/tmc/ic/TMC9660/TMC9660_BL_HW_Abstraction.h:37:24:field_update32	16	static
../Drivers/tmc/ic/TMC9660/TMC9660_BL_HW_Abstraction.h:69:24:field_update16	24	static
/Users/nbreit/repos/ECE395/TMC_Bringup/Core/Src/main.c:70:10:tmc_getMicrosecondTimestamp	8	static
/Users/nbreit/repos/ECE395/TMC_Bringup/Core/Src/main.c:78:16:tmc9660_getBusType	16	static
/Users/nbreit/repos/ECE395/TMC_Bringup/Core/Src/main.c:84:21:tmc9660_getBusAddresses	24	static
/Users/nbreit/repos/ECE395/TMC_Bringup/Core/Src/main.c:93:6:tmc9660_readWriteUART	32	static
/Users/nbreit/repos/ECE395/TMC_Bringup/Core/Src/main.c:135:6:UART_Printf	144	static
/Users/nbreit/repos/ECE395/TMC_Bringup/Core/Src/main.c:144:6:Test_TMC9660_Status	24	static
/Users/nbreit/repos/ECE395/TMC_Bringup/Core/Src/main.c:184:6:ERR_Handler	16	static
/Users/nbreit/repos/ECE395/TMC_Bringup/Core/Src/main.c:189:6:tmc9660_app_GotoBootMode	24	static
/Users/nbreit/repos/ECE395/TMC_Bringup/Core/Src/main.c:219:24:tmc9660_app_volt100mVtoMV	16	static
/Users/nbreit/repos/ECE395/TMC_Bringup/Core/Src/main.c:224:13:verifyMotorVoltage	24	static
/Users/nbreit/repos/ECE395/TMC_Bringup/Core/Src/main.c:242:13:setupMotorType	16	static
/Users/nbreit/repos/ECE395/TMC_Bringup/Core/Src/main.c:249:13:setupPolePairs	16	static
/Users/nbreit/repos/ECE395/TMC_Bringup/Core/Src/main.c:256:13:setupCommutationMode	16	static
/Users/nbreit/repos/ECE395/TMC_Bringup/Core/Src/main.c:267:6:tmc9660_app_setupQBL5704BLDCHallFeedbackTest	24	static
/Users/nbreit/repos/ECE395/TMC_Bringup/Core/Src/main.c:312:5:main	496	static
/Users/nbreit/repos/ECE395/TMC_Bringup/Core/Src/main.c:713:6:SystemClock_Config	96	static
/Users/nbreit/repos/ECE395/TMC_Bringup/Core/Src/main.c:763:13:MX_USART2_UART_Init	8	static
/Users/nbreit/repos/ECE395/TMC_Bringup/Core/Src/main.c:798:13:MX_USART3_UART_Init	8	static
/Users/nbreit/repos/ECE395/TMC_Bringup/Core/Src/main.c:833:13:MX_GPIO_Init	48	static
/Users/nbreit/repos/ECE395/TMC_Bringup/Core/Src/main.c:875:6:Error_Handler	4	static,ignoring_inline_asm
