../Drivers/tmc/ic/TMC9660/TMC9660_BL_HW_Abstraction.h:37:24:field_update32	1
../Drivers/tmc/ic/TMC9660/TMC9660_BL_HW_Abstraction.h:69:24:field_update16	1
/Users/nbreit/repos/ECE395/TMC_Bringup/Core/Src/main.c:69:10:tmc_getMicrosecondTimestamp	1
/Users/nbreit/repos/ECE395/TMC_Bringup/Core/Src/main.c:77:16:tmc9660_getBusType	1
/Users/nbreit/repos/ECE395/TMC_Bringup/Core/Src/main.c:83:21:tmc9660_getBusAddresses	1
/Users/nbreit/repos/ECE395/TMC_Bringup/Core/Src/main.c:92:6:tmc9660_readWriteUART	7
/Users/nbreit/repos/ECE395/TMC_Bringup/Core/Src/main.c:134:6:UART_Printf	2
/Users/nbreit/repos/ECE395/TMC_Bringup/Core/Src/main.c:143:6:Test_TMC9660_Status	14
/Users/nbreit/repos/ECE395/TMC_Bringup/Core/Src/main.c:183:6:ERR_Handler	1
/Users/nbreit/repos/ECE395/TMC_Bringup/Core/Src/main.c:193:5:main	41
/Users/nbreit/repos/ECE395/TMC_Bringup/Core/Src/main.c:583:6:SystemClock_Config	4
/Users/nbreit/repos/ECE395/TMC_Bringup/Core/Src/main.c:633:13:MX_USART2_UART_Init	2
/Users/nbreit/repos/ECE395/TMC_Bringup/Core/Src/main.c:668:13:MX_USART3_UART_Init	2
/Users/nbreit/repos/ECE395/TMC_Bringup/Core/Src/main.c:703:13:MX_GPIO_Init	1
/Users/nbreit/repos/ECE395/TMC_Bringup/Core/Src/main.c:745:6:Error_Handler	1
