Archive member included to satisfy reference by file (symbol)

/Applications/STM32CubeIDE.app/Contents/Eclipse/plugins/com.st.stm32cube.ide.mcu.externaltools.gnu-tools-for-stm32.13.3.rel1.macos64_1.0.100.202509120712/tools/bin/../lib/gcc/arm-none-eabi/13.3.1/../../../../arm-none-eabi/lib/thumb/v7e-m+fp/hard/libc_nano.a(libc_a-exit.o)
                              /Applications/STM32CubeIDE.app/Contents/Eclipse/plugins/com.st.stm32cube.ide.mcu.externaltools.gnu-tools-for-stm32.13.3.rel1.macos64_1.0.100.202509120712/tools/bin/../lib/gcc/arm-none-eabi/13.3.1/../../../../arm-none-eabi/lib/thumb/v7e-m+fp/hard/crt0.o (exit)
/Applications/STM32CubeIDE.app/Contents/Eclipse/plugins/com.st.stm32cube.ide.mcu.externaltools.gnu-tools-for-stm32.13.3.rel1.macos64_1.0.100.202509120712/tools/bin/../lib/gcc/arm-none-eabi/13.3.1/../../../../arm-none-eabi/lib/thumb/v7e-m+fp/hard/libc_nano.a(libc_a-findfp.o)
                              /Applications/STM32CubeIDE.app/Contents/Eclipse/plugins/com.st.stm32cube.ide.mcu.externaltools.gnu-tools-for-stm32.13.3.rel1.macos64_1.0.100.202509120712/tools/bin/../lib/gcc/arm-none-eabi/13.3.1/../../../../arm-none-eabi/lib/thumb/v7e-m+fp/hard/libc_nano.a(libc_a-exit.o) (__stdio_exit_handler)
/Applications/STM32CubeIDE.app/Contents/Eclipse/plugins/com.st.stm32cube.ide.mcu.externaltools.gnu-tools-for-stm32.13.3.rel1.macos64_1.0.100.202509120712/tools/bin/../lib/gcc/arm-none-eabi/13.3.1/../../../../arm-none-eabi/lib/thumb/v7e-m+fp/hard/libc_nano.a(libc_a-vsnprintf.o)
                              ./Application/User/Core/main.o (vsnprintf)
/Applications/STM32CubeIDE.app/Contents/Eclipse/plugins/com.st.stm32cube.ide.mcu.externaltools.gnu-tools-for-stm32.13.3.rel1.macos64_1.0.100.202509120712/tools/bin/../lib/gcc/arm-none-eabi/13.3.1/../../../../arm-none-eabi/lib/thumb/v7e-m+fp/hard/libc_nano.a(libc_a-fwalk.o)
                              /Applications/STM32CubeIDE.app/Contents/Eclipse/plugins/com.st.stm32cube.ide.mcu.externaltools.gnu-tools-for-stm32.13.3.rel1.macos64_1.0.100.202509120712/tools/bin/../lib/gcc/arm-none-eabi/13.3.1/../../../../arm-none-eabi/lib/thumb/v7e-m+fp/hard/libc_nano.a(libc_a-findfp.o) (_fwalk_sglue)
/Applications/STM32CubeIDE.app/Contents/Eclipse/plugins/com.st.stm32cube.ide.mcu.externaltools.gnu-tools-for-stm32.13.3.rel1.macos64_1.0.100.202509120712/tools/bin/../lib/gcc/arm-none-eabi/13.3.1/../../../../arm-none-eabi/lib/thumb/v7e-m+fp/hard/libc_nano.a(libc_a-memset.o)
                              /Applications/STM32CubeIDE.app/Contents/Eclipse/plugins/com.st.stm32cube.ide.mcu.externaltools.gnu-tools-for-stm32.13.3.rel1.macos64_1.0.100.202509120712/tools/bin/../lib/gcc/arm-none-eabi/13.3.1/../../../../arm-none-eabi/lib/thumb/v7e-m+fp/hard/crt0.o (memset)
/Applications/STM32CubeIDE.app/Contents/Eclipse/plugins/com.st.stm32cube.ide.mcu.externaltools.gnu-tools-for-stm32.13.3.rel1.macos64_1.0.100.202509120712/tools/bin/../lib/gcc/arm-none-eabi/13.3.1/../../../../arm-none-eabi/lib/thumb/v7e-m+fp/hard/libc_nano.a(libc_a-errno.o)
                              ./Application/User/Core/syscalls.o (__errno)
/Applications/STM32CubeIDE.app/Contents/Eclipse/plugins/com.st.stm32cube.ide.mcu.externaltools.gnu-tools-for-stm32.13.3.rel1.macos64_1.0.100.202509120712/tools/bin/../lib/gcc/arm-none-eabi/13.3.1/../../../../arm-none-eabi/lib/thumb/v7e-m+fp/hard/libc_nano.a(libc_a-init.o)
                              /Applications/STM32CubeIDE.app/Contents/Eclipse/plugins/com.st.stm32cube.ide.mcu.externaltools.gnu-tools-for-stm32.13.3.rel1.macos64_1.0.100.202509120712/tools/bin/../lib/gcc/arm-none-eabi/13.3.1/../../../../arm-none-eabi/lib/thumb/v7e-m+fp/hard/crt0.o (__libc_init_array)
/Applications/STM32CubeIDE.app/Contents/Eclipse/plugins/com.st.stm32cube.ide.mcu.externaltools.gnu-tools-for-stm32.13.3.rel1.macos64_1.0.100.202509120712/tools/bin/../lib/gcc/arm-none-eabi/13.3.1/../../../../arm-none-eabi/lib/thumb/v7e-m+fp/hard/libc_nano.a(libc_a-lock.o)
                              /Applications/STM32CubeIDE.app/Contents/Eclipse/plugins/com.st.stm32cube.ide.mcu.externaltools.gnu-tools-for-stm32.13.3.rel1.macos64_1.0.100.202509120712/tools/bin/../lib/gcc/arm-none-eabi/13.3.1/../../../../arm-none-eabi/lib/thumb/v7e-m+fp/hard/libc_nano.a(libc_a-findfp.o) (__retarget_lock_init_recursive)
/Applications/STM32CubeIDE.app/Contents/Eclipse/plugins/com.st.stm32cube.ide.mcu.externaltools.gnu-tools-for-stm32.13.3.rel1.macos64_1.0.100.202509120712/tools/bin/../lib/gcc/arm-none-eabi/13.3.1/../../../../arm-none-eabi/lib/thumb/v7e-m+fp/hard/libc_nano.a(libc_a-impure.o)
                              /Applications/STM32CubeIDE.app/Contents/Eclipse/plugins/com.st.stm32cube.ide.mcu.externaltools.gnu-tools-for-stm32.13.3.rel1.macos64_1.0.100.202509120712/tools/bin/../lib/gcc/arm-none-eabi/13.3.1/../../../../arm-none-eabi/lib/thumb/v7e-m+fp/hard/libc_nano.a(libc_a-vsnprintf.o) (_impure_ptr)
[...]
Memory Configuration

Name             Origin             Length             Attributes
RAM              0x20000000         0x00018000         xrw
RAM2             0x10000000         0x00008000         xrw
FLASH            0x08000000         0x00100000         xr
*default*        0x00000000         0xffffffff

Linker script and memory map

LOAD /Applications/STM32CubeIDE.app/Contents/Eclipse/plugins/com.st.stm32cube.ide.mcu.externaltools.gnu-tools-for-stm32.13.3.rel1.macos64_1.0.100.202509120712/tools/bin/../lib/gcc/arm-none-eabi/13.3.1/thumb/v7e-m+fp/hard/crti.o
LOAD /Applications/STM32CubeIDE.app/Contents/Eclipse/plugins/com.st.stm32cube.ide.mcu.externaltools.gnu-tools-for-stm32.13.3.rel1.macos64_1.0.100.202509120712/tools/bin/../lib/gcc/arm-none-eabi/13.3.1/thumb/v7e-m+fp/hard/crtbegin.o
LOAD /Applications/STM32CubeIDE.app/Contents/Eclipse/plugins/com.st.stm32cube.ide.mcu.externaltools.gnu-tools-for-stm32.13.3.rel1.macos64_1.0.100.202509120712/tools/bin/../lib/gcc/arm-none-eabi/13.3.1/../../../../arm-none-eabi/lib/thumb/v7e-m+fp/hard/crt0.o
LOAD ./Application/User/Core/main.o
LOAD ./Application/User/Core/stm32l4xx_hal_msp.o
LOAD ./Application/User/Core/stm32l4xx_it.o
LOAD ./Application/User/Core/syscalls.o
LOAD ./Application/User/Core/sysmem.o
LOAD ./Application/User/Startup/startup_stm32l476rgtx.o
LOAD ./Drivers/CMSIS/system_stm32l4xx.o
LOAD ./Drivers/STM32L4xx_HAL_Driver/stm32l4xx_hal.o
LOAD ./Drivers/STM32L4xx_HAL_Driver/stm32l4xx_hal_cortex.o
LOAD ./Drivers/STM32L4xx_HAL_Driver/stm32l4xx_hal_dma.o
LOAD ./Drivers/STM32L4xx_HAL_Driver/stm32l4xx_hal_dma_ex.o
LOAD ./Drivers/STM32L4xx_HAL_Driver/stm32l4xx_hal_exti.o
LOAD ./Drivers/STM32L4xx_HAL_Driver/stm32l4xx_hal_flash.o
LOAD ./Drivers/STM32L4xx_HAL_Driver/stm32l4xx_hal_flash_ex.o
LOAD ./Drivers/STM32L4xx_HAL_Driver/stm32l4xx_hal_flash_ramfunc.o
LOAD ./Drivers/STM32L4xx_HAL_Driver/stm32l4xx_hal_gpio.o
LOAD ./Drivers/STM32L4xx_HAL_Driver/stm32l4xx_hal_i2c.o
LOAD ./Drivers/STM32L4xx_HAL_Driver/stm32l4xx_hal_i2c_ex.o
LOAD ./Drivers/STM32L4xx_HAL_Driver/stm32l4xx_hal_pwr.o
LOAD ./Drivers/STM32L4xx_HAL_Driver/stm32l4xx_hal_pwr_ex.o
LOAD ./Drivers/STM32L4xx_HAL_Driver/stm32l4xx_hal_rcc.o
LOAD ./Drivers/STM32L4xx_HAL_Driver/stm32l4xx_hal_rcc_ex.o
LOAD ./Drivers/STM32L4xx_HAL_Driver/stm32l4xx_hal_uart.o
LOAD ./Drivers/STM32L4xx_HAL_Driver/stm32l4xx_hal_uart_ex.o
LOAD ./Drivers/tmc/helpers/CRC.o
LOAD ./Drivers/tmc/helpers/Functions.o
LOAD ./Drivers/tmc/ic/TMC9660/TMC9660.o
LOAD ./Drivers/tmc/ramp/LinearRamp.o
LOAD ./Drivers/tmc/ramp/LinearRamp1.o
LOAD ./Drivers/tmc/ramp/Ramp.o
START GROUP
LOAD /Applications/STM32CubeIDE.app/Contents/Eclipse/plugins/com.st.stm32cube.ide.mcu.externaltools.gnu-tools-for-stm32.13.3.rel1.macos64_1.0.100.202509120712/tools/bin/../lib/gcc/arm-none-eabi/13.3.1/../../../../arm-none-eabi/lib/thumb/v7e-m+fp/hard/libc_nano.a
LOAD /Applications/STM32CubeIDE.app/Contents/Eclipse/plugins/com.st.stm32cube.ide.mcu.externaltools.gnu-tools-for-stm32.13.3.rel1.macos64_1.0.100.202509120712/tools/bin/../lib/gcc/arm-none-eabi/13.3.1/../../../../arm-none-eabi/lib/thumb/v7e-m+fp/hard/libm.a
END GROUP
START GROUP
LOAD /Applications/STM32CubeIDE.app/Contents/Eclipse/plugins/com.st.stm32cube.ide.mcu.externaltools.gnu-tools-for-stm32.13.3.rel1.macos64_1.0.100.202509120712/tools/bin/../lib/gcc/arm-none-eabi/13.3.1/thumb/v7e-m+fp/hard/libgcc.a
LOAD /Applications/STM32CubeIDE.app/Contents/Eclipse/plugins/com.st.stm32cube.ide.mcu.externaltools.gnu-tools-for-stm32.13.3.rel1.macos64_1.0.100.202509120712/tools/bin/../lib/gcc/arm-none-eabi/13.3.1/../../../../arm-none-eabi/lib/thumb/v7e-m+fp/hard/libc_nano.a
END GROUP
START GROUP
LOAD /Applications/STM32CubeIDE.app/Contents/Eclipse/plugins/com.st.stm32cube.ide.mcu.externaltools.gnu-tools-for-stm32.13.3.rel1.macos64_1.0.100.202509120712/tools/bin/../lib/gcc/arm-none-eabi/13.3.1/thumb/v7e-m+fp/hard/libgcc.a
LOAD /Applications/STM32CubeIDE.app/Contents/Eclipse/plugins/com.st.stm32cube.ide.mcu.externaltools.gnu-tools-for-stm32.13.3.rel1.macos64_1.0.100.202509120712/tools/bin/../lib/gcc/arm-none-eabi/13.3.1/../../../../arm-none-eabi/lib/thumb/v7e-m+fp/hard/libc_nano.a
LOAD /Applications/STM32CubeIDE.app/Contents/Eclipse/plugins/com.st.stm32cube.ide.mcu.externaltools.gnu-tools-for-stm32.13.3.rel1.macos64_1.0.100.202509120712/tools/bin/../lib/gcc/arm-none-eabi/13.3.1/../../../../arm-none-eabi/lib/thumb/v7e-m+fp/hard/libnosys.a
END GROUP
START GROUP
LOAD /Applications/STM32CubeIDE.app/Contents/Eclipse/plugins/com.st.stm32cube.ide.mcu.externaltools.gnu-tools-for-stm32.13.3.rel1.macos64_1.0.100.202509120712/tools/bin/../lib/gcc/arm-none-eabi/13.3.1/thumb/v7e-m+fp/hard/libgcc.a
LOAD /Applications/STM32CubeIDE.app/Contents/Eclipse/plugins/com.st.stm32cube.ide.mcu.externaltools.gnu-tools-for-stm32.13.3.rel1.macos64_1.0.100.202509120712/tools/bin/../lib/gcc/arm-none-eabi/13.3.1/../../../../arm-none-eabi/lib/thumb/v7e-m+fp/hard/libc_nano.a
LOAD /Applications/STM32CubeIDE.app/Contents/Eclipse/plugins/com.st.stm32cube.ide.mcu.externaltools.gnu-tools-for-stm32.13.3.rel1.macos64_1.0.100.202509120712/tools/bin/../lib/gcc/arm-none-eabi/13.3.1/../../../../arm-none-eabi/lib/thumb/v7e-m+fp/hard/libnosys.a
END GROUP
LOAD /Applications/STM32CubeIDE.app/Contents/Eclipse/plugins/com.st.stm32cube.ide.mcu.externaltools.gnu-tools-for-stm32.13.3.rel1.macos64_1.0.100.202509120712/tools/bin/../lib/gcc/arm-none-eabi/13.3.1/thumb/v7e-m+fp/hard/crtend.o
LOAD /Applications/STM32CubeIDE.app/Contents/Eclipse/plugins/com.st.stm32cube.ide.mcu.externaltools.gnu-tools-for-stm32.13.3.rel1.macos64_1.0.100.202509120712/tools/bin/../lib/gcc/arm-none-eabi/13.3.1/thumb/v7e-m+fp/hard/crtn.o
                0x20018000                        _estack = (ORIGIN (RAM) + LENGTH (RAM))
                0x00000200                        _Min_Heap_Size = 0x200
                0x00000400                        _Min_Stack_Size = 0x400

.isr_vector     0x08000000      0x188
                0x08000000                        . = ALIGN (0x4)
 *(.isr_vector)
 .isr_vector    0x08000000      0x188 ./Application/User/Startup/startup_stm32l476rgtx.o
                0x08000000                g_pfnVectors
                0x08000188                        . = ALIGN (0x4)

.text           0x08000190     0x402c
                0x08000190                        . = ALIGN (0x4)
 *(.text)
 .text          0x08000190       0x40 /Applications/STM32CubeIDE.app/Contents/Eclipse/plugins/com.st.stm32cube.ide.mcu.externaltools.gnu-tools-for-stm32.13.3.rel1.macos64_1.0.100.202509120712/tools/bin/../lib/gcc/arm-none-eabi/13.3.1/thumb/v7e-m+fp/hard/crtbegin.o
 .text          0x080001d0       0xa0 /Applications/STM32CubeIDE.app/Contents/Eclipse/plugins/com.st.stm32cube.ide.mcu.externaltools.gnu-tools-for-stm32.13.3.rel1.macos64_1.0.100.202509120712/tools/bin/../lib/gcc/arm-none-eabi/13.3.1/../../../../arm-none-eabi/lib/thumb/v7e-m+fp/hard/libc_nano.a(libc_a-memchr.o)
                0x080001d0                memchr
 .text          0x08000270       0x30 /Applications/STM32CubeIDE.app/Contents/Eclipse/plugins/com.st.stm32cube.ide.mcu.externaltools.gnu-tools-for-stm32.13.3.rel1.macos64_1.0.100.202509120712/tools/bin/../lib/gcc/arm-none-eabi/13.3.1/thumb/v7e-m+fp/hard/libgcc.a(_aeabi_uldivmod.o)
                0x08000270                __aeabi_uldivmod
 .text          0x080002a0      0x2f8 /Applications/STM32CubeIDE.app/Contents/Eclipse/plugins/com.st.stm32cube.ide.mcu.externaltools.gnu-tools-for-stm32.13.3.rel1.macos64_1.0.100.202509120712/tools/bin/../lib/gcc/arm-none-eabi/13.3.1/thumb/v7e-m+fp/hard/libgcc.a(_udivmoddi4.o)
                0x080002a0                __udivmoddi4
 .text          0x08000598        0x4 /Applications/STM32CubeIDE.app/Contents/Eclipse/plugins/com.st.stm32cube.ide.mcu.externaltools.gnu-tools-for-stm32.13.3.rel1.macos64_1.0.100.202509120712/tools/bin/../lib/gcc/arm-none-eabi/13.3.1/thumb/v7e-m+fp/hard/libgcc.a(_dvmd_tls.o)
                0x08000598                __aeabi_ldiv0
                0x08000598                __aeabi_idiv0
 *(.text*)
 .text.tmc9660_getBusType
                0x0800059c       0x18 ./Application/User/Core/main.o
                0x0800059c                tmc9660_getBusType
 .text.tmc9660_getBusAddresses
                0x080005b4       0x30 ./Application/User/Core/main.o
                0x080005b4                tmc9660_getBusAddresses
 .text.tmc9660_readWriteUART
                0x080005e4       0x78 ./Application/User/Core/main.o
                0x080005e4                tmc9660_readWriteUART
 .text.UART_Printf
                0x0800065c       0x4c ./Application/User/Core/main.o
                0x0800065c                UART_Printf
 .text.main     0x080006a8       0xbc ./Application/User/Core/main.o
                0x080006a8                main
 .text.SystemClock_Config
                0x08000764       0xa2 ./Application/User/Core/main.o
                0x08000764                SystemClock_Config
 *fill*         0x08000806        0x2 
 .text.MX_USART2_UART_Init
                0x08000808       0x60 ./Application/User/Core/main.o
 .text.MX_USART3_UART_Init
                0x08000868       0x60 ./Application/User/Core/main.o
 .text.MX_GPIO_Init
                0x080008c8       0xcc ./Application/User/Core/main.o
 .text.Error_Handler
                0x08000994        0xc ./Application/User/Core/main.o
                0x08000994                Error_Handler
 .text.HAL_MspInit
                0x080009a0       0x48 ./Application/User/Core/stm32l4xx_hal_msp.o
                0x080009a0                HAL_MspInit
 .text.HAL_UART_MspInit
                0x080009e8      0x144 ./Application/User/Core/stm32l4xx_hal_msp.o
                0x080009e8                HAL_UART_MspInit
 .text.NMI_Handler
                0x08000b2c        0x8 ./Application/User/Core/stm32l4xx_it.o
                0x08000b2c                NMI_Handler
 .text.HardFault_Handler
                0x08000b34        0x8 ./Application/User/Core/stm32l4xx_it.o
                0x08000b34                HardFault_Handler
 .text.MemManage_Handler
                0x08000b3c        0x8 ./Application/User/Core/stm32l4xx_it.o
                0x08000b3c                MemManage_Handler
 .text.BusFault_Handler
                0x08000b44        0x8 ./Application/User/Core/stm32l4xx_it.o
                0x08000b44                BusFault_Handler
 .text.UsageFault_Handler
                0x08000b4c        0x8 ./Application/User/Core/stm32l4xx_it.o
                0x08000b4c                UsageFault_Handler
 .text.SVC_Handler
                0x08000b54        0xe ./Application/User/Core/stm32l4xx_it.o
                0x08000b54                SVC_Handler
 .text.DebugMon_Handler
                0x08000b62        0xe ./Application/User/Core/stm32l4xx_it.o
                0x08000b62                DebugMon_Handler
 .text.PendSV_Handler
                0x08000b70        0xe ./Application/User/Core/stm32l4xx_it.o
                0x08000b70                PendSV_Handler
 .text.SysTick_Handler
                0x08000b7e        0xc ./Application/User/Core/stm32l4xx_it.o
                0x08000b7e                SysTick_Handler
 *fill*         0x08000b8a        0x2 
 .text._sbrk    0x08000b8c       0x6c ./Application/User/Core/sysmem.o
                0x08000b8c                _sbrk
 .text.Reset_Handler
                0x08000bf8       0x50 ./Application/User/Startup/startup_stm32l476rgtx.o
                0x08000bf8                Reset_Handler
 .text.Default_Handler
                0x08000c48        0x2 ./Application/User/Startup/startup_stm32l476rgtx.o
                0x08000c48                TIM1_BRK_TIM15_IRQHandler
                0x08000c48                EXTI2_IRQHandler
                0x08000c48                TIM8_TRG_COM_IRQHandler
                0x08000c48                TIM8_CC_IRQHandler
                0x08000c48                TIM1_CC_IRQHandler
                0x08000c48                TSC_IRQHandler
                0x08000c48                TAMP_STAMP_IRQHandler
                0x08000c48                EXTI3_IRQHandler
                0x08000c48                LPTIM2_IRQHandler
                0x08000c48                DFSDM1_FLT1_IRQHandler
                0x08000c48                I2C3_ER_IRQHandler
                0x08000c48                DFSDM1_FLT2_IRQHandler
                0x08000c48                EXTI0_IRQHandler
                0x08000c48                I2C2_EV_IRQHandler
                0x08000c48                CAN1_RX0_IRQHandler
                0x08000c48                FPU_IRQHandler
                0x08000c48                TIM1_UP_TIM16_IRQHandler
                0x08000c48                ADC1_2_IRQHandler
                0x08000c48                SPI1_IRQHandler
                0x08000c48                TIM6_DAC_IRQHandler
                0x08000c48                TIM8_UP_IRQHandler
                0x08000c48                DMA2_Channel2_IRQHandler
                0x08000c48                DMA1_Channel4_IRQHandler
                0x08000c48                SAI2_IRQHandler
                0x08000c48                DFSDM1_FLT3_IRQHandler
                0x08000c48                USART3_IRQHandler
                0x08000c48                DMA1_Channel7_IRQHandler
                0x08000c48                CAN1_RX1_IRQHandler
                0x08000c48                LCD_IRQHandler
                0x08000c48                UART5_IRQHandler
                0x08000c48                ADC3_IRQHandler
                0x08000c48                TIM4_IRQHandler
                0x08000c48                DMA2_Channel1_IRQHandler
                0x08000c48                QUADSPI_IRQHandler
                0x08000c48                I2C1_EV_IRQHandler
                0x08000c48                DMA1_Channel6_IRQHandler
                0x08000c48                UART4_IRQHandler
                0x08000c48                DMA2_Channel4_IRQHandler
                0x08000c48                TIM3_IRQHandler
                0x08000c48                RCC_IRQHandler
                0x08000c48                DMA1_Channel1_IRQHandler
                0x08000c48                Default_Handler
                0x08000c48                DMA2_Channel7_IRQHandler
                0x08000c48                EXTI15_10_IRQHandler
                0x08000c48                TIM7_IRQHandler
                0x08000c48                SDMMC1_IRQHandler
                0x08000c48                TIM5_IRQHandler
                0x08000c48                I2C3_EV_IRQHandler
                0x08000c48                EXTI9_5_IRQHandler
                0x08000c48                RTC_WKUP_IRQHandler
                0x08000c48                PVD_PVM_IRQHandler
                0x08000c48                SPI2_IRQHandler
                0x08000c48                CAN1_TX_IRQHandler
                0x08000c48                DMA2_Channel5_IRQHandler
                0x08000c48                DMA1_Channel5_IRQHandler
                0x08000c48                EXTI4_IRQHandler
                0x08000c48                RNG_IRQHandler
                0x08000c48                TIM1_TRG_COM_TIM17_IRQHandler
                0x08000c48                DMA1_Channel3_IRQHandler
                0x08000c48                COMP_IRQHandler
                0x08000c48                WWDG_IRQHandler
                0x08000c48                LPUART1_IRQHandler
                0x08000c48                DMA2_Channel6_IRQHandler
                0x08000c48                TIM2_IRQHandler
                0x08000c48                EXTI1_IRQHandler
                0x08000c48                USART2_IRQHandler
                0x08000c48                DFSDM1_FLT0_IRQHandler
                0x08000c48                I2C2_ER_IRQHandler
                0x08000c48                DMA1_Channel2_IRQHandler
                0x08000c48                TIM8_BRK_IRQHandler
                0x08000c48                CAN1_SCE_IRQHandler
                0x08000c48                FLASH_IRQHandler
                0x08000c48                USART1_IRQHandler
                0x08000c48                OTG_FS_IRQHandler
                0x08000c48                SPI3_IRQHandler
                0x08000c48                I2C1_ER_IRQHandler
                0x08000c48                FMC_IRQHandler
                0x08000c48                SWPMI1_IRQHandler
                0x08000c48                LPTIM1_IRQHandler
                0x08000c48                SAI1_IRQHandler
                0x08000c48                DMA2_Channel3_IRQHandler
                0x08000c48                RTC_Alarm_IRQHandler
 *fill*         0x08000c4a        0x2 
 .text.SystemInit
                0x08000c4c       0x24 ./Drivers/CMSIS/system_stm32l4xx.o
                0x08000c4c                SystemInit
 .text.HAL_Init
                0x08000c70       0x40 ./Drivers/STM32L4xx_HAL_Driver/stm32l4xx_hal.o
                0x08000c70                HAL_Init
 .text.HAL_InitTick
                0x08000cb0       0x78 ./Drivers/STM32L4xx_HAL_Driver/stm32l4xx_hal.o
                0x08000cb0                HAL_InitTick
 .text.HAL_IncTick
                0x08000d28       0x28 ./Drivers/STM32L4xx_HAL_Driver/stm32l4xx_hal.o
                0x08000d28                HAL_IncTick
 .text.HAL_GetTick
                0x08000d50       0x18 ./Drivers/STM32L4xx_HAL_Driver/stm32l4xx_hal.o
                0x08000d50                HAL_GetTick
 .text.HAL_Delay
                0x08000d68       0x48 ./Drivers/STM32L4xx_HAL_Driver/stm32l4xx_hal.o
                0x08000d68                HAL_Delay
 .text.__NVIC_SetPriorityGrouping
                0x08000db0       0x48 ./Drivers/STM32L4xx_HAL_Driver/stm32l4xx_hal_cortex.o
 .text.__NVIC_GetPriorityGrouping
                0x08000df8       0x1c ./Drivers/STM32L4xx_HAL_Driver/stm32l4xx_hal_cortex.o
 .text.__NVIC_SetPriority
                0x08000e14       0x54 ./Drivers/STM32L4xx_HAL_Driver/stm32l4xx_hal_cortex.o
 .text.NVIC_EncodePriority
                0x08000e68       0x66 ./Drivers/STM32L4xx_HAL_Driver/stm32l4xx_hal_cortex.o
 *fill*         0x08000ece        0x2 
 .text.SysTick_Config
                0x08000ed0       0x44 ./Drivers/STM32L4xx_HAL_Driver/stm32l4xx_hal_cortex.o
 .text.HAL_NVIC_SetPriorityGrouping
                0x08000f14       0x16 ./Drivers/STM32L4xx_HAL_Driver/stm32l4xx_hal_cortex.o
                0x08000f14                HAL_NVIC_SetPriorityGrouping
 .text.HAL_NVIC_SetPriority
                0x08000f2a       0x38 ./Drivers/STM32L4xx_HAL_Driver/stm32l4xx_hal_cortex.o
                0x08000f2a                HAL_NVIC_SetPriority
 .text.HAL_SYSTICK_Config
                0x08000f62       0x18 ./Drivers/STM32L4xx_HAL_Driver/stm32l4xx_hal_cortex.o
                0x08000f62                HAL_SYSTICK_Config
 *fill*         0x08000f7a        0x2 
 .text.HAL_GPIO_Init
                0x08000f7c      0x354 ./Drivers/STM32L4xx_HAL_Driver/stm32l4xx_hal_gpio.o
                0x08000f7c                HAL_GPIO_Init
 .text.HAL_GPIO_WritePin
                0x080012d0       0x30 ./Drivers/STM32L4xx_HAL_Driver/stm32l4xx_hal_gpio.o
                0x080012d0                HAL_GPIO_WritePin
 .text.HAL_GPIO_TogglePin
                0x08001300       0x34 ./Drivers/STM32L4xx_HAL_Driver/stm32l4xx_hal_gpio.o
                0x08001300                HAL_GPIO_TogglePin
 .text.HAL_PWREx_GetVoltageRange
                0x08001334       0x1c ./Drivers/STM32L4xx_HAL_Driver/stm32l4xx_hal_pwr_ex.o
                0x08001334                HAL_PWREx_GetVoltageRange
 .text.HAL_PWREx_ControlVoltageScaling
                0x08001350       0xac ./Drivers/STM32L4xx_HAL_Driver/stm32l4xx_hal_pwr_ex.o
                0x08001350                HAL_PWREx_ControlVoltageScaling
 .text.HAL_RCC_OscConfig
                0x080013fc      0x7b8 ./Drivers/STM32L4xx_HAL_Driver/stm32l4xx_hal_rcc.o
                0x080013fc                HAL_RCC_OscConfig
 .text.HAL_RCC_ClockConfig
                0x08001bb4      0x200 ./Drivers/STM32L4xx_HAL_Driver/stm32l4xx_hal_rcc.o
                0x08001bb4                HAL_RCC_ClockConfig
 .text.HAL_RCC_GetSysClockFreq
                0x08001db4      0x118 ./Drivers/STM32L4xx_HAL_Driver/stm32l4xx_hal_rcc.o
                0x08001db4                HAL_RCC_GetSysClockFreq
 .text.HAL_RCC_GetHCLKFreq
                0x08001ecc       0x18 ./Drivers/STM32L4xx_HAL_Driver/stm32l4xx_hal_rcc.o
                0x08001ecc                HAL_RCC_GetHCLKFreq
 .text.HAL_RCC_GetPCLK1Freq
                0x08001ee4       0x2c ./Drivers/STM32L4xx_HAL_Driver/stm32l4xx_hal_rcc.o
                0x08001ee4                HAL_RCC_GetPCLK1Freq
 .text.HAL_RCC_GetPCLK2Freq
                0x08001f10       0x2c ./Drivers/STM32L4xx_HAL_Driver/stm32l4xx_hal_rcc.o
                0x08001f10                HAL_RCC_GetPCLK2Freq
 .text.RCC_SetFlashLatencyFromMSIRange
                0x08001f3c       0xc0 ./Drivers/STM32L4xx_HAL_Driver/stm32l4xx_hal_rcc.o
 .text.HAL_RCCEx_PeriphCLKConfig
                0x08001ffc      0x5d4 ./Drivers/STM32L4xx_HAL_Driver/stm32l4xx_hal_rcc_ex.o
                0x08001ffc                HAL_RCCEx_PeriphCLKConfig
 .text.RCCEx_PLLSAI1_Config
                0x080025d0      0x1e8 ./Drivers/STM32L4xx_HAL_Driver/stm32l4xx_hal_rcc_ex.o
 .text.RCCEx_PLLSAI2_Config
                0x080027b8      0x1bc ./Drivers/STM32L4xx_HAL_Driver/stm32l4xx_hal_rcc_ex.o
 .text.HAL_UART_Init
                0x08002974       0x9c ./Drivers/STM32L4xx_HAL_Driver/stm32l4xx_hal_uart.o
                0x08002974                HAL_UART_Init
 .text.HAL_UART_Transmit
                0x08002a10      0x126 ./Drivers/STM32L4xx_HAL_Driver/stm32l4xx_hal_uart.o
                0x08002a10                HAL_UART_Transmit
 .text.HAL_UART_Receive
                0x08002b36      0x1a0 ./Drivers/STM32L4xx_HAL_Driver/stm32l4xx_hal_uart.o
                0x08002b36                HAL_UART_Receive
 *fill*         0x08002cd6        0x2 
 .text.UART_SetConfig
                0x08002cd8      0x570 ./Drivers/STM32L4xx_HAL_Driver/stm32l4xx_hal_uart.o
                0x08002cd8                UART_SetConfig
 .text.UART_AdvFeatureConfig
                0x08003248      0x144 ./Drivers/STM32L4xx_HAL_Driver/stm32l4xx_hal_uart.o
                0x08003248                UART_AdvFeatureConfig
 .text.UART_CheckIdleState
                0x0800338c      0x150 ./Drivers/STM32L4xx_HAL_Driver/stm32l4xx_hal_uart.o
                0x0800338c                UART_CheckIdleState
 .text.UART_WaitOnFlagUntilTimeout
                0x080034dc       0xda ./Drivers/STM32L4xx_HAL_Driver/stm32l4xx_hal_uart.o
                0x080034dc                UART_WaitOnFlagUntilTimeout
 .text.UART_EndRxTransfer
                0x080035b6       0xc8 ./Drivers/STM32L4xx_HAL_Driver/stm32l4xx_hal_uart.o
 .text.tmc9660_reg_sendCommand
                0x0800367e       0x5c ./Drivers/tmc/ic/TMC9660/TMC9660.o
                0x0800367e                tmc9660_reg_sendCommand
 .text.tmc9660_reg_sendCommand_UART
                0x080036da      0x116 ./Drivers/tmc/ic/TMC9660/TMC9660.o
 .text.calcParamChecksum
                0x080037f0       0x3e ./Drivers/tmc/ic/TMC9660/TMC9660.o
 .text._vsnprintf_r
                0x0800382e       0x5c /Applications/STM32CubeIDE.app/Contents/Eclipse/plugins/com.st.stm32cube.ide.mcu.externaltools.gnu-tools-for-stm32.13.3.rel1.macos64_1.0.100.202509120712/tools/bin/../lib/gcc/arm-none-eabi/13.3.1/../../../../arm-none-eabi/lib/thumb/v7e-m+fp/hard/libc_nano.a(libc_a-vsnprintf.o)
                0x0800382e                _vsnprintf_r
                0x0800382e                _vsniprintf_r
 *fill*         0x0800388a        0x2 
 .text.vsnprintf
                0x0800388c       0x1c /Applications/STM32CubeIDE.app/Contents/Eclipse/plugins/com.st.stm32cube.ide.mcu.externaltools.gnu-tools-for-stm32.13.3.rel1.macos64_1.0.100.202509120712/tools/bin/../lib/gcc/arm-none-eabi/13.3.1/../../../../arm-none-eabi/lib/thumb/v7e-m+fp/hard/libc_nano.a(libc_a-vsnprintf.o)
                0x0800388c                vsnprintf
                0x0800388c                vsniprintf
 .text.memset   0x080038a8       0x10 /Applications/STM32CubeIDE.app/Contents/Eclipse/plugins/com.st.stm32cube.ide.mcu.externaltools.gnu-tools-for-stm32.13.3.rel1.macos64_1.0.100.202509120712/tools/bin/../lib/gcc/arm-none-eabi/13.3.1/../../../../arm-none-eabi/lib/thumb/v7e-m+fp/hard/libc_nano.a(libc_a-memset.o)
                0x080038a8                memset
 .text.__errno  0x080038b8        0xc /Applications/STM32CubeIDE.app/Contents/Eclipse/plugins/com.st.stm32cube.ide.mcu.externaltools.gnu-tools-for-stm32.13.3.rel1.macos64_1.0.100.202509120712/tools/bin/../lib/gcc/arm-none-eabi/13.3.1/../../../../arm-none-eabi/lib/thumb/v7e-m+fp/hard/libc_nano.a(libc_a-errno.o)
                0x080038b8                __errno
 .text.__libc_init_array
                0x080038c4       0x48 /Applications/STM32CubeIDE.app/Contents/Eclipse/plugins/com.st.stm32cube.ide.mcu.externaltools.gnu-tools-for-stm32.13.3.rel1.macos64_1.0.100.202509120712/tools/bin/../lib/gcc/arm-none-eabi/13.3.1/../../../../arm-none-eabi/lib/thumb/v7e-m+fp/hard/libc_nano.a(libc_a-init.o)
                0x080038c4                __libc_init_array
 .text.__retarget_lock_acquire_recursive
                0x0800390c        0x2 /Applications/STM32CubeIDE.app/Contents/Eclipse/plugins/com.st.stm32cube.ide.mcu.externaltools.gnu-tools-for-stm32.13.3.rel1.macos64_1.0.100.202509120712/tools/bin/../lib/gcc/arm-none-eabi/13.3.1/../../../../arm-none-eabi/lib/thumb/v7e-m+fp/hard/libc_nano.a(libc_a-lock.o)
                0x0800390c                __retarget_lock_acquire_recursive
 .text.__retarget_lock_release_recursive
                0x0800390e        0x2 /Applications/STM32CubeIDE.app/Contents/Eclipse/plugins/com.st.stm32cube.ide.mcu.externaltools.gnu-tools-for-stm32.13.3.rel1.macos64_1.0.100.202509120712/tools/bin/../lib/gcc/arm-none-eabi/13.3.1/../../../../arm-none-eabi/lib/thumb/v7e-m+fp/hard/libc_nano.a(libc_a-lock.o)
                0x0800390e                __retarget_lock_release_recursive
 .text.__ssputs_r
                0x08003910       0xb6 /Applications/STM32CubeIDE.app/Contents/Eclipse/plugins/com.st.stm32cube.ide.mcu.externaltools.gnu-tools-for-stm32.13.3.rel1.macos64_1.0.100.202509120712/tools/bin/../lib/gcc/arm-none-eabi/13.3.1/../../../../arm-none-eabi/lib/thumb/v7e-m+fp/hard/libc_nano.a(libc_a-nano-svfprintf.o)
                0x08003910                __ssputs_r
 *fill*         0x080039c6        0x2 
 .text._svfprintf_r
                0x080039c8      0x1f8 /Applications/STM32CubeIDE.app/Contents/Eclipse/plugins/com.st.stm32cube.ide.mcu.externaltools.gnu-tools-for-stm32.13.3.rel1.macos64_1.0.100.202509120712/tools/bin/../lib/gcc/arm-none-eabi/13.3.1/../../../../arm-none-eabi/lib/thumb/v7e-m+fp/hard/libc_nano.a(libc_a-nano-svfprintf.o)
                0x080039c8                _svfprintf_r
                0x080039c8                _svfiprintf_r
 .text.sbrk_aligned
                0x08003bc0       0x44 /Applications/STM32CubeIDE.app/Contents/Eclipse/plugins/com.st.stm32cube.ide.mcu.externaltools.gnu-tools-for-stm32.13.3.rel1.macos64_1.0.100.202509120712/tools/bin/../lib/gcc/arm-none-eabi/13.3.1/../../../../arm-none-eabi/lib/thumb/v7e-m+fp/hard/libc_nano.a(libc_a-mallocr.o)
 .text._malloc_r
                0x08003c04      0x100 /Applications/STM32CubeIDE.app/Contents/Eclipse/plugins/com.st.stm32cube.ide.mcu.externaltools.gnu-tools-for-stm32.13.3.rel1.macos64_1.0.100.202509120712/tools/bin/../lib/gcc/arm-none-eabi/13.3.1/../../../../arm-none-eabi/lib/thumb/v7e-m+fp/hard/libc_nano.a(libc_a-mallocr.o)
                0x08003c04                _malloc_r
 .text._printf_common
                0x08003d04       0xda /Applications/STM32CubeIDE.app/Contents/Eclipse/plugins/com.st.stm32cube.ide.mcu.externaltools.gnu-tools-for-stm32.13.3.rel1.macos64_1.0.100.202509120712/tools/bin/../lib/gcc/arm-none-eabi/13.3.1/../../../../arm-none-eabi/lib/thumb/v7e-m+fp/hard/libc_nano.a(libc_a-nano-vfprintf_i.o)
                0x08003d04                _printf_common
 *fill*         0x08003dde        0x2 
 .text._printf_i
                0x08003de0      0x23c /Applications/STM32CubeIDE.app/Contents/Eclipse/plugins/com.st.stm32cube.ide.mcu.externaltools.gnu-tools-for-stm32.13.3.rel1.macos64_1.0.100.202509120712/tools/bin/../lib/gcc/arm-none-eabi/13.3.1/../../../../arm-none-eabi/lib/thumb/v7e-m+fp/hard/libc_nano.a(libc_a-nano-vfprintf_i.o)
                0x08003de0                _printf_i
 .text.__malloc_lock
                0x0800401c        0xc /Applications/STM32CubeIDE.app/Contents/Eclipse/plugins/com.st.stm32cube.ide.mcu.externaltools.gnu-tools-for-stm32.13.3.rel1.macos64_1.0.100.202509120712/tools/bin/../lib/gcc/arm-none-eabi/13.3.1/../../../../arm-none-eabi/lib/thumb/v7e-m+fp/hard/libc_nano.a(libc_a-mlock.o)
                0x0800401c                __malloc_lock
 .text.__malloc_unlock
                0x08004028        0xc /Applications/STM32CubeIDE.app/Contents/Eclipse/plugins/com.st.stm32cube.ide.mcu.externaltools.gnu-tools-for-stm32.13.3.rel1.macos64_1.0.100.202509120712/tools/bin/../lib/gcc/arm-none-eabi/13.3.1/../../../../arm-none-eabi/lib/thumb/v7e-m+fp/hard/libc_nano.a(libc_a-mlock.o)
                0x08004028                __malloc_unlock
 .text._realloc_r
                0x08004034       0x5c /Applications/STM32CubeIDE.app/Contents/Eclipse/plugins/com.st.stm32cube.ide.mcu.externaltools.gnu-tools-for-stm32.13.3.rel1.macos64_1.0.100.202509120712/tools/bin/../lib/gcc/arm-none-eabi/13.3.1/../../../../arm-none-eabi/lib/thumb/v7e-m+fp/hard/libc_nano.a(libc_a-reallocr.o)
                0x08004034                _realloc_r
 .text.memmove  0x08004090       0x34 /Applications/STM32CubeIDE.app/Contents/Eclipse/plugins/com.st.stm32cube.ide.mcu.externaltools.gnu-tools-for-stm32.13.3.rel1.macos64_1.0.100.202509120712/tools/bin/../lib/gcc/arm-none-eabi/13.3.1/../../../../arm-none-eabi/lib/thumb/v7e-m+fp/hard/libc_nano.a(libc_a-memmove.o)
                0x08004090                memmove
 .text._sbrk_r  0x080040c4       0x20 /Applications/STM32CubeIDE.app/Contents/Eclipse/plugins/com.st.stm32cube.ide.mcu.externaltools.gnu-tools-for-stm32.13.3.rel1.macos64_1.0.100.202509120712/tools/bin/../lib/gcc/arm-none-eabi/13.3.1/../../../../arm-none-eabi/lib/thumb/v7e-m+fp/hard/libc_nano.a(libc_a-sbrkr.o)
                0x080040c4                _sbrk_r
 .text.memcpy   0x080040e4       0x1c /Applications/STM32CubeIDE.app/Contents/Eclipse/plugins/com.st.stm32cube.ide.mcu.externaltools.gnu-tools-for-stm32.13.3.rel1.macos64_1.0.100.202509120712/tools/bin/../lib/gcc/arm-none-eabi/13.3.1/../../../../arm-none-eabi/lib/thumb/v7e-m+fp/hard/libc_nano.a(libc_a-memcpy-stub.o)
                0x080040e4                memcpy
 .text._free_r  0x08004100       0x94 /Applications/STM32CubeIDE.app/Contents/Eclipse/plugins/com.st.stm32cube.ide.mcu.externaltools.gnu-tools-for-stm32.13.3.rel1.macos64_1.0.100.202509120712/tools/bin/../lib/gcc/arm-none-eabi/13.3.1/../../../../arm-none-eabi/lib/thumb/v7e-m+fp/hard/libc_nano.a(libc_a-freer.o)
                0x08004100                _free_r
 .text._malloc_usable_size_r
                0x08004194       0x10 /Applications/STM32CubeIDE.app/Contents/Eclipse/plugins/com.st.stm32cube.ide.mcu.externaltools.gnu-tools-for-stm32.13.3.rel1.macos64_1.0.100.202509120712/tools/bin/../lib/gcc/arm-none-eabi/13.3.1/../../../../arm-none-eabi/lib/thumb/v7e-m+fp/hard/libc_nano.a(libc_a-msizer.o)
                0x08004194                _malloc_usable_size_r
 *(.glue_7)
 .glue_7        0x080041a4        0x0 linker stubs
 *(.glue_7t)
 .glue_7t       0x080041a4        0x0 linker stubs
 *(.eh_frame)
 .eh_frame      0x080041a4        0x0 /Applications/STM32CubeIDE.app/Contents/Eclipse/plugins/com.st.stm32cube.ide.mcu.externaltools.gnu-tools-for-stm32.13.3.rel1.macos64_1.0.100.202509120712/tools/bin/../lib/gcc/arm-none-eabi/13.3.1/thumb/v7e-m+fp/hard/crtbegin.o
 *(.init)
 .init          0x080041a4        0x4 /Applications/STM32CubeIDE.app/Contents/Eclipse/plugins/com.st.stm32cube.ide.mcu.externaltools.gnu-tools-for-stm32.13.3.rel1.macos64_1.0.100.202509120712/tools/bin/../lib/gcc/arm-none-eabi/13.3.1/thumb/v7e-m+fp/hard/crti.o
                0x080041a4                _init
 .init          0x080041a8        0x8 /Applications/STM32CubeIDE.app/Contents/Eclipse/plugins/com.st.stm32cube.ide.mcu.externaltools.gnu-tools-for-stm32.13.3.rel1.macos64_1.0.100.202509120712/tools/bin/../lib/gcc/arm-none-eabi/13.3.1/thumb/v7e-m+fp/hard/crtn.o
 *(.fini)
 .fini          0x080041b0        0x4 /Applications/STM32CubeIDE.app/Contents/Eclipse/plugins/com.st.stm32cube.ide.mcu.externaltools.gnu-tools-for-stm32.13.3.rel1.macos64_1.0.100.202509120712/tools/bin/../lib/gcc/arm-none-eabi/13.3.1/thumb/v7e-m+fp/hard/crti.o
                0x080041b0                _fini
 .fini          0x080041b4        0x8 /Applications/STM32CubeIDE.app/Contents/Eclipse/plugins/com.st.stm32cube.ide.mcu.externaltools.gnu-tools-for-stm32.13.3.rel1.macos64_1.0.100.202509120712/tools/bin/../lib/gcc/arm-none-eabi/13.3.1/thumb/v7e-m+fp/hard/crtn.o
                0x080041bc                        . = ALIGN (0x4)
                0x080041bc                        _etext = .

.vfp11_veneer   0x080041bc        0x0
 .vfp11_veneer  0x080041bc        0x0 linker stubs

.v4_bx          0x080041bc        0x0
 .v4_bx         0x080041bc        0x0 linker stubs

.iplt           0x080041bc        0x0
 .iplt          0x080041bc        0x0 /Applications/STM32CubeIDE.app/Contents/Eclipse/plugins/com.st.stm32cube.ide.mcu.externaltools.gnu-tools-for-stm32.13.3.rel1.macos64_1.0.100.202509120712/tools/bin/../lib/gcc/arm-none-eabi/13.3.1/thumb/v7e-m+fp/hard/crtbegin.o

.rodata         0x080041bc      0x154
                0x080041bc                        . = ALIGN (0x4)
 *(.rodata)
 .rodata        0x080041bc       0xd7 ./Application/User/Core/main.o
 *(.rodata*)
 *fill*         0x08004293        0x1 
 .rodata.AHBPrescTable
                0x08004294       0x10 ./Drivers/CMSIS/system_stm32l4xx.o
                0x08004294                AHBPrescTable
 .rodata.APBPrescTable
                0x080042a4        0x8 ./Drivers/CMSIS/system_stm32l4xx.o
                0x080042a4                APBPrescTable
 .rodata.MSIRangeTable
                0x080042ac       0x30 ./Drivers/CMSIS/system_stm32l4xx.o
                0x080042ac                MSIRangeTable
 .rodata._svfprintf_r.str1.1
                0x080042dc       0x33 /Applications/STM32CubeIDE.app/Contents/Eclipse/plugins/com.st.stm32cube.ide.mcu.externaltools.gnu-tools-for-stm32.13.3.rel1.macos64_1.0.100.202509120712/tools/bin/../lib/gcc/arm-none-eabi/13.3.1/../../../../arm-none-eabi/lib/thumb/v7e-m+fp/hard/libc_nano.a(libc_a-nano-svfprintf.o)
                                 0x11 (size before relaxing)
 .rodata._printf_i.str1.1
                0x0800430f        0x0 /Applications/STM32CubeIDE.app/Contents/Eclipse/plugins/com.st.stm32cube.ide.mcu.externaltools.gnu-tools-for-stm32.13.3.rel1.macos64_1.0.100.202509120712/tools/bin/../lib/gcc/arm-none-eabi/13.3.1/../../../../arm-none-eabi/lib/thumb/v7e-m+fp/hard/libc_nano.a(libc_a-nano-vfprintf_i.o)
                                 0x22 (size before relaxing)
                0x08004310                        . = ALIGN (0x4)
 *fill*         0x0800430f        0x1 

.ARM.extab      0x08004310        0x0
                0x08004310                        . = ALIGN (0x4)
 *(.ARM.extab* .gnu.linkonce.armextab.*)
                0x08004310                        . = ALIGN (0x4)

.ARM            0x08004310        0x8
                0x08004310                        . = ALIGN (0x4)
                0x08004310                        __exidx_start = .
 *(.ARM.exidx*)
 .ARM.exidx     0x08004310        0x8 /Applications/STM32CubeIDE.app/Contents/Eclipse/plugins/com.st.stm32cube.ide.mcu.externaltools.gnu-tools-for-stm32.13.3.rel1.macos64_1.0.100.202509120712/tools/bin/../lib/gcc/arm-none-eabi/13.3.1/../../../../arm-none-eabi/lib/thumb/v7e-m+fp/hard/libc_nano.a(libc_a-memchr.o)
 .ARM.exidx     0x08004318        0x0 /Applications/STM32CubeIDE.app/Contents/Eclipse/plugins/com.st.stm32cube.ide.mcu.externaltools.gnu-tools-for-stm32.13.3.rel1.macos64_1.0.100.202509120712/tools/bin/../lib/gcc/arm-none-eabi/13.3.1/thumb/v7e-m+fp/hard/libgcc.a(_udivmoddi4.o)
                                  0x8 (size before relaxing)
                0x08004318                        __exidx_end = .
                0x08004318                        . = ALIGN (0x4)

.preinit_array  0x08004318        0x0
                0x08004318                        . = ALIGN (0x4)
                0x08004318                        PROVIDE (__preinit_array_start = .)
 *(.preinit_array*)
                0x08004318                        PROVIDE (__preinit_array_end = .)
                0x08004318                        . = ALIGN (0x4)

.init_array     0x08004318        0x4
                0x08004318                        . = ALIGN (0x4)
                0x08004318                        PROVIDE (__init_array_start = .)
 *(SORT_BY_NAME(.init_array.*))
 *(.init_array*)
 .init_array    0x08004318        0x4 /Applications/STM32CubeIDE.app/Contents/Eclipse/plugins/com.st.stm32cube.ide.mcu.externaltools.gnu-tools-for-stm32.13.3.rel1.macos64_1.0.100.202509120712/tools/bin/../lib/gcc/arm-none-eabi/13.3.1/thumb/v7e-m+fp/hard/crtbegin.o
                0x0800431c                        PROVIDE (__init_array_end = .)
                0x0800431c                        . = ALIGN (0x4)

.fini_array     0x0800431c        0x4
                0x0800431c                        . = ALIGN (0x4)
                [!provide]                        PROVIDE (__fini_array_start = .)
 *(SORT_BY_NAME(.fini_array.*))
 *(.fini_array*)
 .fini_array    0x0800431c        0x4 /Applications/STM32CubeIDE.app/Contents/Eclipse/plugins/com.st.stm32cube.ide.mcu.externaltools.gnu-tools-for-stm32.13.3.rel1.macos64_1.0.100.202509120712/tools/bin/../lib/gcc/arm-none-eabi/13.3.1/thumb/v7e-m+fp/hard/crtbegin.o
                [!provide]                        PROVIDE (__fini_array_end = .)
                0x08004320                        . = ALIGN (0x4)
                0x08004320                        _sidata = LOADADDR (.data)

.rel.dyn        0x08004320        0x0
 .rel.iplt      0x08004320        0x0 /Applications/STM32CubeIDE.app/Contents/Eclipse/plugins/com.st.stm32cube.ide.mcu.externaltools.gnu-tools-for-stm32.13.3.rel1.macos64_1.0.100.202509120712/tools/bin/../lib/gcc/arm-none-eabi/13.3.1/thumb/v7e-m+fp/hard/crtbegin.o

.data           0x20000000       0x5c load address 0x08004320
                0x20000000                        . = ALIGN (0x4)
                0x20000000                        _sdata = .
 *(.data)
 *(.data*)
 .data.SystemCoreClock
                0x20000000        0x4 ./Drivers/CMSIS/system_stm32l4xx.o
                0x20000000                SystemCoreClock
 .data.uwTickPrio
                0x20000004        0x4 ./Drivers/STM32L4xx_HAL_Driver/stm32l4xx_hal.o
                0x20000004                uwTickPrio
 .data.uwTickFreq
                0x20000008        0x1 ./Drivers/STM32L4xx_HAL_Driver/stm32l4xx_hal.o
                0x20000008                uwTickFreq
 *fill*         0x20000009        0x3 
 .data._impure_ptr
                0x2000000c        0x4 /Applications/STM32CubeIDE.app/Contents/Eclipse/plugins/com.st.stm32cube.ide.mcu.externaltools.gnu-tools-for-stm32.13.3.rel1.macos64_1.0.100.202509120712/tools/bin/../lib/gcc/arm-none-eabi/13.3.1/../../../../arm-none-eabi/lib/thumb/v7e-m+fp/hard/libc_nano.a(libc_a-impure.o)
                0x2000000c                _impure_ptr
 .data._impure_data
                0x20000010       0x4c /Applications/STM32CubeIDE.app/Contents/Eclipse/plugins/com.st.stm32cube.ide.mcu.externaltools.gnu-tools-for-stm32.13.3.rel1.macos64_1.0.100.202509120712/tools/bin/../lib/gcc/arm-none-eabi/13.3.1/../../../../arm-none-eabi/lib/thumb/v7e-m+fp/hard/libc_nano.a(libc_a-impure.o)
                0x20000010                _impure_data
 *(.RamFunc)
 *(.RamFunc*)
                0x2000005c                        . = ALIGN (0x4)
                0x2000005c                        _edata = .

.igot.plt       0x2000005c        0x0 load address 0x0800437c
 .igot.plt      0x2000005c        0x0 /Applications/STM32CubeIDE.app/Contents/Eclipse/plugins/com.st.stm32cube.ide.mcu.externaltools.gnu-tools-for-stm32.13.3.rel1.macos64_1.0.100.202509120712/tools/bin/../lib/gcc/arm-none-eabi/13.3.1/thumb/v7e-m+fp/hard/crtbegin.o
                0x2000005c                        . = ALIGN (0x4)

.bss            0x2000005c      0x27c load address 0x0800437c
                0x2000005c                        _sbss = .
                0x2000005c                        __bss_start__ = _sbss
 *(.bss)
 .bss           0x2000005c       0x1c /Applications/STM32CubeIDE.app/Contents/Eclipse/plugins/com.st.stm32cube.ide.mcu.externaltools.gnu-tools-for-stm32.13.3.rel1.macos64_1.0.100.202509120712/tools/bin/../lib/gcc/arm-none-eabi/13.3.1/thumb/v7e-m+fp/hard/crtbegin.o
 *(.bss*)
 .bss.huart2    0x20000078       0x88 ./Application/User/Core/main.o
                0x20000078                huart2
 .bss.huart3    0x20000100       0x88 ./Application/User/Core/main.o
                0x20000100                huart3
 .bss.__sbrk_heap_end
                0x20000188        0x4 ./Application/User/Core/sysmem.o
 .bss.uwTick    0x2000018c        0x4 ./Drivers/STM32L4xx_HAL_Driver/stm32l4xx_hal.o
                0x2000018c                uwTick
 .bss.__sf      0x20000190      0x138 /Applications/STM32CubeIDE.app/Contents/Eclipse/plugins/com.st.stm32cube.ide.mcu.externaltools.gnu-tools-for-stm32.13.3.rel1.macos64_1.0.100.202509120712/tools/bin/../lib/gcc/arm-none-eabi/13.3.1/../../../../arm-none-eabi/lib/thumb/v7e-m+fp/hard/libc_nano.a(libc_a-findfp.o)
                0x20000190                __sf
 .bss.__lock___malloc_recursive_mutex
                0x200002c8        0x1 /Applications/STM32CubeIDE.app/Contents/Eclipse/plugins/com.st.stm32cube.ide.mcu.externaltools.gnu-tools-for-stm32.13.3.rel1.macos64_1.0.100.202509120712/tools/bin/../lib/gcc/arm-none-eabi/13.3.1/../../../../arm-none-eabi/lib/thumb/v7e-m+fp/hard/libc_nano.a(libc_a-lock.o)
                0x200002c8                __lock___malloc_recursive_mutex
 *fill*         0x200002c9        0x3 
 .bss.__malloc_sbrk_start
                0x200002cc        0x4 /Applications/STM32CubeIDE.app/Contents/Eclipse/plugins/com.st.stm32cube.ide.mcu.externaltools.gnu-tools-for-stm32.13.3.rel1.macos64_1.0.100.202509120712/tools/bin/../lib/gcc/arm-none-eabi/13.3.1/../../../../arm-none-eabi/lib/thumb/v7e-m+fp/hard/libc_nano.a(libc_a-mallocr.o)
                0x200002cc                __malloc_sbrk_start
 .bss.__malloc_free_list
                0x200002d0        0x4 /Applications/STM32CubeIDE.app/Contents/Eclipse/plugins/com.st.stm32cube.ide.mcu.externaltools.gnu-tools-for-stm32.13.3.rel1.macos64_1.0.100.202509120712/tools/bin/../lib/gcc/arm-none-eabi/13.3.1/../../../../arm-none-eabi/lib/thumb/v7e-m+fp/hard/libc_nano.a(libc_a-mallocr.o)
                0x200002d0                __malloc_free_list
 .bss.errno     0x200002d4        0x4 /Applications/STM32CubeIDE.app/Contents/Eclipse/plugins/com.st.stm32cube.ide.mcu.externaltools.gnu-tools-for-stm32.13.3.rel1.macos64_1.0.100.202509120712/tools/bin/../lib/gcc/arm-none-eabi/13.3.1/../../../../arm-none-eabi/lib/thumb/v7e-m+fp/hard/libc_nano.a(libc_a-reent.o)
                0x200002d4                errno
 *(COMMON)
                0x200002d8                        . = ALIGN (0x4)
                0x200002d8                        _ebss = .
                0x200002d8                        __bss_end__ = _ebss

._user_heap_stack
                0x200002d8      0x600 load address 0x0800437c
                0x200002d8                        . = ALIGN (0x8)
                [!provide]                        PROVIDE (end = .)
                0x200002d8                        PROVIDE (_end = .)
                0x200004d8                        . = (. + _Min_Heap_Size)
 *fill*         0x200002d8      0x200 
                0x200008d8                        . = (. + _Min_Stack_Size)
 *fill*         0x200004d8      0x400 
                0x200008d8                        . = ALIGN (0x8)

/DISCARD/
 libc.a(*)
 libm.a(*)
 libgcc.a(*)

.ARM.attributes
                0x00000000       0x30
 *(.ARM.attributes)
 .ARM.attributes
                0x00000000       0x22 /Applications/STM32CubeIDE.app/Contents/Eclipse/plugins/com.st.stm32cube.ide.mcu.externaltools.gnu-tools-for-stm32.13.3.rel1.macos64_1.0.100.202509120712/tools/bin/../lib/gcc/arm-none-eabi/13.3.1/thumb/v7e-m+fp/hard/crti.o
 .ARM.attributes
                0x00000022       0x34 /Applications/STM32CubeIDE.app/Contents/Eclipse/plugins/com.st.stm32cube.ide.mcu.externaltools.gnu-tools-for-stm32.13.3.rel1.macos64_1.0.100.202509120712/tools/bin/../lib/gcc/arm-none-eabi/13.3.1/thumb/v7e-m+fp/hard/crtbegin.o
 .ARM.attributes
                0x00000056       0x34 ./Application/User/Core/main.o
 .ARM.attributes
                0x0000008a       0x34 ./Application/User/Core/stm32l4xx_hal_msp.o
 .ARM.attributes
                0x000000be       0x34 ./Application/User/Core/stm32l4xx_it.o
 .ARM.attributes
                0x000000f2       0x34 ./Application/User/Core/sysmem.o
 .ARM.attributes
                0x00000126       0x21 ./Application/User/Startup/startup_stm32l476rgtx.o
 .ARM.attributes
                0x00000147       0x34 ./Drivers/CMSIS/system_stm32l4xx.o
 .ARM.attributes
                0x0000017b       0x34 ./Drivers/STM32L4xx_HAL_Driver/stm32l4xx_hal.o
 .ARM.attributes
                0x000001af       0x34 ./Drivers/STM32L4xx_HAL_Driver/stm32l4xx_hal_cortex.o
 .ARM.attributes
                0x000001e3       0x34 ./Drivers/STM32L4xx_HAL_Driver/stm32l4xx_hal_gpio.o
 .ARM.attributes
                0x00000217       0x34 ./Drivers/STM32L4xx_HAL_Driver/stm32l4xx_hal_pwr_ex.o
 .ARM.attributes
                0x0000024b       0x34 ./Drivers/STM32L4xx_HAL_Driver/stm32l4xx_hal_rcc.o
 .ARM.attributes
                0x0000027f       0x34 ./Drivers/STM32L4xx_HAL_Driver/stm32l4xx_hal_rcc_ex.o
 .ARM.attributes
                0x000002b3       0x34 ./Drivers/STM32L4xx_HAL_Driver/stm32l4xx_hal_uart.o
 .ARM.attributes
                0x000002e7       0x34 ./Drivers/tmc/ic/TMC9660/TMC9660.o
 .ARM.attributes
                0x0000031b       0x34 /Applications/STM32CubeIDE.app/Contents/Eclipse/plugins/com.st.stm32cube.ide.mcu.externaltools.gnu-tools-for-stm32.13.3.rel1.macos64_1.0.100.202509120712/tools/bin/../lib/gcc/arm-none-eabi/13.3.1/../../../../arm-none-eabi/lib/thumb/v7e-m+fp/hard/libc_nano.a(libc_a-findfp.o)
 .ARM.attributes
                0x0000034f       0x34 /Applications/STM32CubeIDE.app/Contents/Eclipse/plugins/com.st.stm32cube.ide.mcu.externaltools.gnu-tools-for-stm32.13.3.rel1.macos64_1.0.100.202509120712/tools/bin/../lib/gcc/arm-none-eabi/13.3.1/../../../../arm-none-eabi/lib/thumb/v7e-m+fp/hard/libc_nano.a(libc_a-vsnprintf.o)
 .ARM.attributes
                0x00000383       0x34 /Applications/STM32CubeIDE.app/Contents/Eclipse/plugins/com.st.stm32cube.ide.mcu.externaltools.gnu-tools-for-stm32.13.3.rel1.macos64_1.0.100.202509120712/tools/bin/../lib/gcc/arm-none-eabi/13.3.1/../../../../arm-none-eabi/lib/thumb/v7e-m+fp/hard/libc_nano.a(libc_a-memset.o)
 .ARM.attributes
                0x000003b7       0x34 /Applications/STM32CubeIDE.app/Contents/Eclipse/plugins/com.st.stm32cube.ide.mcu.externaltools.gnu-tools-for-stm32.13.3.rel1.macos64_1.0.100.202509120712/tools/bin/../lib/gcc/arm-none-eabi/13.3.1/../../../../arm-none-eabi/lib/thumb/v7e-m+fp/hard/libc_nano.a(libc_a-errno.o)
 .ARM.attributes
                0x000003eb       0x34 /Applications/STM32CubeIDE.app/Contents/Eclipse/plugins/com.st.stm32cube.ide.mcu.externaltools.gnu-tools-for-stm32.13.3.rel1.macos64_1.0.100.202509120712/tools/bin/../lib/gcc/arm-none-eabi/13.3.1/../../../../arm-none-eabi/lib/thumb/v7e-m+fp/hard/libc_nano.a(libc_a-init.o)
 .ARM.attributes
                0x0000041f       0x34 /Applications/STM32CubeIDE.app/Contents/Eclipse/plugins/com.st.stm32cube.ide.mcu.externaltools.gnu-tools-for-stm32.13.3.rel1.macos64_1.0.100.202509120712/tools/bin/../lib/gcc/arm-none-eabi/13.3.1/../../../../arm-none-eabi/lib/thumb/v7e-m+fp/hard/libc_nano.a(libc_a-lock.o)
 .ARM.attributes
                0x00000453       0x34 /Applications/STM32CubeIDE.app/Contents/Eclipse/plugins/com.st.stm32cube.ide.mcu.externaltools.gnu-tools-for-stm32.13.3.rel1.macos64_1.0.100.202509120712/tools/bin/../lib/gcc/arm-none-eabi/13.3.1/../../../../arm-none-eabi/lib/thumb/v7e-m+fp/hard/libc_nano.a(libc_a-impure.o)
 .ARM.attributes
                0x00000487       0x34 /Applications/STM32CubeIDE.app/Contents/Eclipse/plugins/com.st.stm32cube.ide.mcu.externaltools.gnu-tools-for-stm32.13.3.rel1.macos64_1.0.100.202509120712/tools/bin/../lib/gcc/arm-none-eabi/13.3.1/../../../../arm-none-eabi/lib/thumb/v7e-m+fp/hard/libc_nano.a(libc_a-nano-svfprintf.o)
 .ARM.attributes
                0x000004bb       0x34 /Applications/STM32CubeIDE.app/Contents/Eclipse/plugins/com.st.stm32cube.ide.mcu.externaltools.gnu-tools-for-stm32.13.3.rel1.macos64_1.0.100.202509120712/tools/bin/../lib/gcc/arm-none-eabi/13.3.1/../../../../arm-none-eabi/lib/thumb/v7e-m+fp/hard/libc_nano.a(libc_a-mallocr.o)
 .ARM.attributes
                0x000004ef       0x34 /Applications/STM32CubeIDE.app/Contents/Eclipse/plugins/com.st.stm32cube.ide.mcu.externaltools.gnu-tools-for-stm32.13.3.rel1.macos64_1.0.100.202509120712/tools/bin/../lib/gcc/arm-none-eabi/13.3.1/../../../../arm-none-eabi/lib/thumb/v7e-m+fp/hard/libc_nano.a(libc_a-nano-vfprintf_i.o)
 .ARM.attributes
                0x00000523       0x34 /Applications/STM32CubeIDE.app/Contents/Eclipse/plugins/com.st.stm32cube.ide.mcu.externaltools.gnu-tools-for-stm32.13.3.rel1.macos64_1.0.100.202509120712/tools/bin/../lib/gcc/arm-none-eabi/13.3.1/../../../../arm-none-eabi/lib/thumb/v7e-m+fp/hard/libc_nano.a(libc_a-mlock.o)
 .ARM.attributes
                0x00000557       0x34 /Applications/STM32CubeIDE.app/Contents/Eclipse/plugins/com.st.stm32cube.ide.mcu.externaltools.gnu-tools-for-stm32.13.3.rel1.macos64_1.0.100.202509120712/tools/bin/../lib/gcc/arm-none-eabi/13.3.1/../../../../arm-none-eabi/lib/thumb/v7e-m+fp/hard/libc_nano.a(libc_a-reallocr.o)
 .ARM.attributes
                0x0000058b       0x34 /Applications/STM32CubeIDE.app/Contents/Eclipse/plugins/com.st.stm32cube.ide.mcu.externaltools.gnu-tools-for-stm32.13.3.rel1.macos64_1.0.100.202509120712/tools/bin/../lib/gcc/arm-none-eabi/13.3.1/../../../../arm-none-eabi/lib/thumb/v7e-m+fp/hard/libc_nano.a(libc_a-memmove.o)
 .ARM.attributes
                0x000005bf       0x34 /Applications/STM32CubeIDE.app/Contents/Eclipse/plugins/com.st.stm32cube.ide.mcu.externaltools.gnu-tools-for-stm32.13.3.rel1.macos64_1.0.100.202509120712/tools/bin/../lib/gcc/arm-none-eabi/13.3.1/../../../../arm-none-eabi/lib/thumb/v7e-m+fp/hard/libc_nano.a(libc_a-sbrkr.o)
 .ARM.attributes
                0x000005f3       0x34 /Applications/STM32CubeIDE.app/Contents/Eclipse/plugins/com.st.stm32cube.ide.mcu.externaltools.gnu-tools-for-stm32.13.3.rel1.macos64_1.0.100.202509120712/tools/bin/../lib/gcc/arm-none-eabi/13.3.1/../../../../arm-none-eabi/lib/thumb/v7e-m+fp/hard/libc_nano.a(libc_a-reent.o)
 .ARM.attributes
                0x00000627       0x1c /Applications/STM32CubeIDE.app/Contents/Eclipse/plugins/com.st.stm32cube.ide.mcu.externaltools.gnu-tools-for-stm32.13.3.rel1.macos64_1.0.100.202509120712/tools/bin/../lib/gcc/arm-none-eabi/13.3.1/../../../../arm-none-eabi/lib/thumb/v7e-m+fp/hard/libc_nano.a(libc_a-memchr.o)
 .ARM.attributes
                0x00000643       0x34 /Applications/STM32CubeIDE.app/Contents/Eclipse/plugins/com.st.stm32cube.ide.mcu.externaltools.gnu-tools-for-stm32.13.3.rel1.macos64_1.0.100.202509120712/tools/bin/../lib/gcc/arm-none-eabi/13.3.1/../../../../arm-none-eabi/lib/thumb/v7e-m+fp/hard/libc_nano.a(libc_a-memcpy-stub.o)
 .ARM.attributes
                0x00000677       0x34 /Applications/STM32CubeIDE.app/Contents/Eclipse/plugins/com.st.stm32cube.ide.mcu.externaltools.gnu-tools-for-stm32.13.3.rel1.macos64_1.0.100.202509120712/tools/bin/../lib/gcc/arm-none-eabi/13.3.1/../../../../arm-none-eabi/lib/thumb/v7e-m+fp/hard/libc_nano.a(libc_a-freer.o)
 .ARM.attributes
                0x000006ab       0x34 /Applications/STM32CubeIDE.app/Contents/Eclipse/plugins/com.st.stm32cube.ide.mcu.externaltools.gnu-tools-for-stm32.13.3.rel1.macos64_1.0.100.202509120712/tools/bin/../lib/gcc/arm-none-eabi/13.3.1/../../../../arm-none-eabi/lib/thumb/v7e-m+fp/hard/libc_nano.a(libc_a-msizer.o)
 .ARM.attributes
                0x000006df       0x22 /Applications/STM32CubeIDE.app/Contents/Eclipse/plugins/com.st.stm32cube.ide.mcu.externaltools.gnu-tools-for-stm32.13.3.rel1.macos64_1.0.100.202509120712/tools/bin/../lib/gcc/arm-none-eabi/13.3.1/thumb/v7e-m+fp/hard/libgcc.a(_aeabi_uldivmod.o)
 .ARM.attributes
                0x00000701       0x34 /Applications/STM32CubeIDE.app/Contents/Eclipse/plugins/com.st.stm32cube.ide.mcu.externaltools.gnu-tools-for-stm32.13.3.rel1.macos64_1.0.100.202509120712/tools/bin/../lib/gcc/arm-none-eabi/13.3.1/thumb/v7e-m+fp/hard/libgcc.a(_udivmoddi4.o)
 .ARM.attributes
                0x00000735       0x22 /Applications/STM32CubeIDE.app/Contents/Eclipse/plugins/com.st.stm32cube.ide.mcu.externaltools.gnu-tools-for-stm32.13.3.rel1.macos64_1.0.100.202509120712/tools/bin/../lib/gcc/arm-none-eabi/13.3.1/thumb/v7e-m+fp/hard/libgcc.a(_dvmd_tls.o)
 .ARM.attributes
                0x00000757       0x22 /Applications/STM32CubeIDE.app/Contents/Eclipse/plugins/com.st.stm32cube.ide.mcu.externaltools.gnu-tools-for-stm32.13.3.rel1.macos64_1.0.100.202509120712/tools/bin/../lib/gcc/arm-none-eabi/13.3.1/thumb/v7e-m+fp/hard/crtn.o
OUTPUT(TMC_Bringup.elf elf32-littlearm)
LOAD linker stubs
LOAD /Applications/STM32CubeIDE.app/Contents/Eclipse/plugins/com.st.stm32cube.ide.mcu.externaltools.gnu-tools-for-stm32.13.3.rel1.macos64_1.0.100.202509120712/tools/bin/../lib/gcc/arm-none-eabi/13.3.1/../../../../arm-none-eabi/lib/thumb/v7e-m+fp/hard/libc.a
LOAD /Applications/STM32CubeIDE.app/Contents/Eclipse/plugins/com.st.stm32cube.ide.mcu.externaltools.gnu-tools-for-stm32.13.3.rel1.macos64_1.0.100.202509120712/tools/bin/../lib/gcc/arm-none-eabi/13.3.1/../../../../arm-none-eabi/lib/thumb/v7e-m+fp/hard/libm.a
LOAD /Applications/STM32CubeIDE.app/Contents/Eclipse/plugins/com.st.stm32cube.ide.mcu.externaltools.gnu-tools-for-stm32.13.3.rel1.macos64_1.0.100.202509120712/tools/bin/../lib/gcc/arm-none-eabi/13.3.1/thumb/v7e-m+fp/hard/libgcc.a

.debug_info     0x00000000     0xb479
 .debug_info    0x00000000     0x1235 ./Application/User/Core/main.o
 .debug_info    0x00001235      0xd51 ./Application/User/Core/stm32l4xx_hal_msp.o
 .debug_info    0x00001f86      0x157 ./Application/User/Core/stm32l4xx_it.o
 .debug_info    0x000020dd      0x168 ./Application/User/Core/sysmem.o
 .debug_info    0x00002245       0x30 ./Application/User/Startup/startup_stm32l476rgtx.o
 .debug_info    0x00002275      0x5e2 ./Drivers/CMSIS/system_stm32l4xx.o
 .debug_info    0x00002857      0xc4d ./Drivers/STM32L4xx_HAL_Driver/stm32l4xx_hal.o
 .debug_info    0x000034a4      0xdad ./Drivers/STM32L4xx_HAL_Driver/stm32l4xx_hal_cortex.o
 .debug_info    0x00004251      0x79f ./Drivers/STM32L4xx_HAL_Driver/stm32l4xx_hal_gpio.o
 .debug_info    0x000049f0      0x9ca ./Drivers/STM32L4xx_HAL_Driver/stm32l4xx_hal_pwr_ex.o
 .debug_info    0x000053ba      0xc45 ./Drivers/STM32L4xx_HAL_Driver/stm32l4xx_hal_rcc.o
 .debug_info    0x00005fff      0xe58 ./Drivers/STM32L4xx_HAL_Driver/stm32l4xx_hal_rcc_ex.o
 .debug_info    0x00006e57     0x3b8e ./Drivers/STM32L4xx_HAL_Driver/stm32l4xx_hal_uart.o
 .debug_info    0x0000a9e5      0xa94 ./Drivers/tmc/ic/TMC9660/TMC9660.o

.debug_abbrev   0x00000000     0x1b8b
 .debug_abbrev  0x00000000      0x32f ./Application/User/Core/main.o
 .debug_abbrev  0x0000032f      0x1d1 ./Application/User/Core/stm32l4xx_hal_msp.o
 .debug_abbrev  0x00000500       0xac ./Application/User/Core/stm32l4xx_it.o
 .debug_abbrev  0x000005ac       0xbc ./Application/User/Core/sysmem.o
 .debug_abbrev  0x00000668       0x24 ./Application/User/Startup/startup_stm32l476rgtx.o
 .debug_abbrev  0x0000068c      0x117 ./Drivers/CMSIS/system_stm32l4xx.o
 .debug_abbrev  0x000007a3      0x243 ./Drivers/STM32L4xx_HAL_Driver/stm32l4xx_hal.o
 .debug_abbrev  0x000009e6      0x31c ./Drivers/STM32L4xx_HAL_Driver/stm32l4xx_hal_cortex.o
 .debug_abbrev  0x00000d02      0x1d1 ./Drivers/STM32L4xx_HAL_Driver/stm32l4xx_hal_gpio.o
 .debug_abbrev  0x00000ed3      0x1f9 ./Drivers/STM32L4xx_HAL_Driver/stm32l4xx_hal_pwr_ex.o
 .debug_abbrev  0x000010cc      0x2dc ./Drivers/STM32L4xx_HAL_Driver/stm32l4xx_hal_rcc.o
 .debug_abbrev  0x000013a8      0x2a5 ./Drivers/STM32L4xx_HAL_Driver/stm32l4xx_hal_rcc_ex.o
 .debug_abbrev  0x0000164d      0x2f3 ./Drivers/STM32L4xx_HAL_Driver/stm32l4xx_hal_uart.o
 .debug_abbrev  0x00001940      0x24b ./Drivers/tmc/ic/TMC9660/TMC9660.o

.debug_aranges  0x00000000      0x9b0
 .debug_aranges
                0x00000000       0x70 ./Application/User/Core/main.o
 .debug_aranges
                0x00000070       0x30 ./Application/User/Core/stm32l4xx_hal_msp.o
 .debug_aranges
                0x000000a0       0x60 ./Application/User/Core/stm32l4xx_it.o
 .debug_aranges
                0x00000100       0x20 ./Application/User/Core/sysmem.o
 .debug_aranges
                0x00000120       0x28 ./Application/User/Startup/startup_stm32l476rgtx.o
 .debug_aranges
                0x00000148       0x28 ./Drivers/CMSIS/system_stm32l4xx.o
 .debug_aranges
                0x00000170      0x130 ./Drivers/STM32L4xx_HAL_Driver/stm32l4xx_hal.o
 .debug_aranges
                0x000002a0      0x128 ./Drivers/STM32L4xx_HAL_Driver/stm32l4xx_hal_cortex.o
 .debug_aranges
                0x000003c8       0x58 ./Drivers/STM32L4xx_HAL_Driver/stm32l4xx_hal_gpio.o
 .debug_aranges
                0x00000420      0x160 ./Drivers/STM32L4xx_HAL_Driver/stm32l4xx_hal_pwr_ex.o
 .debug_aranges
                0x00000580       0x90 ./Drivers/STM32L4xx_HAL_Driver/stm32l4xx_hal_rcc.o
 .debug_aranges
                0x00000610       0xc0 ./Drivers/STM32L4xx_HAL_Driver/stm32l4xx_hal_rcc_ex.o
 .debug_aranges
                0x000006d0      0x228 ./Drivers/STM32L4xx_HAL_Driver/stm32l4xx_hal_uart.o
 .debug_aranges
                0x000008f8       0xb8 ./Drivers/tmc/ic/TMC9660/TMC9660.o

.debug_rnglists
                0x00000000      0x763
 .debug_rnglists
                0x00000000       0x52 ./Application/User/Core/main.o
 .debug_rnglists
                0x00000052       0x20 ./Application/User/Core/stm32l4xx_hal_msp.o
 .debug_rnglists
                0x00000072       0x43 ./Application/User/Core/stm32l4xx_it.o
 .debug_rnglists
                0x000000b5       0x13 ./Application/User/Core/sysmem.o
 .debug_rnglists
                0x000000c8       0x19 ./Application/User/Startup/startup_stm32l476rgtx.o
 .debug_rnglists
                0x000000e1       0x1a ./Drivers/CMSIS/system_stm32l4xx.o
 .debug_rnglists
                0x000000fb       0xdf ./Drivers/STM32L4xx_HAL_Driver/stm32l4xx_hal.o
 .debug_rnglists
                0x000001da       0xda ./Drivers/STM32L4xx_HAL_Driver/stm32l4xx_hal_cortex.o
 .debug_rnglists
                0x000002b4       0x3f ./Drivers/STM32L4xx_HAL_Driver/stm32l4xx_hal_gpio.o
 .debug_rnglists
                0x000002f3      0x109 ./Drivers/STM32L4xx_HAL_Driver/stm32l4xx_hal_pwr_ex.o
 .debug_rnglists
                0x000003fc       0x6d ./Drivers/STM32L4xx_HAL_Driver/stm32l4xx_hal_rcc.o
 .debug_rnglists
                0x00000469       0x95 ./Drivers/STM32L4xx_HAL_Driver/stm32l4xx_hal_rcc_ex.o
 .debug_rnglists
                0x000004fe      0x1da ./Drivers/STM32L4xx_HAL_Driver/stm32l4xx_hal_uart.o
 .debug_rnglists
                0x000006d8       0x8b ./Drivers/tmc/ic/TMC9660/TMC9660.o

.debug_macro    0x00000000    0x25eac
 .debug_macro   0x00000000      0x2c2 ./Application/User/Core/main.o
 .debug_macro   0x000002c2      0xad8 ./Application/User/Core/main.o
 .debug_macro   0x00000d9a      0x1a1 ./Application/User/Core/main.o
 .debug_macro   0x00000f3b       0x2e ./Application/User/Core/main.o
 .debug_macro   0x00000f69       0x28 ./Application/User/Core/main.o
 .debug_macro   0x00000f91       0x22 ./Application/User/Core/main.o
 .debug_macro   0x00000fb3       0x8e ./Application/User/Core/main.o
 .debug_macro   0x00001041       0x51 ./Application/User/Core/main.o
 .debug_macro   0x00001092      0x103 ./Application/User/Core/main.o
 .debug_macro   0x00001195       0x6a ./Application/User/Core/main.o
 .debug_macro   0x000011ff      0x1df ./Application/User/Core/main.o
 .debug_macro   0x000013de       0x1c ./Application/User/Core/main.o
 .debug_macro   0x000013fa       0x22 ./Application/User/Core/main.o
 .debug_macro   0x0000141c       0xfb ./Application/User/Core/main.o
 .debug_macro   0x00001517     0x1011 ./Application/User/Core/main.o
 .debug_macro   0x00002528      0x11f ./Application/User/Core/main.o
 .debug_macro   0x00002647    0x1a192 ./Application/User/Core/main.o
 .debug_macro   0x0001c7d9       0x6d ./Application/User/Core/main.o
 .debug_macro   0x0001c846     0x38fb ./Application/User/Core/main.o
 .debug_macro   0x00020141      0x190 ./Application/User/Core/main.o
 .debug_macro   0x000202d1       0x5c ./Application/User/Core/main.o
 .debug_macro   0x0002032d     0x159e ./Application/User/Core/main.o
 .debug_macro   0x000218cb      0x5a5 ./Application/User/Core/main.o
 .debug_macro   0x00021e70      0x1b9 ./Application/User/Core/main.o
 .debug_macro   0x00022029      0x18b ./Application/User/Core/main.o
 .debug_macro   0x000221b4      0x2c4 ./Application/User/Core/main.o
 .debug_macro   0x00022478      0x27a ./Application/User/Core/main.o
 .debug_macro   0x000226f2      0x23d ./Application/User/Core/main.o
 .debug_macro   0x0002292f      0x241 ./Application/User/Core/main.o
 .debug_macro   0x00022b70      0x37c ./Application/User/Core/main.o
 .debug_macro   0x00022eec       0xd6 ./Application/User/Core/main.o
 .debug_macro   0x00022fc2      0x122 ./Application/User/Core/main.o
 .debug_macro   0x000230e4      0x3ef ./Application/User/Core/main.o
 .debug_macro   0x000234d3      0x5cf ./Application/User/Core/main.o
 .debug_macro   0x00023aa2       0x44 ./Application/User/Core/main.o
 .debug_macro   0x00023ae6      0x330 ./Application/User/Core/main.o
 .debug_macro   0x00023e16       0x58 ./Application/User/Core/main.o
 .debug_macro   0x00023e6e       0x22 ./Application/User/Core/main.o
 .debug_macro   0x00023e90       0x61 ./Application/User/Core/main.o
 .debug_macro   0x00023ef1       0x2a ./Application/User/Core/main.o
 .debug_macro   0x00023f1b       0x43 ./Application/User/Core/main.o
 .debug_macro   0x00023f5e       0x34 ./Application/User/Core/main.o
 .debug_macro   0x00023f92       0x16 ./Application/User/Core/main.o
 .debug_macro   0x00023fa8       0x3c ./Application/User/Core/main.o
 .debug_macro   0x00023fe4      0x370 ./Application/User/Core/main.o
 .debug_macro   0x00024354       0x10 ./Application/User/Core/main.o
 .debug_macro   0x00024364       0x16 ./Application/User/Core/main.o
 .debug_macro   0x0002437a       0x4a ./Application/User/Core/main.o
 .debug_macro   0x000243c4       0x34 ./Application/User/Core/main.o
 .debug_macro   0x000243f8       0x10 ./Application/User/Core/main.o
 .debug_macro   0x00024408       0x58 ./Application/User/Core/main.o
 .debug_macro   0x00024460       0x8e ./Application/User/Core/main.o
 .debug_macro   0x000244ee       0x1c ./Application/User/Core/main.o
 .debug_macro   0x0002450a      0x185 ./Application/User/Core/main.o
 .debug_macro   0x0002468f       0x16 ./Application/User/Core/main.o
 .debug_macro   0x000246a5       0x16 ./Application/User/Core/main.o
 .debug_macro   0x000246bb      0x146 ./Application/User/Core/main.o
 .debug_macro   0x00024801       0x4c ./Application/User/Core/main.o
 .debug_macro   0x0002484d      0x1ca ./Application/User/Core/stm32l4xx_hal_msp.o
 .debug_macro   0x00024a17      0x1d4 ./Application/User/Core/stm32l4xx_it.o
 .debug_macro   0x00024beb      0x112 ./Application/User/Core/sysmem.o
 .debug_macro   0x00024cfd      0x23c ./Application/User/Core/sysmem.o
 .debug_macro   0x00024f39      0x1bb ./Drivers/CMSIS/system_stm32l4xx.o
 .debug_macro   0x000250f4      0x209 ./Drivers/STM32L4xx_HAL_Driver/stm32l4xx_hal.o
 .debug_macro   0x000252fd      0x1bb ./Drivers/STM32L4xx_HAL_Driver/stm32l4xx_hal_cortex.o
 .debug_macro   0x000254b8      0x1c2 ./Drivers/STM32L4xx_HAL_Driver/stm32l4xx_hal_gpio.o
 .debug_macro   0x0002567a      0x1df ./Drivers/STM32L4xx_HAL_Driver/stm32l4xx_hal_pwr_ex.o
 .debug_macro   0x00025859      0x1fd ./Drivers/STM32L4xx_HAL_Driver/stm32l4xx_hal_rcc.o
 .debug_macro   0x00025a56      0x1f1 ./Drivers/STM32L4xx_HAL_Driver/stm32l4xx_hal_rcc_ex.o
 .debug_macro   0x00025c47      0x1e6 ./Drivers/STM32L4xx_HAL_Driver/stm32l4xx_hal_uart.o
 .debug_macro   0x00025e2d       0x7f ./Drivers/tmc/ic/TMC9660/TMC9660.o

.debug_line     0x00000000     0xb263
 .debug_line    0x00000000      0xaa2 ./Application/User/Core/main.o
 .debug_line    0x00000aa2      0x7a2 ./Application/User/Core/stm32l4xx_hal_msp.o
 .debug_line    0x00001244      0x7ab ./Application/User/Core/stm32l4xx_it.o
 .debug_line    0x000019ef      0x538 ./Application/User/Core/sysmem.o
 .debug_line    0x00001f27       0x7a ./Application/User/Startup/startup_stm32l476rgtx.o
 .debug_line    0x00001fa1      0x79a ./Drivers/CMSIS/system_stm32l4xx.o
 .debug_line    0x0000273b      0xb03 ./Drivers/STM32L4xx_HAL_Driver/stm32l4xx_hal.o
 .debug_line    0x0000323e      0xc9d ./Drivers/STM32L4xx_HAL_Driver/stm32l4xx_hal_cortex.o
 .debug_line    0x00003edb      0xb56 ./Drivers/STM32L4xx_HAL_Driver/stm32l4xx_hal_gpio.o
 .debug_line    0x00004a31      0xce4 ./Drivers/STM32L4xx_HAL_Driver/stm32l4xx_hal_pwr_ex.o
 .debug_line    0x00005715     0x1057 ./Drivers/STM32L4xx_HAL_Driver/stm32l4xx_hal_rcc.o
 .debug_line    0x0000676c     0x1525 ./Drivers/STM32L4xx_HAL_Driver/stm32l4xx_hal_rcc_ex.o
 .debug_line    0x00007c91     0x2d35 ./Drivers/STM32L4xx_HAL_Driver/stm32l4xx_hal_uart.o
 .debug_line    0x0000a9c6      0x89d ./Drivers/tmc/ic/TMC9660/TMC9660.o

.debug_str      0x00000000    0xe9f84
 .debug_str     0x00000000    0xe9f84 ./Application/User/Core/main.o
                              0xe70bd (size before relaxing)
 .debug_str     0x000e9f84        0x0 ./Application/User/Core/stm32l4xx_hal_msp.o
                              0xe3187 (size before relaxing)
 .debug_str     0x000e9f84        0x0 ./Application/User/Core/stm32l4xx_it.o
                              0xe28fb (size before relaxing)
 .debug_str     0x000e9f84        0x0 ./Application/User/Core/sysmem.o
                               0x7789 (size before relaxing)
 .debug_str     0x000e9f84        0x0 ./Application/User/Startup/startup_stm32l476rgtx.o
                                 0x8a (size before relaxing)
 .debug_str     0x000e9f84        0x0 ./Drivers/CMSIS/system_stm32l4xx.o
                              0xe2951 (size before relaxing)
 .debug_str     0x000e9f84        0x0 ./Drivers/STM32L4xx_HAL_Driver/stm32l4xx_hal.o
                              0xe3565 (size before relaxing)
 .debug_str     0x000e9f84        0x0 ./Drivers/STM32L4xx_HAL_Driver/stm32l4xx_hal_cortex.o
                              0xe31ca (size before relaxing)
 .debug_str     0x000e9f84        0x0 ./Drivers/STM32L4xx_HAL_Driver/stm32l4xx_hal_gpio.o
                              0xe2adc (size before relaxing)
 .debug_str     0x000e9f84        0x0 ./Drivers/STM32L4xx_HAL_Driver/stm32l4xx_hal_pwr_ex.o
                              0xe2eac (size before relaxing)
 .debug_str     0x000e9f84        0x0 ./Drivers/STM32L4xx_HAL_Driver/stm32l4xx_hal_rcc.o
                              0xe2f97 (size before relaxing)
 .debug_str     0x000e9f84        0x0 ./Drivers/STM32L4xx_HAL_Driver/stm32l4xx_hal_rcc_ex.o
                              0xe3122 (size before relaxing)
 .debug_str     0x000e9f84        0x0 ./Drivers/STM32L4xx_HAL_Driver/stm32l4xx_hal_uart.o
                              0xe36a9 (size before relaxing)
 .debug_str     0x000e9f84        0x0 ./Drivers/tmc/ic/TMC9660/TMC9660.o
                               0x4a5d (size before relaxing)

.comment        0x00000000       0x43
 .comment       0x00000000       0x43 ./Application/User/Core/main.o
                                 0x44 (size before relaxing)
 .comment       0x00000043        0x0 ./Application/User/Core/stm32l4xx_hal_msp.o
                                 0x44 (size before relaxing)
 .comment       0x00000043        0x0 ./Application/User/Core/stm32l4xx_it.o
                                 0x44 (size before relaxing)
 .comment       0x00000043        0x0 ./Application/User/Core/sysmem.o
                                 0x44 (size before relaxing)
 .comment       0x00000043        0x0 ./Drivers/CMSIS/system_stm32l4xx.o
                                 0x44 (size before relaxing)
 .comment       0x00000043        0x0 ./Drivers/STM32L4xx_HAL_Driver/stm32l4xx_hal.o
                                 0x44 (size before relaxing)
 .comment       0x00000043        0x0 ./Drivers/STM32L4xx_HAL_Driver/stm32l4xx_hal_cortex.o
                                 0x44 (size before relaxing)
 .comment       0x00000043        0x0 ./Drivers/STM32L4xx_HAL_Driver/stm32l4xx_hal_gpio.o
                                 0x44 (size before relaxing)
 .comment       0x00000043        0x0 ./Drivers/STM32L4xx_HAL_Driver/stm32l4xx_hal_pwr_ex.o
                                 0x44 (size before relaxing)
 .comment       0x00000043        0x0 ./Drivers/STM32L4xx_HAL_Driver/stm32l4xx_hal_rcc.o
                                 0x44 (size before relaxing)
 .comment       0x00000043        0x0 ./Drivers/STM32L4xx_HAL_Driver/stm32l4xx_hal_rcc_ex.o
                                 0x44 (size before relaxing)
 .comment       0x00000043        0x0 ./Drivers/STM32L4xx_HAL_Driver/stm32l4xx_hal_uart.o
                                 0x44 (size before relaxing)
 .comment       0x00000043        0x0 ./Drivers/tmc/ic/TMC9660/TMC9660.o
                                 0x44 (size before relaxing)

.debug_frame    0x00000000     0x2bc8
 .debug_frame   0x00000000      0x194 ./Application/User/Core/main.o
 .debug_frame   0x00000194       0x84 ./Application/User/Core/stm32l4xx_hal_msp.o
 .debug_frame   0x00000218      0x104 ./Application/User/Core/stm32l4xx_it.o
 .debug_frame   0x0000031c       0x34 ./Application/User/Core/sysmem.o
 .debug_frame   0x00000350       0x58 ./Drivers/CMSIS/system_stm32l4xx.o
 .debug_frame   0x000003a8      0x498 ./Drivers/STM32L4xx_HAL_Driver/stm32l4xx_hal.o
 .debug_frame   0x00000840      0x4e8 ./Drivers/STM32L4xx_HAL_Driver/stm32l4xx_hal_cortex.o
 .debug_frame   0x00000d28      0x14c ./Drivers/STM32L4xx_HAL_Driver/stm32l4xx_hal_gpio.o
 .debug_frame   0x00000e74      0x584 ./Drivers/STM32L4xx_HAL_Driver/stm32l4xx_hal_pwr_ex.o
 .debug_frame   0x000013f8      0x21c ./Drivers/STM32L4xx_HAL_Driver/stm32l4xx_hal_rcc.o
 .debug_frame   0x00001614      0x2fc ./Drivers/STM32L4xx_HAL_Driver/stm32l4xx_hal_rcc_ex.o
 .debug_frame   0x00001910      0x9f4 ./Drivers/STM32L4xx_HAL_Driver/stm32l4xx_hal_uart.o
 .debug_frame   0x00002304      0x300 ./Drivers/tmc/ic/TMC9660/TMC9660.o
 .debug_frame   0x00002604      0x144 /Applications/STM32CubeIDE.app/Contents/Eclipse/plugins/com.st.stm32cube.ide.mcu.externaltools.gnu-tools-for-stm32.13.3.rel1.macos64_1.0.100.202509120712/tools/bin/../lib/gcc/arm-none-eabi/13.3.1/../../../../arm-none-eabi/lib/thumb/v7e-m+fp/hard/libc_nano.a(libc_a-findfp.o)
 .debug_frame   0x00002748       0x4c /Applications/STM32CubeIDE.app/Contents/Eclipse/plugins/com.st.stm32cube.ide.mcu.externaltools.gnu-tools-for-stm32.13.3.rel1.macos64_1.0.100.202509120712/tools/bin/../lib/gcc/arm-none-eabi/13.3.1/../../../../arm-none-eabi/lib/thumb/v7e-m+fp/hard/libc_nano.a(libc_a-vsnprintf.o)
 .debug_frame   0x00002794       0x20 /Applications/STM32CubeIDE.app/Contents/Eclipse/plugins/com.st.stm32cube.ide.mcu.externaltools.gnu-tools-for-stm32.13.3.rel1.macos64_1.0.100.202509120712/tools/bin/../lib/gcc/arm-none-eabi/13.3.1/../../../../arm-none-eabi/lib/thumb/v7e-m+fp/hard/libc_nano.a(libc_a-memset.o)
 .debug_frame   0x000027b4       0x20 /Applications/STM32CubeIDE.app/Contents/Eclipse/plugins/com.st.stm32cube.ide.mcu.externaltools.gnu-tools-for-stm32.13.3.rel1.macos64_1.0.100.202509120712/tools/bin/../lib/gcc/arm-none-eabi/13.3.1/../../../../arm-none-eabi/lib/thumb/v7e-m+fp/hard/libc_nano.a(libc_a-errno.o)
 .debug_frame   0x000027d4       0x2c /Applications/STM32CubeIDE.app/Contents/Eclipse/plugins/com.st.stm32cube.ide.mcu.externaltools.gnu-tools-for-stm32.13.3.rel1.macos64_1.0.100.202509120712/tools/bin/../lib/gcc/arm-none-eabi/13.3.1/../../../../arm-none-eabi/lib/thumb/v7e-m+fp/hard/libc_nano.a(libc_a-init.o)
 .debug_frame   0x00002800       0xb0 /Applications/STM32CubeIDE.app/Contents/Eclipse/plugins/com.st.stm32cube.ide.mcu.externaltools.gnu-tools-for-stm32.13.3.rel1.macos64_1.0.100.202509120712/tools/bin/../lib/gcc/arm-none-eabi/13.3.1/../../../../arm-none-eabi/lib/thumb/v7e-m+fp/hard/libc_nano.a(libc_a-lock.o)
 .debug_frame   0x000028b0       0x90 /Applications/STM32CubeIDE.app/Contents/Eclipse/plugins/com.st.stm32cube.ide.mcu.externaltools.gnu-tools-for-stm32.13.3.rel1.macos64_1.0.100.202509120712/tools/bin/../lib/gcc/arm-none-eabi/13.3.1/../../../../arm-none-eabi/lib/thumb/v7e-m+fp/hard/libc_nano.a(libc_a-nano-svfprintf.o)
 .debug_frame   0x00002940       0x50 /Applications/STM32CubeIDE.app/Contents/Eclipse/plugins/com.st.stm32cube.ide.mcu.externaltools.gnu-tools-for-stm32.13.3.rel1.macos64_1.0.100.202509120712/tools/bin/../lib/gcc/arm-none-eabi/13.3.1/../../../../arm-none-eabi/lib/thumb/v7e-m+fp/hard/libc_nano.a(libc_a-mallocr.o)
 .debug_frame   0x00002990       0x60 /Applications/STM32CubeIDE.app/Contents/Eclipse/plugins/com.st.stm32cube.ide.mcu.externaltools.gnu-tools-for-stm32.13.3.rel1.macos64_1.0.100.202509120712/tools/bin/../lib/gcc/arm-none-eabi/13.3.1/../../../../arm-none-eabi/lib/thumb/v7e-m+fp/hard/libc_nano.a(libc_a-nano-vfprintf_i.o)
 .debug_frame   0x000029f0       0x30 /Applications/STM32CubeIDE.app/Contents/Eclipse/plugins/com.st.stm32cube.ide.mcu.externaltools.gnu-tools-for-stm32.13.3.rel1.macos64_1.0.100.202509120712/tools/bin/../lib/gcc/arm-none-eabi/13.3.1/../../../../arm-none-eabi/lib/thumb/v7e-m+fp/hard/libc_nano.a(libc_a-mlock.o)
 .debug_frame   0x00002a20       0x3c /Applications/STM32CubeIDE.app/Contents/Eclipse/plugins/com.st.stm32cube.ide.mcu.externaltools.gnu-tools-for-stm32.13.3.rel1.macos64_1.0.100.202509120712/tools/bin/../lib/gcc/arm-none-eabi/13.3.1/../../../../arm-none-eabi/lib/thumb/v7e-m+fp/hard/libc_nano.a(libc_a-reallocr.o)
 .debug_frame   0x00002a5c       0x28 /Applications/STM32CubeIDE.app/Contents/Eclipse/plugins/com.st.stm32cube.ide.mcu.externaltools.gnu-tools-for-stm32.13.3.rel1.macos64_1.0.100.202509120712/tools/bin/../lib/gcc/arm-none-eabi/13.3.1/../../../../arm-none-eabi/lib/thumb/v7e-m+fp/hard/libc_nano.a(libc_a-memmove.o)
 .debug_frame   0x00002a84       0x2c /Applications/STM32CubeIDE.app/Contents/Eclipse/plugins/com.st.stm32cube.ide.mcu.externaltools.gnu-tools-for-stm32.13.3.rel1.macos64_1.0.100.202509120712/tools/bin/../lib/gcc/arm-none-eabi/13.3.1/../../../../arm-none-eabi/lib/thumb/v7e-m+fp/hard/libc_nano.a(libc_a-sbrkr.o)
 .debug_frame   0x00002ab0       0x38 /Applications/STM32CubeIDE.app/Contents/Eclipse/plugins/com.st.stm32cube.ide.mcu.externaltools.gnu-tools-for-stm32.13.3.rel1.macos64_1.0.100.202509120712/tools/bin/../lib/gcc/arm-none-eabi/13.3.1/../../../../arm-none-eabi/lib/thumb/v7e-m+fp/hard/libc_nano.a(libc_a-reent.o)
 .debug_frame   0x00002ae8       0x28 /Applications/STM32CubeIDE.app/Contents/Eclipse/plugins/com.st.stm32cube.ide.mcu.externaltools.gnu-tools-for-stm32.13.3.rel1.macos64_1.0.100.202509120712/tools/bin/../lib/gcc/arm-none-eabi/13.3.1/../../../../arm-none-eabi/lib/thumb/v7e-m+fp/hard/libc_nano.a(libc_a-memcpy-stub.o)
 .debug_frame   0x00002b10       0x38 /Applications/STM32CubeIDE.app/Contents/Eclipse/plugins/com.st.stm32cube.ide.mcu.externaltools.gnu-tools-for-stm32.13.3.rel1.macos64_1.0.100.202509120712/tools/bin/../lib/gcc/arm-none-eabi/13.3.1/../../../../arm-none-eabi/lib/thumb/v7e-m+fp/hard/libc_nano.a(libc_a-freer.o)
 .debug_frame   0x00002b48       0x20 /Applications/STM32CubeIDE.app/Contents/Eclipse/plugins/com.st.stm32cube.ide.mcu.externaltools.gnu-tools-for-stm32.13.3.rel1.macos64_1.0.100.202509120712/tools/bin/../lib/gcc/arm-none-eabi/13.3.1/../../../../arm-none-eabi/lib/thumb/v7e-m+fp/hard/libc_nano.a(libc_a-msizer.o)
 .debug_frame   0x00002b68       0x2c /Applications/STM32CubeIDE.app/Contents/Eclipse/plugins/com.st.stm32cube.ide.mcu.externaltools.gnu-tools-for-stm32.13.3.rel1.macos64_1.0.100.202509120712/tools/bin/../lib/gcc/arm-none-eabi/13.3.1/thumb/v7e-m+fp/hard/libgcc.a(_aeabi_uldivmod.o)
 .debug_frame   0x00002b94       0x34 /Applications/STM32CubeIDE.app/Contents/Eclipse/plugins/com.st.stm32cube.ide.mcu.externaltools.gnu-tools-for-stm32.13.3.rel1.macos64_1.0.100.202509120712/tools/bin/../lib/gcc/arm-none-eabi/13.3.1/thumb/v7e-m+fp/hard/libgcc.a(_udivmoddi4.o)

.debug_line_str
                0x00000000       0x6e
 .debug_line_str
                0x00000000       0x6e ./Application/User/Startup/startup_stm32l476rgtx.o
