../Drivers/tmc/ic/TMC9660/TMC9660_BL_HW_Abstraction.h:37:24:field_update32	16	static
../Drivers/tmc/ic/TMC9660/TMC9660_BL_HW_Abstraction.h:69:24:field_update16	24	static
../Core/Src/main.c:71:10:tmc_getMicrosecondTimestamp	8	static
../Core/Src/main.c:79:16:tmc9660_getBusType	16	static
../Core/Src/main.c:85:21:tmc9660_getBusAddresses	24	static
../Core/Src/main.c:94:6:tmc9660_readWriteUART	32	static
../Core/Src/main.c:136:6:UART_Printf	144	static
../Core/Src/main.c:145:6:Test_TMC9660_Status	24	static
../Core/Src/main.c:185:6:ERR_Handler	16	static
../Core/Src/main.c:190:6:tmc9660_app_GotoBootMode	24	static
../Core/Src/main.c:220:24:tmc9660_app_volt100mVtoMV	16	static
../Core/Src/main.c:225:13:verifyMotorVoltage	24	static
../Core/Src/main.c:243:13:setupMotorType	16	static
../Core/Src/main.c:250:13:setupPolePairs	16	static
../Core/Src/main.c:257:13:setupCommutationMode	16	static
../Core/Src/main.c:268:6:tmc9660_app_setupQBL5704BLDCHallFeedbackTest	24	static
../Core/Src/main.c:313:6:tmc9660_app_alignQBL5704HallOffset	24	static
../Core/Src/main.c:352:6:tmc9660_app_runQBL5704BLDCHallFeedbackTest	24	static
../Core/Src/main.c:384:5:main	496	static
../Core/Src/main.c:795:6:SystemClock_Config	96	static
../Core/Src/main.c:847:13:MX_USART1_UART_Init	8	static
../Core/Src/main.c:882:13:MX_GPIO_Init	40	static
../Core/Src/main.c:999:6:Error_Handler	4	static,ignoring_inline_asm
