../Drivers/tmc/ic/TMC9660/TMC9660_BL_HW_Abstraction.h:37:24:field_update32	1
../Drivers/tmc/ic/TMC9660/TMC9660_BL_HW_Abstraction.h:69:24:field_update16	1
../Core/Src/main.c:71:10:tmc_getMicrosecondTimestamp	1
../Core/Src/main.c:79:16:tmc9660_getBusType	1
../Core/Src/main.c:85:21:tmc9660_getBusAddresses	1
../Core/Src/main.c:94:6:tmc9660_readWriteUART	7
../Core/Src/main.c:137:6:UART_Printf	2
../Core/Src/main.c:146:6:Test_TMC9660_Status	14
../Core/Src/main.c:186:6:ERR_Handler	1
../Core/Src/main.c:191:6:tmc9660_app_GotoBootMode	2
../Core/Src/main.c:221:24:tmc9660_app_volt100mVtoMV	1
../Core/Src/main.c:226:13:verifyMotorVoltage	2
../Core/Src/main.c:244:13:setupMotorType	1
../Core/Src/main.c:251:13:setupPolePairs	1
../Core/Src/main.c:258:13:setupCommutationMode	1
../Core/Src/main.c:269:6:tmc9660_app_setupQBL5704BLDCHallFeedbackTest	5
../Core/Src/main.c:314:6:tmc9660_app_alignQBL5704HallOffset	1
../Core/Src/main.c:353:6:tmc9660_app_runQBL5704BLDCHallFeedbackTest	2
../Core/Src/main.c:385:5:main	42
../Core/Src/main.c:800:6:SystemClock_Config	4
../Core/Src/main.c:852:13:MX_USART1_UART_Init	2
../Core/Src/main.c:887:13:MX_GPIO_Init	1
../Core/Src/main.c:1004:6:Error_Handler	1
