../Drivers/tmc/ic/TMC9660/TMC9660.c:9:6:tmc_delayMicroseconds	24	static
../Drivers/tmc/ic/TMC9660/TMC9660.c:60:9:tmc9660_bl_sendCommand	32	static
../Drivers/tmc/ic/TMC9660/TMC9660.c:76:16:tmc9660_bl_sendCommand_UART	40	static
../Drivers/tmc/ic/TMC9660/TMC9660.c:105:16:CRC8	24	static
../Drivers/tmc/ic/TMC9660/TMC9660.c:125:9:tmc9660_param_sendCommand	40	static
../Drivers/tmc/ic/TMC9660/TMC9660.c:141:9:tmc9660_param_getVersionASCII	24	static
../Drivers/tmc/ic/TMC9660/TMC9660.c:157:9:tmc9660_param_returnToBootloader	24	static
../Drivers/tmc/ic/TMC9660/TMC9660.c:173:13:sendRequestUART	32	static
../Drivers/tmc/ic/TMC9660/TMC9660.c:190:16:tmc9660_param_sendCommand_UART	56	static
../Drivers/tmc/ic/TMC9660/TMC9660.c:216:16:tmc9660_param_getVersionASCII_UART	48	static
../Drivers/tmc/ic/TMC9660/TMC9660.c:236:16:tmc9660_param_returnToBootloader_UART	48	static
../Drivers/tmc/ic/TMC9660/TMC9660.c:247:9:tmc9660_reg_sendCommand	40	static
../Drivers/tmc/ic/TMC9660/TMC9660.c:263:9:tmc9660_reg_getVersionASCII	16	static
../Drivers/tmc/ic/TMC9660/TMC9660.c:270:9:tmc9660_reg_returnToBootloader	16	static
../Drivers/tmc/ic/TMC9660/TMC9660.c:277:16:tmc9660_reg_sendCommand_UART	40	static
../Drivers/tmc/ic/TMC9660/TMC9660.c:313:16:calcParamChecksum	24	static
../Drivers/tmc/ic/TMC9660/TMC9660.c:327:10:tmc9660_param_getParameter	32	static
../Drivers/tmc/ic/TMC9660/TMC9660.c:336:6:tmc9660_param_setParameter	32	static
../Drivers/tmc/ic/TMC9660/TMC9660.c:343:10:tmc9660_param_getGlobalParameter	32	static
../Drivers/tmc/ic/TMC9660/TMC9660.c:352:6:tmc9660_param_setGlobalParameter	32	static
